Archive member included to satisfy reference by file (symbol)

c:/program files (x86)/arm gnu toolchain arm-none-eabi/12.2 rel1/bin/../lib/gcc/arm-none-eabi/12.2.1/thumb/v7e-m+fp/hard\libc_nano.a(libc_a-printf.o)
                              C:\Users\Alex\AppData\Local\Temp\ccqEp1Bl.o (printf)
c:/program files (x86)/arm gnu toolchain arm-none-eabi/12.2 rel1/bin/../lib/gcc/arm-none-eabi/12.2.1/thumb/v7e-m+fp/hard\libc_nano.a(libc_a-memset.o)
                              C:\Users\Alex\AppData\Local\Temp\ccAVy73z.o (memset)
c:/program files (x86)/arm gnu toolchain arm-none-eabi/12.2 rel1/bin/../lib/gcc/arm-none-eabi/12.2.1/thumb/v7e-m+fp/hard\libc_nano.a(libc_a-impure.o)
                              c:/program files (x86)/arm gnu toolchain arm-none-eabi/12.2 rel1/bin/../lib/gcc/arm-none-eabi/12.2.1/thumb/v7e-m+fp/hard\libc_nano.a(libc_a-printf.o) (_impure_ptr)
c:/program files (x86)/arm gnu toolchain arm-none-eabi/12.2 rel1/bin/../lib/gcc/arm-none-eabi/12.2.1/thumb/v7e-m+fp/hard\libc_nano.a(libc_a-memcpy-stub.o)
                              C:\Users\Alex\AppData\Local\Temp\ccAVy73z.o (memcpy)
c:/program files (x86)/arm gnu toolchain arm-none-eabi/12.2 rel1/bin/../lib/gcc/arm-none-eabi/12.2.1/thumb/v7e-m+fp/hard\libc_nano.a(libc_a-nano-vfprintf.o)
                              c:/program files (x86)/arm gnu toolchain arm-none-eabi/12.2 rel1/bin/../lib/gcc/arm-none-eabi/12.2.1/thumb/v7e-m+fp/hard\libc_nano.a(libc_a-printf.o) (_vfprintf_r)
c:/program files (x86)/arm gnu toolchain arm-none-eabi/12.2 rel1/bin/../lib/gcc/arm-none-eabi/12.2.1/thumb/v7e-m+fp/hard\libc_nano.a(libc_a-nano-vfprintf_i.o)
                              c:/program files (x86)/arm gnu toolchain arm-none-eabi/12.2 rel1/bin/../lib/gcc/arm-none-eabi/12.2.1/thumb/v7e-m+fp/hard\libc_nano.a(libc_a-nano-vfprintf.o) (_printf_i)
c:/program files (x86)/arm gnu toolchain arm-none-eabi/12.2 rel1/bin/../lib/gcc/arm-none-eabi/12.2.1/thumb/v7e-m+fp/hard\libc_nano.a(libc_a-findfp.o)
                              c:/program files (x86)/arm gnu toolchain arm-none-eabi/12.2 rel1/bin/../lib/gcc/arm-none-eabi/12.2.1/thumb/v7e-m+fp/hard\libc_nano.a(libc_a-nano-vfprintf.o) (__sinit)
c:/program files (x86)/arm gnu toolchain arm-none-eabi/12.2 rel1/bin/../lib/gcc/arm-none-eabi/12.2.1/thumb/v7e-m+fp/hard\libc_nano.a(libc_a-fvwrite.o)
                              c:/program files (x86)/arm gnu toolchain arm-none-eabi/12.2 rel1/bin/../lib/gcc/arm-none-eabi/12.2.1/thumb/v7e-m+fp/hard\libc_nano.a(libc_a-nano-vfprintf.o) (__sfvwrite_r)
c:/program files (x86)/arm gnu toolchain arm-none-eabi/12.2 rel1/bin/../lib/gcc/arm-none-eabi/12.2.1/thumb/v7e-m+fp/hard\libc_nano.a(libc_a-fwalk.o)
                              c:/program files (x86)/arm gnu toolchain arm-none-eabi/12.2 rel1/bin/../lib/gcc/arm-none-eabi/12.2.1/thumb/v7e-m+fp/hard\libc_nano.a(libc_a-findfp.o) (_fwalk_sglue)
c:/program files (x86)/arm gnu toolchain arm-none-eabi/12.2 rel1/bin/../lib/gcc/arm-none-eabi/12.2.1/thumb/v7e-m+fp/hard\libc_nano.a(libc_a-stdio.o)
                              c:/program files (x86)/arm gnu toolchain arm-none-eabi/12.2 rel1/bin/../lib/gcc/arm-none-eabi/12.2.1/thumb/v7e-m+fp/hard\libc_nano.a(libc_a-findfp.o) (__sread)
c:/program files (x86)/arm gnu toolchain arm-none-eabi/12.2 rel1/bin/../lib/gcc/arm-none-eabi/12.2.1/thumb/v7e-m+fp/hard\libc_nano.a(libc_a-wbuf.o)
                              c:/program files (x86)/arm gnu toolchain arm-none-eabi/12.2 rel1/bin/../lib/gcc/arm-none-eabi/12.2.1/thumb/v7e-m+fp/hard\libc_nano.a(libc_a-nano-vfprintf.o) (__swbuf_r)
c:/program files (x86)/arm gnu toolchain arm-none-eabi/12.2 rel1/bin/../lib/gcc/arm-none-eabi/12.2.1/thumb/v7e-m+fp/hard\libc_nano.a(libc_a-wsetup.o)
                              c:/program files (x86)/arm gnu toolchain arm-none-eabi/12.2 rel1/bin/../lib/gcc/arm-none-eabi/12.2.1/thumb/v7e-m+fp/hard\libc_nano.a(libc_a-nano-vfprintf.o) (__swsetup_r)
c:/program files (x86)/arm gnu toolchain arm-none-eabi/12.2 rel1/bin/../lib/gcc/arm-none-eabi/12.2.1/thumb/v7e-m+fp/hard\libc_nano.a(libc_a-memmove.o)
                              c:/program files (x86)/arm gnu toolchain arm-none-eabi/12.2 rel1/bin/../lib/gcc/arm-none-eabi/12.2.1/thumb/v7e-m+fp/hard\libc_nano.a(libc_a-fvwrite.o) (memmove)
c:/program files (x86)/arm gnu toolchain arm-none-eabi/12.2 rel1/bin/../lib/gcc/arm-none-eabi/12.2.1/thumb/v7e-m+fp/hard\libc_nano.a(libc_a-closer.o)
                              c:/program files (x86)/arm gnu toolchain arm-none-eabi/12.2 rel1/bin/../lib/gcc/arm-none-eabi/12.2.1/thumb/v7e-m+fp/hard\libc_nano.a(libc_a-stdio.o) (_close_r)
c:/program files (x86)/arm gnu toolchain arm-none-eabi/12.2 rel1/bin/../lib/gcc/arm-none-eabi/12.2.1/thumb/v7e-m+fp/hard\libc_nano.a(libc_a-reent.o)
                              c:/program files (x86)/arm gnu toolchain arm-none-eabi/12.2 rel1/bin/../lib/gcc/arm-none-eabi/12.2.1/thumb/v7e-m+fp/hard\libc_nano.a(libc_a-closer.o) (errno)
c:/program files (x86)/arm gnu toolchain arm-none-eabi/12.2 rel1/bin/../lib/gcc/arm-none-eabi/12.2.1/thumb/v7e-m+fp/hard\libc_nano.a(libc_a-lseekr.o)
                              c:/program files (x86)/arm gnu toolchain arm-none-eabi/12.2 rel1/bin/../lib/gcc/arm-none-eabi/12.2.1/thumb/v7e-m+fp/hard\libc_nano.a(libc_a-stdio.o) (_lseek_r)
c:/program files (x86)/arm gnu toolchain arm-none-eabi/12.2 rel1/bin/../lib/gcc/arm-none-eabi/12.2.1/thumb/v7e-m+fp/hard\libc_nano.a(libc_a-readr.o)
                              c:/program files (x86)/arm gnu toolchain arm-none-eabi/12.2 rel1/bin/../lib/gcc/arm-none-eabi/12.2.1/thumb/v7e-m+fp/hard\libc_nano.a(libc_a-stdio.o) (_read_r)
c:/program files (x86)/arm gnu toolchain arm-none-eabi/12.2 rel1/bin/../lib/gcc/arm-none-eabi/12.2.1/thumb/v7e-m+fp/hard\libc_nano.a(libc_a-writer.o)
                              c:/program files (x86)/arm gnu toolchain arm-none-eabi/12.2 rel1/bin/../lib/gcc/arm-none-eabi/12.2.1/thumb/v7e-m+fp/hard\libc_nano.a(libc_a-stdio.o) (_write_r)
c:/program files (x86)/arm gnu toolchain arm-none-eabi/12.2 rel1/bin/../lib/gcc/arm-none-eabi/12.2.1/thumb/v7e-m+fp/hard\libc_nano.a(libc_a-lock.o)
                              c:/program files (x86)/arm gnu toolchain arm-none-eabi/12.2 rel1/bin/../lib/gcc/arm-none-eabi/12.2.1/thumb/v7e-m+fp/hard\libc_nano.a(libc_a-findfp.o) (__retarget_lock_init_recursive)
c:/program files (x86)/arm gnu toolchain arm-none-eabi/12.2 rel1/bin/../lib/gcc/arm-none-eabi/12.2.1/thumb/v7e-m+fp/hard\libc_nano.a(libc_a-memchr.o)
                              c:/program files (x86)/arm gnu toolchain arm-none-eabi/12.2 rel1/bin/../lib/gcc/arm-none-eabi/12.2.1/thumb/v7e-m+fp/hard\libc_nano.a(libc_a-nano-vfprintf.o) (memchr)
c:/program files (x86)/arm gnu toolchain arm-none-eabi/12.2 rel1/bin/../lib/gcc/arm-none-eabi/12.2.1/thumb/v7e-m+fp/hard\libc_nano.a(libc_a-freer.o)
                              c:/program files (x86)/arm gnu toolchain arm-none-eabi/12.2 rel1/bin/../lib/gcc/arm-none-eabi/12.2.1/thumb/v7e-m+fp/hard\libc_nano.a(libc_a-fvwrite.o) (_free_r)
c:/program files (x86)/arm gnu toolchain arm-none-eabi/12.2 rel1/bin/../lib/gcc/arm-none-eabi/12.2.1/thumb/v7e-m+fp/hard\libc_nano.a(libc_a-mallocr.o)
                              c:/program files (x86)/arm gnu toolchain arm-none-eabi/12.2 rel1/bin/../lib/gcc/arm-none-eabi/12.2.1/thumb/v7e-m+fp/hard\libc_nano.a(libc_a-findfp.o) (_malloc_r)
c:/program files (x86)/arm gnu toolchain arm-none-eabi/12.2 rel1/bin/../lib/gcc/arm-none-eabi/12.2.1/thumb/v7e-m+fp/hard\libc_nano.a(libc_a-mlock.o)
                              c:/program files (x86)/arm gnu toolchain arm-none-eabi/12.2 rel1/bin/../lib/gcc/arm-none-eabi/12.2.1/thumb/v7e-m+fp/hard\libc_nano.a(libc_a-freer.o) (__malloc_lock)
c:/program files (x86)/arm gnu toolchain arm-none-eabi/12.2 rel1/bin/../lib/gcc/arm-none-eabi/12.2.1/thumb/v7e-m+fp/hard\libc_nano.a(libc_a-reallocr.o)
                              c:/program files (x86)/arm gnu toolchain arm-none-eabi/12.2 rel1/bin/../lib/gcc/arm-none-eabi/12.2.1/thumb/v7e-m+fp/hard\libc_nano.a(libc_a-fvwrite.o) (_realloc_r)
c:/program files (x86)/arm gnu toolchain arm-none-eabi/12.2 rel1/bin/../lib/gcc/arm-none-eabi/12.2.1/thumb/v7e-m+fp/hard\libc_nano.a(libc_a-fflush.o)
                              c:/program files (x86)/arm gnu toolchain arm-none-eabi/12.2 rel1/bin/../lib/gcc/arm-none-eabi/12.2.1/thumb/v7e-m+fp/hard\libc_nano.a(libc_a-findfp.o) (_fflush_r)
c:/program files (x86)/arm gnu toolchain arm-none-eabi/12.2 rel1/bin/../lib/gcc/arm-none-eabi/12.2.1/thumb/v7e-m+fp/hard\libc_nano.a(libc_a-makebuf.o)
                              c:/program files (x86)/arm gnu toolchain arm-none-eabi/12.2 rel1/bin/../lib/gcc/arm-none-eabi/12.2.1/thumb/v7e-m+fp/hard\libc_nano.a(libc_a-wsetup.o) (__smakebuf_r)
c:/program files (x86)/arm gnu toolchain arm-none-eabi/12.2 rel1/bin/../lib/gcc/arm-none-eabi/12.2.1/thumb/v7e-m+fp/hard\libc_nano.a(libc_a-fstatr.o)
                              c:/program files (x86)/arm gnu toolchain arm-none-eabi/12.2 rel1/bin/../lib/gcc/arm-none-eabi/12.2.1/thumb/v7e-m+fp/hard\libc_nano.a(libc_a-makebuf.o) (_fstat_r)
c:/program files (x86)/arm gnu toolchain arm-none-eabi/12.2 rel1/bin/../lib/gcc/arm-none-eabi/12.2.1/thumb/v7e-m+fp/hard\libc_nano.a(libc_a-isattyr.o)
                              c:/program files (x86)/arm gnu toolchain arm-none-eabi/12.2 rel1/bin/../lib/gcc/arm-none-eabi/12.2.1/thumb/v7e-m+fp/hard\libc_nano.a(libc_a-makebuf.o) (_isatty_r)
c:/program files (x86)/arm gnu toolchain arm-none-eabi/12.2 rel1/bin/../lib/gcc/arm-none-eabi/12.2.1/thumb/v7e-m+fp/hard\libc_nano.a(libc_a-sbrkr.o)
                              c:/program files (x86)/arm gnu toolchain arm-none-eabi/12.2 rel1/bin/../lib/gcc/arm-none-eabi/12.2.1/thumb/v7e-m+fp/hard\libc_nano.a(libc_a-mallocr.o) (_sbrk_r)
c:/program files (x86)/arm gnu toolchain arm-none-eabi/12.2 rel1/bin/../lib/gcc/arm-none-eabi/12.2.1/thumb/v7e-m+fp/hard\libc_nano.a(libc_a-msizer.o)
                              c:/program files (x86)/arm gnu toolchain arm-none-eabi/12.2 rel1/bin/../lib/gcc/arm-none-eabi/12.2.1/thumb/v7e-m+fp/hard\libc_nano.a(libc_a-reallocr.o) (_malloc_usable_size_r)

Discarded input sections

 .group         0x00000000        0xc C:\Users\Alex\AppData\Local\Temp\ccqEp1Bl.o
 .group         0x00000000        0xc C:\Users\Alex\AppData\Local\Temp\ccqEp1Bl.o
 .group         0x00000000        0xc C:\Users\Alex\AppData\Local\Temp\ccqEp1Bl.o
 .group         0x00000000        0xc C:\Users\Alex\AppData\Local\Temp\ccqEp1Bl.o
 .group         0x00000000        0xc C:\Users\Alex\AppData\Local\Temp\ccqEp1Bl.o
 .group         0x00000000        0xc C:\Users\Alex\AppData\Local\Temp\ccqEp1Bl.o
 .group         0x00000000        0xc C:\Users\Alex\AppData\Local\Temp\ccqEp1Bl.o
 .group         0x00000000        0xc C:\Users\Alex\AppData\Local\Temp\ccqEp1Bl.o
 .group         0x00000000        0xc C:\Users\Alex\AppData\Local\Temp\ccqEp1Bl.o
 .group         0x00000000        0xc C:\Users\Alex\AppData\Local\Temp\ccqEp1Bl.o
 .group         0x00000000        0xc C:\Users\Alex\AppData\Local\Temp\ccqEp1Bl.o
 .group         0x00000000        0xc C:\Users\Alex\AppData\Local\Temp\ccqEp1Bl.o
 .group         0x00000000        0xc C:\Users\Alex\AppData\Local\Temp\ccqEp1Bl.o
 .group         0x00000000        0xc C:\Users\Alex\AppData\Local\Temp\ccqEp1Bl.o
 .group         0x00000000        0xc C:\Users\Alex\AppData\Local\Temp\ccqEp1Bl.o
 .group         0x00000000        0xc C:\Users\Alex\AppData\Local\Temp\ccqEp1Bl.o
 .group         0x00000000        0xc C:\Users\Alex\AppData\Local\Temp\ccqEp1Bl.o
 .group         0x00000000        0xc C:\Users\Alex\AppData\Local\Temp\ccqEp1Bl.o
 .group         0x00000000        0xc C:\Users\Alex\AppData\Local\Temp\ccqEp1Bl.o
 .group         0x00000000        0xc C:\Users\Alex\AppData\Local\Temp\ccqEp1Bl.o
 .group         0x00000000        0xc C:\Users\Alex\AppData\Local\Temp\ccqEp1Bl.o
 .group         0x00000000        0xc C:\Users\Alex\AppData\Local\Temp\ccqEp1Bl.o
 .group         0x00000000        0xc C:\Users\Alex\AppData\Local\Temp\ccqEp1Bl.o
 .group         0x00000000        0xc C:\Users\Alex\AppData\Local\Temp\ccqEp1Bl.o
 .group         0x00000000        0xc C:\Users\Alex\AppData\Local\Temp\ccqEp1Bl.o
 .group         0x00000000        0xc C:\Users\Alex\AppData\Local\Temp\ccqEp1Bl.o
 .group         0x00000000        0xc C:\Users\Alex\AppData\Local\Temp\ccqEp1Bl.o
 .group         0x00000000        0xc C:\Users\Alex\AppData\Local\Temp\ccqEp1Bl.o
 .group         0x00000000        0xc C:\Users\Alex\AppData\Local\Temp\ccqEp1Bl.o
 .group         0x00000000        0xc C:\Users\Alex\AppData\Local\Temp\ccqEp1Bl.o
 .group         0x00000000        0xc C:\Users\Alex\AppData\Local\Temp\ccqEp1Bl.o
 .group         0x00000000        0xc C:\Users\Alex\AppData\Local\Temp\ccqEp1Bl.o
 .group         0x00000000        0xc C:\Users\Alex\AppData\Local\Temp\ccqEp1Bl.o
 .group         0x00000000        0xc C:\Users\Alex\AppData\Local\Temp\ccqEp1Bl.o
 .group         0x00000000        0xc C:\Users\Alex\AppData\Local\Temp\ccqEp1Bl.o
 .group         0x00000000        0xc C:\Users\Alex\AppData\Local\Temp\ccqEp1Bl.o
 .group         0x00000000        0xc C:\Users\Alex\AppData\Local\Temp\ccqEp1Bl.o
 .group         0x00000000        0xc C:\Users\Alex\AppData\Local\Temp\ccqEp1Bl.o
 .group         0x00000000        0xc C:\Users\Alex\AppData\Local\Temp\ccqEp1Bl.o
 .group         0x00000000        0xc C:\Users\Alex\AppData\Local\Temp\ccqEp1Bl.o
 .group         0x00000000        0xc C:\Users\Alex\AppData\Local\Temp\ccqEp1Bl.o
 .group         0x00000000        0xc C:\Users\Alex\AppData\Local\Temp\ccqEp1Bl.o
 .group         0x00000000        0xc C:\Users\Alex\AppData\Local\Temp\ccqEp1Bl.o
 .group         0x00000000        0xc C:\Users\Alex\AppData\Local\Temp\ccqEp1Bl.o
 .group         0x00000000        0xc C:\Users\Alex\AppData\Local\Temp\ccqEp1Bl.o
 .group         0x00000000        0xc C:\Users\Alex\AppData\Local\Temp\ccqEp1Bl.o
 .group         0x00000000        0xc C:\Users\Alex\AppData\Local\Temp\ccqEp1Bl.o
 .group         0x00000000        0xc C:\Users\Alex\AppData\Local\Temp\ccqEp1Bl.o
 .group         0x00000000        0xc C:\Users\Alex\AppData\Local\Temp\ccqEp1Bl.o
 .text          0x00000000        0x0 C:\Users\Alex\AppData\Local\Temp\ccqEp1Bl.o
 .data          0x00000000        0x0 C:\Users\Alex\AppData\Local\Temp\ccqEp1Bl.o
 .bss           0x00000000        0x0 C:\Users\Alex\AppData\Local\Temp\ccqEp1Bl.o
 .group         0x00000000        0xc C:\Users\Alex\AppData\Local\Temp\ccAVy73z.o
 .text          0x00000000        0x0 C:\Users\Alex\AppData\Local\Temp\ccAVy73z.o
 .data          0x00000000        0x0 C:\Users\Alex\AppData\Local\Temp\ccAVy73z.o
 .bss           0x00000000        0x0 C:\Users\Alex\AppData\Local\Temp\ccAVy73z.o
 .debug_macro   0x00000000      0xaa8 C:\Users\Alex\AppData\Local\Temp\ccAVy73z.o
 .group         0x00000000        0xc C:\Users\Alex\AppData\Local\Temp\ccq0Mu7V.o
 .group         0x00000000        0xc C:\Users\Alex\AppData\Local\Temp\ccq0Mu7V.o
 .group         0x00000000        0xc C:\Users\Alex\AppData\Local\Temp\ccq0Mu7V.o
 .group         0x00000000        0xc C:\Users\Alex\AppData\Local\Temp\ccq0Mu7V.o
 .group         0x00000000        0xc C:\Users\Alex\AppData\Local\Temp\ccq0Mu7V.o
 .group         0x00000000        0xc C:\Users\Alex\AppData\Local\Temp\ccq0Mu7V.o
 .group         0x00000000        0xc C:\Users\Alex\AppData\Local\Temp\ccq0Mu7V.o
 .group         0x00000000        0xc C:\Users\Alex\AppData\Local\Temp\ccq0Mu7V.o
 .group         0x00000000        0xc C:\Users\Alex\AppData\Local\Temp\ccq0Mu7V.o
 .group         0x00000000        0xc C:\Users\Alex\AppData\Local\Temp\ccq0Mu7V.o
 .group         0x00000000        0xc C:\Users\Alex\AppData\Local\Temp\ccq0Mu7V.o
 .group         0x00000000        0xc C:\Users\Alex\AppData\Local\Temp\ccq0Mu7V.o
 .group         0x00000000        0xc C:\Users\Alex\AppData\Local\Temp\ccq0Mu7V.o
 .group         0x00000000        0xc C:\Users\Alex\AppData\Local\Temp\ccq0Mu7V.o
 .group         0x00000000        0xc C:\Users\Alex\AppData\Local\Temp\ccq0Mu7V.o
 .group         0x00000000        0xc C:\Users\Alex\AppData\Local\Temp\ccq0Mu7V.o
 .group         0x00000000        0xc C:\Users\Alex\AppData\Local\Temp\ccq0Mu7V.o
 .group         0x00000000        0xc C:\Users\Alex\AppData\Local\Temp\ccq0Mu7V.o
 .group         0x00000000        0xc C:\Users\Alex\AppData\Local\Temp\ccq0Mu7V.o
 .group         0x00000000        0xc C:\Users\Alex\AppData\Local\Temp\ccq0Mu7V.o
 .group         0x00000000        0xc C:\Users\Alex\AppData\Local\Temp\ccq0Mu7V.o
 .group         0x00000000        0xc C:\Users\Alex\AppData\Local\Temp\ccq0Mu7V.o
 .group         0x00000000        0xc C:\Users\Alex\AppData\Local\Temp\ccq0Mu7V.o
 .group         0x00000000        0xc C:\Users\Alex\AppData\Local\Temp\ccq0Mu7V.o
 .group         0x00000000        0xc C:\Users\Alex\AppData\Local\Temp\ccq0Mu7V.o
 .group         0x00000000        0xc C:\Users\Alex\AppData\Local\Temp\ccq0Mu7V.o
 .group         0x00000000        0xc C:\Users\Alex\AppData\Local\Temp\ccq0Mu7V.o
 .group         0x00000000        0xc C:\Users\Alex\AppData\Local\Temp\ccq0Mu7V.o
 .group         0x00000000        0xc C:\Users\Alex\AppData\Local\Temp\ccq0Mu7V.o
 .group         0x00000000        0xc C:\Users\Alex\AppData\Local\Temp\ccq0Mu7V.o
 .group         0x00000000        0xc C:\Users\Alex\AppData\Local\Temp\ccq0Mu7V.o
 .group         0x00000000        0xc C:\Users\Alex\AppData\Local\Temp\ccq0Mu7V.o
 .group         0x00000000        0xc C:\Users\Alex\AppData\Local\Temp\ccq0Mu7V.o
 .group         0x00000000        0xc C:\Users\Alex\AppData\Local\Temp\ccq0Mu7V.o
 .group         0x00000000        0xc C:\Users\Alex\AppData\Local\Temp\ccq0Mu7V.o
 .group         0x00000000        0xc C:\Users\Alex\AppData\Local\Temp\ccq0Mu7V.o
 .group         0x00000000        0xc C:\Users\Alex\AppData\Local\Temp\ccq0Mu7V.o
 .group         0x00000000        0xc C:\Users\Alex\AppData\Local\Temp\ccq0Mu7V.o
 .group         0x00000000        0xc C:\Users\Alex\AppData\Local\Temp\ccq0Mu7V.o
 .group         0x00000000        0xc C:\Users\Alex\AppData\Local\Temp\ccq0Mu7V.o
 .group         0x00000000        0xc C:\Users\Alex\AppData\Local\Temp\ccq0Mu7V.o
 .group         0x00000000        0xc C:\Users\Alex\AppData\Local\Temp\ccq0Mu7V.o
 .group         0x00000000        0xc C:\Users\Alex\AppData\Local\Temp\ccq0Mu7V.o
 .group         0x00000000        0xc C:\Users\Alex\AppData\Local\Temp\ccq0Mu7V.o
 .group         0x00000000        0xc C:\Users\Alex\AppData\Local\Temp\ccq0Mu7V.o
 .group         0x00000000        0xc C:\Users\Alex\AppData\Local\Temp\ccq0Mu7V.o
 .group         0x00000000        0xc C:\Users\Alex\AppData\Local\Temp\ccq0Mu7V.o
 .text          0x00000000        0x0 C:\Users\Alex\AppData\Local\Temp\ccq0Mu7V.o
 .data          0x00000000        0x0 C:\Users\Alex\AppData\Local\Temp\ccq0Mu7V.o
 .bss           0x00000000        0x0 C:\Users\Alex\AppData\Local\Temp\ccq0Mu7V.o
 .text._open    0x00000000        0x6 C:\Users\Alex\AppData\Local\Temp\ccq0Mu7V.o
 .text._exit    0x00000000        0x4 C:\Users\Alex\AppData\Local\Temp\ccq0Mu7V.o
 .text._kill    0x00000000        0x2 C:\Users\Alex\AppData\Local\Temp\ccq0Mu7V.o
 .text._getpid  0x00000000        0x6 C:\Users\Alex\AppData\Local\Temp\ccq0Mu7V.o
 .text._link    0x00000000        0x6 C:\Users\Alex\AppData\Local\Temp\ccq0Mu7V.o
 .text._unlink  0x00000000        0x6 C:\Users\Alex\AppData\Local\Temp\ccq0Mu7V.o
 .text._stat    0x00000000        0x6 C:\Users\Alex\AppData\Local\Temp\ccq0Mu7V.o
 .text.mkdir    0x00000000        0x6 C:\Users\Alex\AppData\Local\Temp\ccq0Mu7V.o
 .debug_macro   0x00000000      0xaa8 C:\Users\Alex\AppData\Local\Temp\ccq0Mu7V.o
 .debug_macro   0x00000000       0x22 C:\Users\Alex\AppData\Local\Temp\ccq0Mu7V.o
 .debug_macro   0x00000000       0x5b C:\Users\Alex\AppData\Local\Temp\ccq0Mu7V.o
 .debug_macro   0x00000000       0x2a C:\Users\Alex\AppData\Local\Temp\ccq0Mu7V.o
 .debug_macro   0x00000000       0x94 C:\Users\Alex\AppData\Local\Temp\ccq0Mu7V.o
 .debug_macro   0x00000000       0x43 C:\Users\Alex\AppData\Local\Temp\ccq0Mu7V.o
 .debug_macro   0x00000000       0x57 C:\Users\Alex\AppData\Local\Temp\ccq0Mu7V.o
 .debug_macro   0x00000000      0x369 C:\Users\Alex\AppData\Local\Temp\ccq0Mu7V.o
 .debug_macro   0x00000000       0x16 C:\Users\Alex\AppData\Local\Temp\ccq0Mu7V.o
 .debug_macro   0x00000000       0x43 C:\Users\Alex\AppData\Local\Temp\ccq0Mu7V.o
 .debug_macro   0x00000000       0x34 C:\Users\Alex\AppData\Local\Temp\ccq0Mu7V.o
 .debug_macro   0x00000000       0x10 C:\Users\Alex\AppData\Local\Temp\ccq0Mu7V.o
 .debug_macro   0x00000000       0x58 C:\Users\Alex\AppData\Local\Temp\ccq0Mu7V.o
 .debug_macro   0x00000000       0x8e C:\Users\Alex\AppData\Local\Temp\ccq0Mu7V.o
 .debug_macro   0x00000000       0x1c C:\Users\Alex\AppData\Local\Temp\ccq0Mu7V.o
 .debug_macro   0x00000000      0x177 C:\Users\Alex\AppData\Local\Temp\ccq0Mu7V.o
 .debug_macro   0x00000000       0x35 C:\Users\Alex\AppData\Local\Temp\ccq0Mu7V.o
 .debug_macro   0x00000000       0x10 C:\Users\Alex\AppData\Local\Temp\ccq0Mu7V.o
 .debug_macro   0x00000000       0x10 C:\Users\Alex\AppData\Local\Temp\ccq0Mu7V.o
 .debug_macro   0x00000000       0x10 C:\Users\Alex\AppData\Local\Temp\ccq0Mu7V.o
 .debug_macro   0x00000000       0x6a C:\Users\Alex\AppData\Local\Temp\ccq0Mu7V.o
 .debug_macro   0x00000000       0x1c C:\Users\Alex\AppData\Local\Temp\ccq0Mu7V.o
 .debug_macro   0x00000000       0x52 C:\Users\Alex\AppData\Local\Temp\ccq0Mu7V.o
 .debug_macro   0x00000000       0x22 C:\Users\Alex\AppData\Local\Temp\ccq0Mu7V.o
 .debug_macro   0x00000000       0x10 C:\Users\Alex\AppData\Local\Temp\ccq0Mu7V.o
 .debug_macro   0x00000000       0x52 C:\Users\Alex\AppData\Local\Temp\ccq0Mu7V.o
 .debug_macro   0x00000000       0x1c C:\Users\Alex\AppData\Local\Temp\ccq0Mu7V.o
 .debug_macro   0x00000000       0x3d C:\Users\Alex\AppData\Local\Temp\ccq0Mu7V.o
 .debug_macro   0x00000000       0x35 C:\Users\Alex\AppData\Local\Temp\ccq0Mu7V.o
 .debug_macro   0x00000000      0x12c C:\Users\Alex\AppData\Local\Temp\ccq0Mu7V.o
 .debug_macro   0x00000000      0x103 C:\Users\Alex\AppData\Local\Temp\ccq0Mu7V.o
 .debug_macro   0x00000000      0x460 C:\Users\Alex\AppData\Local\Temp\ccq0Mu7V.o
 .debug_macro   0x00000000       0x22 C:\Users\Alex\AppData\Local\Temp\ccq0Mu7V.o
 .debug_macro   0x00000000       0x1c C:\Users\Alex\AppData\Local\Temp\ccq0Mu7V.o
 .debug_macro   0x00000000       0x10 C:\Users\Alex\AppData\Local\Temp\ccq0Mu7V.o
 .debug_macro   0x00000000       0x16 C:\Users\Alex\AppData\Local\Temp\ccq0Mu7V.o
 .debug_macro   0x00000000      0x146 C:\Users\Alex\AppData\Local\Temp\ccq0Mu7V.o
 .debug_macro   0x00000000       0x16 C:\Users\Alex\AppData\Local\Temp\ccq0Mu7V.o
 .debug_macro   0x00000000       0x16 C:\Users\Alex\AppData\Local\Temp\ccq0Mu7V.o
 .debug_macro   0x00000000       0x29 C:\Users\Alex\AppData\Local\Temp\ccq0Mu7V.o
 .debug_macro   0x00000000       0x52 C:\Users\Alex\AppData\Local\Temp\ccq0Mu7V.o
 .text          0x00000000        0x0 c:/program files (x86)/arm gnu toolchain arm-none-eabi/12.2 rel1/bin/../lib/gcc/arm-none-eabi/12.2.1/thumb/v7e-m+fp/hard\libc_nano.a(libc_a-printf.o)
 .data          0x00000000        0x0 c:/program files (x86)/arm gnu toolchain arm-none-eabi/12.2 rel1/bin/../lib/gcc/arm-none-eabi/12.2.1/thumb/v7e-m+fp/hard\libc_nano.a(libc_a-printf.o)
 .bss           0x00000000        0x0 c:/program files (x86)/arm gnu toolchain arm-none-eabi/12.2 rel1/bin/../lib/gcc/arm-none-eabi/12.2.1/thumb/v7e-m+fp/hard\libc_nano.a(libc_a-printf.o)
 .text._printf_r
                0x00000000       0x1c c:/program files (x86)/arm gnu toolchain arm-none-eabi/12.2 rel1/bin/../lib/gcc/arm-none-eabi/12.2.1/thumb/v7e-m+fp/hard\libc_nano.a(libc_a-printf.o)
 .text          0x00000000        0x0 c:/program files (x86)/arm gnu toolchain arm-none-eabi/12.2 rel1/bin/../lib/gcc/arm-none-eabi/12.2.1/thumb/v7e-m+fp/hard\libc_nano.a(libc_a-memset.o)
 .data          0x00000000        0x0 c:/program files (x86)/arm gnu toolchain arm-none-eabi/12.2 rel1/bin/../lib/gcc/arm-none-eabi/12.2.1/thumb/v7e-m+fp/hard\libc_nano.a(libc_a-memset.o)
 .bss           0x00000000        0x0 c:/program files (x86)/arm gnu toolchain arm-none-eabi/12.2 rel1/bin/../lib/gcc/arm-none-eabi/12.2.1/thumb/v7e-m+fp/hard\libc_nano.a(libc_a-memset.o)
 .text          0x00000000        0x0 c:/program files (x86)/arm gnu toolchain arm-none-eabi/12.2 rel1/bin/../lib/gcc/arm-none-eabi/12.2.1/thumb/v7e-m+fp/hard\libc_nano.a(libc_a-impure.o)
 .data          0x00000000        0x0 c:/program files (x86)/arm gnu toolchain arm-none-eabi/12.2 rel1/bin/../lib/gcc/arm-none-eabi/12.2.1/thumb/v7e-m+fp/hard\libc_nano.a(libc_a-impure.o)
 .bss           0x00000000        0x0 c:/program files (x86)/arm gnu toolchain arm-none-eabi/12.2 rel1/bin/../lib/gcc/arm-none-eabi/12.2.1/thumb/v7e-m+fp/hard\libc_nano.a(libc_a-impure.o)
 .text          0x00000000        0x0 c:/program files (x86)/arm gnu toolchain arm-none-eabi/12.2 rel1/bin/../lib/gcc/arm-none-eabi/12.2.1/thumb/v7e-m+fp/hard\libc_nano.a(libc_a-memcpy-stub.o)
 .data          0x00000000        0x0 c:/program files (x86)/arm gnu toolchain arm-none-eabi/12.2 rel1/bin/../lib/gcc/arm-none-eabi/12.2.1/thumb/v7e-m+fp/hard\libc_nano.a(libc_a-memcpy-stub.o)
 .bss           0x00000000        0x0 c:/program files (x86)/arm gnu toolchain arm-none-eabi/12.2 rel1/bin/../lib/gcc/arm-none-eabi/12.2.1/thumb/v7e-m+fp/hard\libc_nano.a(libc_a-memcpy-stub.o)
 .text          0x00000000        0x0 c:/program files (x86)/arm gnu toolchain arm-none-eabi/12.2 rel1/bin/../lib/gcc/arm-none-eabi/12.2.1/thumb/v7e-m+fp/hard\libc_nano.a(libc_a-nano-vfprintf.o)
 .data          0x00000000        0x0 c:/program files (x86)/arm gnu toolchain arm-none-eabi/12.2 rel1/bin/../lib/gcc/arm-none-eabi/12.2.1/thumb/v7e-m+fp/hard\libc_nano.a(libc_a-nano-vfprintf.o)
 .bss           0x00000000        0x0 c:/program files (x86)/arm gnu toolchain arm-none-eabi/12.2 rel1/bin/../lib/gcc/arm-none-eabi/12.2.1/thumb/v7e-m+fp/hard\libc_nano.a(libc_a-nano-vfprintf.o)
 .text.__sprint_r
                0x00000000       0x1a c:/program files (x86)/arm gnu toolchain arm-none-eabi/12.2 rel1/bin/../lib/gcc/arm-none-eabi/12.2.1/thumb/v7e-m+fp/hard\libc_nano.a(libc_a-nano-vfprintf.o)
 .text.vfprintf
                0x00000000       0x14 c:/program files (x86)/arm gnu toolchain arm-none-eabi/12.2 rel1/bin/../lib/gcc/arm-none-eabi/12.2.1/thumb/v7e-m+fp/hard\libc_nano.a(libc_a-nano-vfprintf.o)
 .text          0x00000000        0x0 c:/program files (x86)/arm gnu toolchain arm-none-eabi/12.2 rel1/bin/../lib/gcc/arm-none-eabi/12.2.1/thumb/v7e-m+fp/hard\libc_nano.a(libc_a-nano-vfprintf_i.o)
 .data          0x00000000        0x0 c:/program files (x86)/arm gnu toolchain arm-none-eabi/12.2 rel1/bin/../lib/gcc/arm-none-eabi/12.2.1/thumb/v7e-m+fp/hard\libc_nano.a(libc_a-nano-vfprintf_i.o)
 .bss           0x00000000        0x0 c:/program files (x86)/arm gnu toolchain arm-none-eabi/12.2 rel1/bin/../lib/gcc/arm-none-eabi/12.2.1/thumb/v7e-m+fp/hard\libc_nano.a(libc_a-nano-vfprintf_i.o)
 .text          0x00000000        0x0 c:/program files (x86)/arm gnu toolchain arm-none-eabi/12.2 rel1/bin/../lib/gcc/arm-none-eabi/12.2.1/thumb/v7e-m+fp/hard\libc_nano.a(libc_a-findfp.o)
 .data          0x00000000        0x0 c:/program files (x86)/arm gnu toolchain arm-none-eabi/12.2 rel1/bin/../lib/gcc/arm-none-eabi/12.2.1/thumb/v7e-m+fp/hard\libc_nano.a(libc_a-findfp.o)
 .bss           0x00000000        0x0 c:/program files (x86)/arm gnu toolchain arm-none-eabi/12.2 rel1/bin/../lib/gcc/arm-none-eabi/12.2.1/thumb/v7e-m+fp/hard\libc_nano.a(libc_a-findfp.o)
 .text.__fp_lock
                0x00000000       0x18 c:/program files (x86)/arm gnu toolchain arm-none-eabi/12.2 rel1/bin/../lib/gcc/arm-none-eabi/12.2.1/thumb/v7e-m+fp/hard\libc_nano.a(libc_a-findfp.o)
 .text.__fp_unlock
                0x00000000       0x18 c:/program files (x86)/arm gnu toolchain arm-none-eabi/12.2 rel1/bin/../lib/gcc/arm-none-eabi/12.2.1/thumb/v7e-m+fp/hard\libc_nano.a(libc_a-findfp.o)
 .text.__sfp    0x00000000       0xa4 c:/program files (x86)/arm gnu toolchain arm-none-eabi/12.2 rel1/bin/../lib/gcc/arm-none-eabi/12.2.1/thumb/v7e-m+fp/hard\libc_nano.a(libc_a-findfp.o)
 .text.__fp_lock_all
                0x00000000       0x1c c:/program files (x86)/arm gnu toolchain arm-none-eabi/12.2 rel1/bin/../lib/gcc/arm-none-eabi/12.2.1/thumb/v7e-m+fp/hard\libc_nano.a(libc_a-findfp.o)
 .text.__fp_unlock_all
                0x00000000       0x1c c:/program files (x86)/arm gnu toolchain arm-none-eabi/12.2 rel1/bin/../lib/gcc/arm-none-eabi/12.2.1/thumb/v7e-m+fp/hard\libc_nano.a(libc_a-findfp.o)
 .text          0x00000000        0x0 c:/program files (x86)/arm gnu toolchain arm-none-eabi/12.2 rel1/bin/../lib/gcc/arm-none-eabi/12.2.1/thumb/v7e-m+fp/hard\libc_nano.a(libc_a-fvwrite.o)
 .data          0x00000000        0x0 c:/program files (x86)/arm gnu toolchain arm-none-eabi/12.2 rel1/bin/../lib/gcc/arm-none-eabi/12.2.1/thumb/v7e-m+fp/hard\libc_nano.a(libc_a-fvwrite.o)
 .bss           0x00000000        0x0 c:/program files (x86)/arm gnu toolchain arm-none-eabi/12.2 rel1/bin/../lib/gcc/arm-none-eabi/12.2.1/thumb/v7e-m+fp/hard\libc_nano.a(libc_a-fvwrite.o)
 .text.__sfvwrite_r
                0x00000000      0x2a0 c:/program files (x86)/arm gnu toolchain arm-none-eabi/12.2 rel1/bin/../lib/gcc/arm-none-eabi/12.2.1/thumb/v7e-m+fp/hard\libc_nano.a(libc_a-fvwrite.o)
 .debug_frame   0x00000000       0x3c c:/program files (x86)/arm gnu toolchain arm-none-eabi/12.2 rel1/bin/../lib/gcc/arm-none-eabi/12.2.1/thumb/v7e-m+fp/hard\libc_nano.a(libc_a-fvwrite.o)
 .ARM.attributes
                0x00000000       0x34 c:/program files (x86)/arm gnu toolchain arm-none-eabi/12.2 rel1/bin/../lib/gcc/arm-none-eabi/12.2.1/thumb/v7e-m+fp/hard\libc_nano.a(libc_a-fvwrite.o)
 .text          0x00000000        0x0 c:/program files (x86)/arm gnu toolchain arm-none-eabi/12.2 rel1/bin/../lib/gcc/arm-none-eabi/12.2.1/thumb/v7e-m+fp/hard\libc_nano.a(libc_a-fwalk.o)
 .data          0x00000000        0x0 c:/program files (x86)/arm gnu toolchain arm-none-eabi/12.2 rel1/bin/../lib/gcc/arm-none-eabi/12.2.1/thumb/v7e-m+fp/hard\libc_nano.a(libc_a-fwalk.o)
 .bss           0x00000000        0x0 c:/program files (x86)/arm gnu toolchain arm-none-eabi/12.2 rel1/bin/../lib/gcc/arm-none-eabi/12.2.1/thumb/v7e-m+fp/hard\libc_nano.a(libc_a-fwalk.o)
 .text          0x00000000        0x0 c:/program files (x86)/arm gnu toolchain arm-none-eabi/12.2 rel1/bin/../lib/gcc/arm-none-eabi/12.2.1/thumb/v7e-m+fp/hard\libc_nano.a(libc_a-stdio.o)
 .data          0x00000000        0x0 c:/program files (x86)/arm gnu toolchain arm-none-eabi/12.2 rel1/bin/../lib/gcc/arm-none-eabi/12.2.1/thumb/v7e-m+fp/hard\libc_nano.a(libc_a-stdio.o)
 .bss           0x00000000        0x0 c:/program files (x86)/arm gnu toolchain arm-none-eabi/12.2 rel1/bin/../lib/gcc/arm-none-eabi/12.2.1/thumb/v7e-m+fp/hard\libc_nano.a(libc_a-stdio.o)
 .text.__seofread
                0x00000000        0x4 c:/program files (x86)/arm gnu toolchain arm-none-eabi/12.2 rel1/bin/../lib/gcc/arm-none-eabi/12.2.1/thumb/v7e-m+fp/hard\libc_nano.a(libc_a-stdio.o)
 .text          0x00000000        0x0 c:/program files (x86)/arm gnu toolchain arm-none-eabi/12.2 rel1/bin/../lib/gcc/arm-none-eabi/12.2.1/thumb/v7e-m+fp/hard\libc_nano.a(libc_a-wbuf.o)
 .data          0x00000000        0x0 c:/program files (x86)/arm gnu toolchain arm-none-eabi/12.2 rel1/bin/../lib/gcc/arm-none-eabi/12.2.1/thumb/v7e-m+fp/hard\libc_nano.a(libc_a-wbuf.o)
 .bss           0x00000000        0x0 c:/program files (x86)/arm gnu toolchain arm-none-eabi/12.2 rel1/bin/../lib/gcc/arm-none-eabi/12.2.1/thumb/v7e-m+fp/hard\libc_nano.a(libc_a-wbuf.o)
 .text.__swbuf  0x00000000       0x10 c:/program files (x86)/arm gnu toolchain arm-none-eabi/12.2 rel1/bin/../lib/gcc/arm-none-eabi/12.2.1/thumb/v7e-m+fp/hard\libc_nano.a(libc_a-wbuf.o)
 .text          0x00000000        0x0 c:/program files (x86)/arm gnu toolchain arm-none-eabi/12.2 rel1/bin/../lib/gcc/arm-none-eabi/12.2.1/thumb/v7e-m+fp/hard\libc_nano.a(libc_a-wsetup.o)
 .data          0x00000000        0x0 c:/program files (x86)/arm gnu toolchain arm-none-eabi/12.2 rel1/bin/../lib/gcc/arm-none-eabi/12.2.1/thumb/v7e-m+fp/hard\libc_nano.a(libc_a-wsetup.o)
 .bss           0x00000000        0x0 c:/program files (x86)/arm gnu toolchain arm-none-eabi/12.2 rel1/bin/../lib/gcc/arm-none-eabi/12.2.1/thumb/v7e-m+fp/hard\libc_nano.a(libc_a-wsetup.o)
 .text          0x00000000        0x0 c:/program files (x86)/arm gnu toolchain arm-none-eabi/12.2 rel1/bin/../lib/gcc/arm-none-eabi/12.2.1/thumb/v7e-m+fp/hard\libc_nano.a(libc_a-memmove.o)
 .data          0x00000000        0x0 c:/program files (x86)/arm gnu toolchain arm-none-eabi/12.2 rel1/bin/../lib/gcc/arm-none-eabi/12.2.1/thumb/v7e-m+fp/hard\libc_nano.a(libc_a-memmove.o)
 .bss           0x00000000        0x0 c:/program files (x86)/arm gnu toolchain arm-none-eabi/12.2 rel1/bin/../lib/gcc/arm-none-eabi/12.2.1/thumb/v7e-m+fp/hard\libc_nano.a(libc_a-memmove.o)
 .text.memmove  0x00000000       0x34 c:/program files (x86)/arm gnu toolchain arm-none-eabi/12.2 rel1/bin/../lib/gcc/arm-none-eabi/12.2.1/thumb/v7e-m+fp/hard\libc_nano.a(libc_a-memmove.o)
 .debug_frame   0x00000000       0x28 c:/program files (x86)/arm gnu toolchain arm-none-eabi/12.2 rel1/bin/../lib/gcc/arm-none-eabi/12.2.1/thumb/v7e-m+fp/hard\libc_nano.a(libc_a-memmove.o)
 .ARM.attributes
                0x00000000       0x34 c:/program files (x86)/arm gnu toolchain arm-none-eabi/12.2 rel1/bin/../lib/gcc/arm-none-eabi/12.2.1/thumb/v7e-m+fp/hard\libc_nano.a(libc_a-memmove.o)
 .text          0x00000000        0x0 c:/program files (x86)/arm gnu toolchain arm-none-eabi/12.2 rel1/bin/../lib/gcc/arm-none-eabi/12.2.1/thumb/v7e-m+fp/hard\libc_nano.a(libc_a-closer.o)
 .data          0x00000000        0x0 c:/program files (x86)/arm gnu toolchain arm-none-eabi/12.2 rel1/bin/../lib/gcc/arm-none-eabi/12.2.1/thumb/v7e-m+fp/hard\libc_nano.a(libc_a-closer.o)
 .bss           0x00000000        0x0 c:/program files (x86)/arm gnu toolchain arm-none-eabi/12.2 rel1/bin/../lib/gcc/arm-none-eabi/12.2.1/thumb/v7e-m+fp/hard\libc_nano.a(libc_a-closer.o)
 .text          0x00000000        0x0 c:/program files (x86)/arm gnu toolchain arm-none-eabi/12.2 rel1/bin/../lib/gcc/arm-none-eabi/12.2.1/thumb/v7e-m+fp/hard\libc_nano.a(libc_a-reent.o)
 .data          0x00000000        0x0 c:/program files (x86)/arm gnu toolchain arm-none-eabi/12.2 rel1/bin/../lib/gcc/arm-none-eabi/12.2.1/thumb/v7e-m+fp/hard\libc_nano.a(libc_a-reent.o)
 .bss           0x00000000        0x0 c:/program files (x86)/arm gnu toolchain arm-none-eabi/12.2 rel1/bin/../lib/gcc/arm-none-eabi/12.2.1/thumb/v7e-m+fp/hard\libc_nano.a(libc_a-reent.o)
 .text._reclaim_reent
                0x00000000       0xac c:/program files (x86)/arm gnu toolchain arm-none-eabi/12.2 rel1/bin/../lib/gcc/arm-none-eabi/12.2.1/thumb/v7e-m+fp/hard\libc_nano.a(libc_a-reent.o)
 .text          0x00000000        0x0 c:/program files (x86)/arm gnu toolchain arm-none-eabi/12.2 rel1/bin/../lib/gcc/arm-none-eabi/12.2.1/thumb/v7e-m+fp/hard\libc_nano.a(libc_a-lseekr.o)
 .data          0x00000000        0x0 c:/program files (x86)/arm gnu toolchain arm-none-eabi/12.2 rel1/bin/../lib/gcc/arm-none-eabi/12.2.1/thumb/v7e-m+fp/hard\libc_nano.a(libc_a-lseekr.o)
 .bss           0x00000000        0x0 c:/program files (x86)/arm gnu toolchain arm-none-eabi/12.2 rel1/bin/../lib/gcc/arm-none-eabi/12.2.1/thumb/v7e-m+fp/hard\libc_nano.a(libc_a-lseekr.o)
 .text          0x00000000        0x0 c:/program files (x86)/arm gnu toolchain arm-none-eabi/12.2 rel1/bin/../lib/gcc/arm-none-eabi/12.2.1/thumb/v7e-m+fp/hard\libc_nano.a(libc_a-readr.o)
 .data          0x00000000        0x0 c:/program files (x86)/arm gnu toolchain arm-none-eabi/12.2 rel1/bin/../lib/gcc/arm-none-eabi/12.2.1/thumb/v7e-m+fp/hard\libc_nano.a(libc_a-readr.o)
 .bss           0x00000000        0x0 c:/program files (x86)/arm gnu toolchain arm-none-eabi/12.2 rel1/bin/../lib/gcc/arm-none-eabi/12.2.1/thumb/v7e-m+fp/hard\libc_nano.a(libc_a-readr.o)
 .text          0x00000000        0x0 c:/program files (x86)/arm gnu toolchain arm-none-eabi/12.2 rel1/bin/../lib/gcc/arm-none-eabi/12.2.1/thumb/v7e-m+fp/hard\libc_nano.a(libc_a-writer.o)
 .data          0x00000000        0x0 c:/program files (x86)/arm gnu toolchain arm-none-eabi/12.2 rel1/bin/../lib/gcc/arm-none-eabi/12.2.1/thumb/v7e-m+fp/hard\libc_nano.a(libc_a-writer.o)
 .bss           0x00000000        0x0 c:/program files (x86)/arm gnu toolchain arm-none-eabi/12.2 rel1/bin/../lib/gcc/arm-none-eabi/12.2.1/thumb/v7e-m+fp/hard\libc_nano.a(libc_a-writer.o)
 .text          0x00000000        0x0 c:/program files (x86)/arm gnu toolchain arm-none-eabi/12.2 rel1/bin/../lib/gcc/arm-none-eabi/12.2.1/thumb/v7e-m+fp/hard\libc_nano.a(libc_a-lock.o)
 .data          0x00000000        0x0 c:/program files (x86)/arm gnu toolchain arm-none-eabi/12.2 rel1/bin/../lib/gcc/arm-none-eabi/12.2.1/thumb/v7e-m+fp/hard\libc_nano.a(libc_a-lock.o)
 .bss           0x00000000        0x0 c:/program files (x86)/arm gnu toolchain arm-none-eabi/12.2 rel1/bin/../lib/gcc/arm-none-eabi/12.2.1/thumb/v7e-m+fp/hard\libc_nano.a(libc_a-lock.o)
 .text.__retarget_lock_init
                0x00000000        0x2 c:/program files (x86)/arm gnu toolchain arm-none-eabi/12.2 rel1/bin/../lib/gcc/arm-none-eabi/12.2.1/thumb/v7e-m+fp/hard\libc_nano.a(libc_a-lock.o)
 .text.__retarget_lock_close
                0x00000000        0x2 c:/program files (x86)/arm gnu toolchain arm-none-eabi/12.2 rel1/bin/../lib/gcc/arm-none-eabi/12.2.1/thumb/v7e-m+fp/hard\libc_nano.a(libc_a-lock.o)
 .text.__retarget_lock_close_recursive
                0x00000000        0x2 c:/program files (x86)/arm gnu toolchain arm-none-eabi/12.2 rel1/bin/../lib/gcc/arm-none-eabi/12.2.1/thumb/v7e-m+fp/hard\libc_nano.a(libc_a-lock.o)
 .text.__retarget_lock_acquire
                0x00000000        0x2 c:/program files (x86)/arm gnu toolchain arm-none-eabi/12.2 rel1/bin/../lib/gcc/arm-none-eabi/12.2.1/thumb/v7e-m+fp/hard\libc_nano.a(libc_a-lock.o)
 .text.__retarget_lock_try_acquire
                0x00000000        0x4 c:/program files (x86)/arm gnu toolchain arm-none-eabi/12.2 rel1/bin/../lib/gcc/arm-none-eabi/12.2.1/thumb/v7e-m+fp/hard\libc_nano.a(libc_a-lock.o)
 .text.__retarget_lock_try_acquire_recursive
                0x00000000        0x4 c:/program files (x86)/arm gnu toolchain arm-none-eabi/12.2 rel1/bin/../lib/gcc/arm-none-eabi/12.2.1/thumb/v7e-m+fp/hard\libc_nano.a(libc_a-lock.o)
 .text.__retarget_lock_release
                0x00000000        0x2 c:/program files (x86)/arm gnu toolchain arm-none-eabi/12.2 rel1/bin/../lib/gcc/arm-none-eabi/12.2.1/thumb/v7e-m+fp/hard\libc_nano.a(libc_a-lock.o)
 .bss.__lock___arc4random_mutex
                0x00000000        0x1 c:/program files (x86)/arm gnu toolchain arm-none-eabi/12.2 rel1/bin/../lib/gcc/arm-none-eabi/12.2.1/thumb/v7e-m+fp/hard\libc_nano.a(libc_a-lock.o)
 .bss.__lock___dd_hash_mutex
                0x00000000        0x1 c:/program files (x86)/arm gnu toolchain arm-none-eabi/12.2 rel1/bin/../lib/gcc/arm-none-eabi/12.2.1/thumb/v7e-m+fp/hard\libc_nano.a(libc_a-lock.o)
 .bss.__lock___tz_mutex
                0x00000000        0x1 c:/program files (x86)/arm gnu toolchain arm-none-eabi/12.2 rel1/bin/../lib/gcc/arm-none-eabi/12.2.1/thumb/v7e-m+fp/hard\libc_nano.a(libc_a-lock.o)
 .bss.__lock___env_recursive_mutex
                0x00000000        0x1 c:/program files (x86)/arm gnu toolchain arm-none-eabi/12.2 rel1/bin/../lib/gcc/arm-none-eabi/12.2.1/thumb/v7e-m+fp/hard\libc_nano.a(libc_a-lock.o)
 .bss.__lock___at_quick_exit_mutex
                0x00000000        0x1 c:/program files (x86)/arm gnu toolchain arm-none-eabi/12.2 rel1/bin/../lib/gcc/arm-none-eabi/12.2.1/thumb/v7e-m+fp/hard\libc_nano.a(libc_a-lock.o)
 .bss.__lock___atexit_recursive_mutex
                0x00000000        0x1 c:/program files (x86)/arm gnu toolchain arm-none-eabi/12.2 rel1/bin/../lib/gcc/arm-none-eabi/12.2.1/thumb/v7e-m+fp/hard\libc_nano.a(libc_a-lock.o)
 .data          0x00000000        0x0 c:/program files (x86)/arm gnu toolchain arm-none-eabi/12.2 rel1/bin/../lib/gcc/arm-none-eabi/12.2.1/thumb/v7e-m+fp/hard\libc_nano.a(libc_a-memchr.o)
 .bss           0x00000000        0x0 c:/program files (x86)/arm gnu toolchain arm-none-eabi/12.2 rel1/bin/../lib/gcc/arm-none-eabi/12.2.1/thumb/v7e-m+fp/hard\libc_nano.a(libc_a-memchr.o)
 .text          0x00000000        0x0 c:/program files (x86)/arm gnu toolchain arm-none-eabi/12.2 rel1/bin/../lib/gcc/arm-none-eabi/12.2.1/thumb/v7e-m+fp/hard\libc_nano.a(libc_a-freer.o)
 .data          0x00000000        0x0 c:/program files (x86)/arm gnu toolchain arm-none-eabi/12.2 rel1/bin/../lib/gcc/arm-none-eabi/12.2.1/thumb/v7e-m+fp/hard\libc_nano.a(libc_a-freer.o)
 .bss           0x00000000        0x0 c:/program files (x86)/arm gnu toolchain arm-none-eabi/12.2 rel1/bin/../lib/gcc/arm-none-eabi/12.2.1/thumb/v7e-m+fp/hard\libc_nano.a(libc_a-freer.o)
 .text          0x00000000        0x0 c:/program files (x86)/arm gnu toolchain arm-none-eabi/12.2 rel1/bin/../lib/gcc/arm-none-eabi/12.2.1/thumb/v7e-m+fp/hard\libc_nano.a(libc_a-mallocr.o)
 .data          0x00000000        0x0 c:/program files (x86)/arm gnu toolchain arm-none-eabi/12.2 rel1/bin/../lib/gcc/arm-none-eabi/12.2.1/thumb/v7e-m+fp/hard\libc_nano.a(libc_a-mallocr.o)
 .bss           0x00000000        0x0 c:/program files (x86)/arm gnu toolchain arm-none-eabi/12.2 rel1/bin/../lib/gcc/arm-none-eabi/12.2.1/thumb/v7e-m+fp/hard\libc_nano.a(libc_a-mallocr.o)
 .text          0x00000000        0x0 c:/program files (x86)/arm gnu toolchain arm-none-eabi/12.2 rel1/bin/../lib/gcc/arm-none-eabi/12.2.1/thumb/v7e-m+fp/hard\libc_nano.a(libc_a-mlock.o)
 .data          0x00000000        0x0 c:/program files (x86)/arm gnu toolchain arm-none-eabi/12.2 rel1/bin/../lib/gcc/arm-none-eabi/12.2.1/thumb/v7e-m+fp/hard\libc_nano.a(libc_a-mlock.o)
 .bss           0x00000000        0x0 c:/program files (x86)/arm gnu toolchain arm-none-eabi/12.2 rel1/bin/../lib/gcc/arm-none-eabi/12.2.1/thumb/v7e-m+fp/hard\libc_nano.a(libc_a-mlock.o)
 .text          0x00000000        0x0 c:/program files (x86)/arm gnu toolchain arm-none-eabi/12.2 rel1/bin/../lib/gcc/arm-none-eabi/12.2.1/thumb/v7e-m+fp/hard\libc_nano.a(libc_a-reallocr.o)
 .data          0x00000000        0x0 c:/program files (x86)/arm gnu toolchain arm-none-eabi/12.2 rel1/bin/../lib/gcc/arm-none-eabi/12.2.1/thumb/v7e-m+fp/hard\libc_nano.a(libc_a-reallocr.o)
 .bss           0x00000000        0x0 c:/program files (x86)/arm gnu toolchain arm-none-eabi/12.2 rel1/bin/../lib/gcc/arm-none-eabi/12.2.1/thumb/v7e-m+fp/hard\libc_nano.a(libc_a-reallocr.o)
 .text._realloc_r
                0x00000000       0x5c c:/program files (x86)/arm gnu toolchain arm-none-eabi/12.2 rel1/bin/../lib/gcc/arm-none-eabi/12.2.1/thumb/v7e-m+fp/hard\libc_nano.a(libc_a-reallocr.o)
 .debug_frame   0x00000000       0x3c c:/program files (x86)/arm gnu toolchain arm-none-eabi/12.2 rel1/bin/../lib/gcc/arm-none-eabi/12.2.1/thumb/v7e-m+fp/hard\libc_nano.a(libc_a-reallocr.o)
 .ARM.attributes
                0x00000000       0x34 c:/program files (x86)/arm gnu toolchain arm-none-eabi/12.2 rel1/bin/../lib/gcc/arm-none-eabi/12.2.1/thumb/v7e-m+fp/hard\libc_nano.a(libc_a-reallocr.o)
 .text          0x00000000        0x0 c:/program files (x86)/arm gnu toolchain arm-none-eabi/12.2 rel1/bin/../lib/gcc/arm-none-eabi/12.2.1/thumb/v7e-m+fp/hard\libc_nano.a(libc_a-fflush.o)
 .data          0x00000000        0x0 c:/program files (x86)/arm gnu toolchain arm-none-eabi/12.2 rel1/bin/../lib/gcc/arm-none-eabi/12.2.1/thumb/v7e-m+fp/hard\libc_nano.a(libc_a-fflush.o)
 .bss           0x00000000        0x0 c:/program files (x86)/arm gnu toolchain arm-none-eabi/12.2 rel1/bin/../lib/gcc/arm-none-eabi/12.2.1/thumb/v7e-m+fp/hard\libc_nano.a(libc_a-fflush.o)
 .text.fflush   0x00000000       0x28 c:/program files (x86)/arm gnu toolchain arm-none-eabi/12.2 rel1/bin/../lib/gcc/arm-none-eabi/12.2.1/thumb/v7e-m+fp/hard\libc_nano.a(libc_a-fflush.o)
 .text          0x00000000        0x0 c:/program files (x86)/arm gnu toolchain arm-none-eabi/12.2 rel1/bin/../lib/gcc/arm-none-eabi/12.2.1/thumb/v7e-m+fp/hard\libc_nano.a(libc_a-makebuf.o)
 .data          0x00000000        0x0 c:/program files (x86)/arm gnu toolchain arm-none-eabi/12.2 rel1/bin/../lib/gcc/arm-none-eabi/12.2.1/thumb/v7e-m+fp/hard\libc_nano.a(libc_a-makebuf.o)
 .bss           0x00000000        0x0 c:/program files (x86)/arm gnu toolchain arm-none-eabi/12.2 rel1/bin/../lib/gcc/arm-none-eabi/12.2.1/thumb/v7e-m+fp/hard\libc_nano.a(libc_a-makebuf.o)
 .text          0x00000000        0x0 c:/program files (x86)/arm gnu toolchain arm-none-eabi/12.2 rel1/bin/../lib/gcc/arm-none-eabi/12.2.1/thumb/v7e-m+fp/hard\libc_nano.a(libc_a-fstatr.o)
 .data          0x00000000        0x0 c:/program files (x86)/arm gnu toolchain arm-none-eabi/12.2 rel1/bin/../lib/gcc/arm-none-eabi/12.2.1/thumb/v7e-m+fp/hard\libc_nano.a(libc_a-fstatr.o)
 .bss           0x00000000        0x0 c:/program files (x86)/arm gnu toolchain arm-none-eabi/12.2 rel1/bin/../lib/gcc/arm-none-eabi/12.2.1/thumb/v7e-m+fp/hard\libc_nano.a(libc_a-fstatr.o)
 .text          0x00000000        0x0 c:/program files (x86)/arm gnu toolchain arm-none-eabi/12.2 rel1/bin/../lib/gcc/arm-none-eabi/12.2.1/thumb/v7e-m+fp/hard\libc_nano.a(libc_a-isattyr.o)
 .data          0x00000000        0x0 c:/program files (x86)/arm gnu toolchain arm-none-eabi/12.2 rel1/bin/../lib/gcc/arm-none-eabi/12.2.1/thumb/v7e-m+fp/hard\libc_nano.a(libc_a-isattyr.o)
 .bss           0x00000000        0x0 c:/program files (x86)/arm gnu toolchain arm-none-eabi/12.2 rel1/bin/../lib/gcc/arm-none-eabi/12.2.1/thumb/v7e-m+fp/hard\libc_nano.a(libc_a-isattyr.o)
 .text          0x00000000        0x0 c:/program files (x86)/arm gnu toolchain arm-none-eabi/12.2 rel1/bin/../lib/gcc/arm-none-eabi/12.2.1/thumb/v7e-m+fp/hard\libc_nano.a(libc_a-sbrkr.o)
 .data          0x00000000        0x0 c:/program files (x86)/arm gnu toolchain arm-none-eabi/12.2 rel1/bin/../lib/gcc/arm-none-eabi/12.2.1/thumb/v7e-m+fp/hard\libc_nano.a(libc_a-sbrkr.o)
 .bss           0x00000000        0x0 c:/program files (x86)/arm gnu toolchain arm-none-eabi/12.2 rel1/bin/../lib/gcc/arm-none-eabi/12.2.1/thumb/v7e-m+fp/hard\libc_nano.a(libc_a-sbrkr.o)
 .text          0x00000000        0x0 c:/program files (x86)/arm gnu toolchain arm-none-eabi/12.2 rel1/bin/../lib/gcc/arm-none-eabi/12.2.1/thumb/v7e-m+fp/hard\libc_nano.a(libc_a-msizer.o)
 .data          0x00000000        0x0 c:/program files (x86)/arm gnu toolchain arm-none-eabi/12.2 rel1/bin/../lib/gcc/arm-none-eabi/12.2.1/thumb/v7e-m+fp/hard\libc_nano.a(libc_a-msizer.o)
 .bss           0x00000000        0x0 c:/program files (x86)/arm gnu toolchain arm-none-eabi/12.2 rel1/bin/../lib/gcc/arm-none-eabi/12.2.1/thumb/v7e-m+fp/hard\libc_nano.a(libc_a-msizer.o)
 .text._malloc_usable_size_r
                0x00000000       0x10 c:/program files (x86)/arm gnu toolchain arm-none-eabi/12.2 rel1/bin/../lib/gcc/arm-none-eabi/12.2.1/thumb/v7e-m+fp/hard\libc_nano.a(libc_a-msizer.o)
 .debug_frame   0x00000000       0x20 c:/program files (x86)/arm gnu toolchain arm-none-eabi/12.2 rel1/bin/../lib/gcc/arm-none-eabi/12.2.1/thumb/v7e-m+fp/hard\libc_nano.a(libc_a-msizer.o)
 .ARM.attributes
                0x00000000       0x34 c:/program files (x86)/arm gnu toolchain arm-none-eabi/12.2 rel1/bin/../lib/gcc/arm-none-eabi/12.2.1/thumb/v7e-m+fp/hard\libc_nano.a(libc_a-msizer.o)

Memory Configuration

Name             Origin             Length             Attributes
flash            0x08000000         0x00200000         xr
sram             0x20000000         0x00030000         xrw
*default*        0x00000000         0xffffffff

Linker script and memory map

LOAD C:\Users\Alex\AppData\Local\Temp\ccqEp1Bl.o
LOAD C:\Users\Alex\AppData\Local\Temp\ccAVy73z.o
LOAD C:\Users\Alex\AppData\Local\Temp\ccq0Mu7V.o
LOAD c:/program files (x86)/arm gnu toolchain arm-none-eabi/12.2 rel1/bin/../lib/gcc/arm-none-eabi/12.2.1/thumb/v7e-m+fp/hard\libc_nano.a
LOAD c:/program files (x86)/arm gnu toolchain arm-none-eabi/12.2 rel1/bin/../lib/gcc/arm-none-eabi/12.2.1/thumb/v7e-m+fp/hard\libgcc.a
                0x20030000                _estack = (ORIGIN (sram) + LENGTH (sram))

.vectors        0x08000000      0x1bc
 *(.vectors)
 .vectors       0x08000000      0x1bc C:\Users\Alex\AppData\Local\Temp\ccAVy73z.o
                0x08000000                tab

.text           0x080001c0     0x1100
 *(.text*)
 .text.gpio_set_mode
                0x080001c0       0x34 C:\Users\Alex\AppData\Local\Temp\ccqEp1Bl.o
 .text.gpio_set_af
                0x080001f4       0x2e C:\Users\Alex\AppData\Local\Temp\ccqEp1Bl.o
 *fill*         0x08000222        0x2 
 .text.SysTick_Handler
                0x08000224       0x10 C:\Users\Alex\AppData\Local\Temp\ccqEp1Bl.o
                0x08000224                SysTick_Handler
 .text.startup.main
                0x08000234       0xf0 C:\Users\Alex\AppData\Local\Temp\ccqEp1Bl.o
                0x08000234                main
 .text._reset   0x08000324       0x50 C:\Users\Alex\AppData\Local\Temp\ccAVy73z.o
                0x08000324                _reset
 .text._fstat   0x08000374       0x12 C:\Users\Alex\AppData\Local\Temp\ccq0Mu7V.o
                0x08000374                _fstat
 *fill*         0x08000386        0x2 
 .text._sbrk    0x08000388       0x1c C:\Users\Alex\AppData\Local\Temp\ccq0Mu7V.o
                0x08000388                _sbrk
 .text._close   0x080003a4        0x6 C:\Users\Alex\AppData\Local\Temp\ccq0Mu7V.o
                0x080003a4                _close
 .text._isatty  0x080003aa        0x4 C:\Users\Alex\AppData\Local\Temp\ccq0Mu7V.o
                0x080003aa                _isatty
 .text._lseek   0x080003ae        0x4 C:\Users\Alex\AppData\Local\Temp\ccq0Mu7V.o
                0x080003ae                _lseek
 *fill*         0x080003b2        0x2 
 .text._write   0x080003b4       0x34 C:\Users\Alex\AppData\Local\Temp\ccq0Mu7V.o
                0x080003b4                _write
 .text._read    0x080003e8        0x6 C:\Users\Alex\AppData\Local\Temp\ccq0Mu7V.o
                0x080003e8                _read
 *fill*         0x080003ee        0x2 
 .text.printf   0x080003f0       0x24 c:/program files (x86)/arm gnu toolchain arm-none-eabi/12.2 rel1/bin/../lib/gcc/arm-none-eabi/12.2.1/thumb/v7e-m+fp/hard\libc_nano.a(libc_a-printf.o)
                0x080003f0                iprintf
                0x080003f0                printf
 .text.memset   0x08000414       0x10 c:/program files (x86)/arm gnu toolchain arm-none-eabi/12.2 rel1/bin/../lib/gcc/arm-none-eabi/12.2.1/thumb/v7e-m+fp/hard\libc_nano.a(libc_a-memset.o)
                0x08000414                memset
 .text.memcpy   0x08000424       0x1c c:/program files (x86)/arm gnu toolchain arm-none-eabi/12.2 rel1/bin/../lib/gcc/arm-none-eabi/12.2.1/thumb/v7e-m+fp/hard\libc_nano.a(libc_a-memcpy-stub.o)
                0x08000424                memcpy
 .text.__sfputc_r
                0x08000440       0x2e c:/program files (x86)/arm gnu toolchain arm-none-eabi/12.2 rel1/bin/../lib/gcc/arm-none-eabi/12.2.1/thumb/v7e-m+fp/hard\libc_nano.a(libc_a-nano-vfprintf.o)
 .text.__sfputs_r
                0x0800046e       0x24 c:/program files (x86)/arm gnu toolchain arm-none-eabi/12.2 rel1/bin/../lib/gcc/arm-none-eabi/12.2.1/thumb/v7e-m+fp/hard\libc_nano.a(libc_a-nano-vfprintf.o)
                0x0800046e                __sfputs_r
 *fill*         0x08000492        0x2 
 .text._vfprintf_r
                0x08000494      0x230 c:/program files (x86)/arm gnu toolchain arm-none-eabi/12.2 rel1/bin/../lib/gcc/arm-none-eabi/12.2.1/thumb/v7e-m+fp/hard\libc_nano.a(libc_a-nano-vfprintf.o)
                0x08000494                _vfprintf_r
                0x08000494                _vfiprintf_r
 .text._printf_common
                0x080006c4       0xda c:/program files (x86)/arm gnu toolchain arm-none-eabi/12.2 rel1/bin/../lib/gcc/arm-none-eabi/12.2.1/thumb/v7e-m+fp/hard\libc_nano.a(libc_a-nano-vfprintf_i.o)
                0x080006c4                _printf_common
 *fill*         0x0800079e        0x2 
 .text._printf_i
                0x080007a0      0x258 c:/program files (x86)/arm gnu toolchain arm-none-eabi/12.2 rel1/bin/../lib/gcc/arm-none-eabi/12.2.1/thumb/v7e-m+fp/hard\libc_nano.a(libc_a-nano-vfprintf_i.o)
                0x080007a0                _printf_i
 .text.std      0x080009f8       0x6c c:/program files (x86)/arm gnu toolchain arm-none-eabi/12.2 rel1/bin/../lib/gcc/arm-none-eabi/12.2.1/thumb/v7e-m+fp/hard\libc_nano.a(libc_a-findfp.o)
 .text.stdio_exit_handler
                0x08000a64       0x18 c:/program files (x86)/arm gnu toolchain arm-none-eabi/12.2 rel1/bin/../lib/gcc/arm-none-eabi/12.2.1/thumb/v7e-m+fp/hard\libc_nano.a(libc_a-findfp.o)
 .text.cleanup_stdio
                0x08000a7c       0x40 c:/program files (x86)/arm gnu toolchain arm-none-eabi/12.2 rel1/bin/../lib/gcc/arm-none-eabi/12.2.1/thumb/v7e-m+fp/hard\libc_nano.a(libc_a-findfp.o)
 .text.global_stdio_init.part.0
                0x08000abc       0x3c c:/program files (x86)/arm gnu toolchain arm-none-eabi/12.2 rel1/bin/../lib/gcc/arm-none-eabi/12.2.1/thumb/v7e-m+fp/hard\libc_nano.a(libc_a-findfp.o)
 .text.__sfp_lock_acquire
                0x08000af8        0xc c:/program files (x86)/arm gnu toolchain arm-none-eabi/12.2 rel1/bin/../lib/gcc/arm-none-eabi/12.2.1/thumb/v7e-m+fp/hard\libc_nano.a(libc_a-findfp.o)
                0x08000af8                __sfp_lock_acquire
 .text.__sfp_lock_release
                0x08000b04        0xc c:/program files (x86)/arm gnu toolchain arm-none-eabi/12.2 rel1/bin/../lib/gcc/arm-none-eabi/12.2.1/thumb/v7e-m+fp/hard\libc_nano.a(libc_a-findfp.o)
                0x08000b04                __sfp_lock_release
 .text.__sinit  0x08000b10       0x30 c:/program files (x86)/arm gnu toolchain arm-none-eabi/12.2 rel1/bin/../lib/gcc/arm-none-eabi/12.2.1/thumb/v7e-m+fp/hard\libc_nano.a(libc_a-findfp.o)
                0x08000b10                __sinit
 .text._fwalk_sglue
                0x08000b40       0x3c c:/program files (x86)/arm gnu toolchain arm-none-eabi/12.2 rel1/bin/../lib/gcc/arm-none-eabi/12.2.1/thumb/v7e-m+fp/hard\libc_nano.a(libc_a-fwalk.o)
                0x08000b40                _fwalk_sglue
 .text.__sread  0x08000b7c       0x22 c:/program files (x86)/arm gnu toolchain arm-none-eabi/12.2 rel1/bin/../lib/gcc/arm-none-eabi/12.2.1/thumb/v7e-m+fp/hard\libc_nano.a(libc_a-stdio.o)
                0x08000b7c                __sread
 .text.__swrite
                0x08000b9e       0x38 c:/program files (x86)/arm gnu toolchain arm-none-eabi/12.2 rel1/bin/../lib/gcc/arm-none-eabi/12.2.1/thumb/v7e-m+fp/hard\libc_nano.a(libc_a-stdio.o)
                0x08000b9e                __swrite
 .text.__sseek  0x08000bd6       0x24 c:/program files (x86)/arm gnu toolchain arm-none-eabi/12.2 rel1/bin/../lib/gcc/arm-none-eabi/12.2.1/thumb/v7e-m+fp/hard\libc_nano.a(libc_a-stdio.o)
                0x08000bd6                __sseek
 .text.__sclose
                0x08000bfa        0x8 c:/program files (x86)/arm gnu toolchain arm-none-eabi/12.2 rel1/bin/../lib/gcc/arm-none-eabi/12.2.1/thumb/v7e-m+fp/hard\libc_nano.a(libc_a-stdio.o)
                0x08000bfa                __sclose
 .text.__swbuf_r
                0x08000c02       0x7c c:/program files (x86)/arm gnu toolchain arm-none-eabi/12.2 rel1/bin/../lib/gcc/arm-none-eabi/12.2.1/thumb/v7e-m+fp/hard\libc_nano.a(libc_a-wbuf.o)
                0x08000c02                __swbuf_r
 *fill*         0x08000c7e        0x2 
 .text.__swsetup_r
                0x08000c80       0xac c:/program files (x86)/arm gnu toolchain arm-none-eabi/12.2 rel1/bin/../lib/gcc/arm-none-eabi/12.2.1/thumb/v7e-m+fp/hard\libc_nano.a(libc_a-wsetup.o)
                0x08000c80                __swsetup_r
 .text._close_r
                0x08000d2c       0x20 c:/program files (x86)/arm gnu toolchain arm-none-eabi/12.2 rel1/bin/../lib/gcc/arm-none-eabi/12.2.1/thumb/v7e-m+fp/hard\libc_nano.a(libc_a-closer.o)
                0x08000d2c                _close_r
 .text._lseek_r
                0x08000d4c       0x24 c:/program files (x86)/arm gnu toolchain arm-none-eabi/12.2 rel1/bin/../lib/gcc/arm-none-eabi/12.2.1/thumb/v7e-m+fp/hard\libc_nano.a(libc_a-lseekr.o)
                0x08000d4c                _lseek_r
 .text._read_r  0x08000d70       0x24 c:/program files (x86)/arm gnu toolchain arm-none-eabi/12.2 rel1/bin/../lib/gcc/arm-none-eabi/12.2.1/thumb/v7e-m+fp/hard\libc_nano.a(libc_a-readr.o)
                0x08000d70                _read_r
 .text._write_r
                0x08000d94       0x24 c:/program files (x86)/arm gnu toolchain arm-none-eabi/12.2 rel1/bin/../lib/gcc/arm-none-eabi/12.2.1/thumb/v7e-m+fp/hard\libc_nano.a(libc_a-writer.o)
                0x08000d94                _write_r
 .text.__retarget_lock_init_recursive
                0x08000db8        0x2 c:/program files (x86)/arm gnu toolchain arm-none-eabi/12.2 rel1/bin/../lib/gcc/arm-none-eabi/12.2.1/thumb/v7e-m+fp/hard\libc_nano.a(libc_a-lock.o)
                0x08000db8                __retarget_lock_init_recursive
 .text.__retarget_lock_acquire_recursive
                0x08000dba        0x2 c:/program files (x86)/arm gnu toolchain arm-none-eabi/12.2 rel1/bin/../lib/gcc/arm-none-eabi/12.2.1/thumb/v7e-m+fp/hard\libc_nano.a(libc_a-lock.o)
                0x08000dba                __retarget_lock_acquire_recursive
 .text.__retarget_lock_release_recursive
                0x08000dbc        0x2 c:/program files (x86)/arm gnu toolchain arm-none-eabi/12.2 rel1/bin/../lib/gcc/arm-none-eabi/12.2.1/thumb/v7e-m+fp/hard\libc_nano.a(libc_a-lock.o)
                0x08000dbc                __retarget_lock_release_recursive
 *fill*         0x08000dbe        0x2 
 .text          0x08000dc0       0xa0 c:/program files (x86)/arm gnu toolchain arm-none-eabi/12.2 rel1/bin/../lib/gcc/arm-none-eabi/12.2.1/thumb/v7e-m+fp/hard\libc_nano.a(libc_a-memchr.o)
                0x08000dc0                memchr
 .text._free_r  0x08000e60       0x94 c:/program files (x86)/arm gnu toolchain arm-none-eabi/12.2 rel1/bin/../lib/gcc/arm-none-eabi/12.2.1/thumb/v7e-m+fp/hard\libc_nano.a(libc_a-freer.o)
                0x08000e60                _free_r
 .text.sbrk_aligned
                0x08000ef4       0x44 c:/program files (x86)/arm gnu toolchain arm-none-eabi/12.2 rel1/bin/../lib/gcc/arm-none-eabi/12.2.1/thumb/v7e-m+fp/hard\libc_nano.a(libc_a-mallocr.o)
 .text._malloc_r
                0x08000f38       0xf0 c:/program files (x86)/arm gnu toolchain arm-none-eabi/12.2 rel1/bin/../lib/gcc/arm-none-eabi/12.2.1/thumb/v7e-m+fp/hard\libc_nano.a(libc_a-mallocr.o)
                0x08000f38                _malloc_r
 .text.__malloc_lock
                0x08001028        0xc c:/program files (x86)/arm gnu toolchain arm-none-eabi/12.2 rel1/bin/../lib/gcc/arm-none-eabi/12.2.1/thumb/v7e-m+fp/hard\libc_nano.a(libc_a-mlock.o)
                0x08001028                __malloc_lock
 .text.__malloc_unlock
                0x08001034        0xc c:/program files (x86)/arm gnu toolchain arm-none-eabi/12.2 rel1/bin/../lib/gcc/arm-none-eabi/12.2.1/thumb/v7e-m+fp/hard\libc_nano.a(libc_a-mlock.o)
                0x08001034                __malloc_unlock
 .text.__sflush_r
                0x08001040      0x108 c:/program files (x86)/arm gnu toolchain arm-none-eabi/12.2 rel1/bin/../lib/gcc/arm-none-eabi/12.2.1/thumb/v7e-m+fp/hard\libc_nano.a(libc_a-fflush.o)
                0x08001040                __sflush_r
 .text._fflush_r
                0x08001148       0x50 c:/program files (x86)/arm gnu toolchain arm-none-eabi/12.2 rel1/bin/../lib/gcc/arm-none-eabi/12.2.1/thumb/v7e-m+fp/hard\libc_nano.a(libc_a-fflush.o)
                0x08001148                _fflush_r
 .text.__swhatbuf_r
                0x08001198       0x4c c:/program files (x86)/arm gnu toolchain arm-none-eabi/12.2 rel1/bin/../lib/gcc/arm-none-eabi/12.2.1/thumb/v7e-m+fp/hard\libc_nano.a(libc_a-makebuf.o)
                0x08001198                __swhatbuf_r
 .text.__smakebuf_r
                0x080011e4       0x78 c:/program files (x86)/arm gnu toolchain arm-none-eabi/12.2 rel1/bin/../lib/gcc/arm-none-eabi/12.2.1/thumb/v7e-m+fp/hard\libc_nano.a(libc_a-makebuf.o)
                0x080011e4                __smakebuf_r
 .text._fstat_r
                0x0800125c       0x24 c:/program files (x86)/arm gnu toolchain arm-none-eabi/12.2 rel1/bin/../lib/gcc/arm-none-eabi/12.2.1/thumb/v7e-m+fp/hard\libc_nano.a(libc_a-fstatr.o)
                0x0800125c                _fstat_r
 .text._isatty_r
                0x08001280       0x20 c:/program files (x86)/arm gnu toolchain arm-none-eabi/12.2 rel1/bin/../lib/gcc/arm-none-eabi/12.2.1/thumb/v7e-m+fp/hard\libc_nano.a(libc_a-isattyr.o)
                0x08001280                _isatty_r
 .text._sbrk_r  0x080012a0       0x20 c:/program files (x86)/arm gnu toolchain arm-none-eabi/12.2 rel1/bin/../lib/gcc/arm-none-eabi/12.2.1/thumb/v7e-m+fp/hard\libc_nano.a(libc_a-sbrkr.o)
                0x080012a0                _sbrk_r

.glue_7         0x080012c0        0x0
 .glue_7        0x080012c0        0x0 linker stubs

.glue_7t        0x080012c0        0x0
 .glue_7t       0x080012c0        0x0 linker stubs

.vfp11_veneer   0x080012c0        0x0
 .vfp11_veneer  0x080012c0        0x0 linker stubs

.v4_bx          0x080012c0        0x0
 .v4_bx         0x080012c0        0x0 linker stubs

.iplt           0x080012c0        0x0
 .iplt          0x080012c0        0x0 C:\Users\Alex\AppData\Local\Temp\ccqEp1Bl.o

.rodata         0x080012c0       0x48
 *(.rodata*)
 .rodata.main.str1.1
                0x080012c0       0x15 C:\Users\Alex\AppData\Local\Temp\ccqEp1Bl.o
 .rodata._vfprintf_r.str1.1
                0x080012d5       0x11 c:/program files (x86)/arm gnu toolchain arm-none-eabi/12.2 rel1/bin/../lib/gcc/arm-none-eabi/12.2.1/thumb/v7e-m+fp/hard\libc_nano.a(libc_a-nano-vfprintf.o)
 .rodata._printf_i.str1.1
                0x080012e6       0x22 c:/program files (x86)/arm gnu toolchain arm-none-eabi/12.2 rel1/bin/../lib/gcc/arm-none-eabi/12.2.1/thumb/v7e-m+fp/hard\libc_nano.a(libc_a-nano-vfprintf_i.o)

.rel.dyn        0x08001308        0x0
 .rel.iplt      0x08001308        0x0 C:\Users\Alex\AppData\Local\Temp\ccqEp1Bl.o

.data           0x20000000       0x5c load address 0x08001308
                0x20000000                _sdata = .
 *(.first_data)
 *(.data SORT_BY_NAME(.data.*))
 .data.__sglue  0x20000000        0xc c:/program files (x86)/arm gnu toolchain arm-none-eabi/12.2 rel1/bin/../lib/gcc/arm-none-eabi/12.2.1/thumb/v7e-m+fp/hard\libc_nano.a(libc_a-findfp.o)
                0x20000000                __sglue
 .data._impure_data
                0x2000000c       0x4c c:/program files (x86)/arm gnu toolchain arm-none-eabi/12.2 rel1/bin/../lib/gcc/arm-none-eabi/12.2.1/thumb/v7e-m+fp/hard\libc_nano.a(libc_a-impure.o)
                0x2000000c                _impure_data
 .data._impure_ptr
                0x20000058        0x4 c:/program files (x86)/arm gnu toolchain arm-none-eabi/12.2 rel1/bin/../lib/gcc/arm-none-eabi/12.2.1/thumb/v7e-m+fp/hard\libc_nano.a(libc_a-impure.o)
                0x20000058                _impure_ptr
                0x2000005c                _edata = .
                0x08001308                _sidata = LOADADDR (.data)

.igot.plt       0x2000005c        0x0 load address 0x08001364
 .igot.plt      0x2000005c        0x0 C:\Users\Alex\AppData\Local\Temp\ccqEp1Bl.o

.bss            0x2000005c      0x158 load address 0x08001364
                0x2000005c                _sbss = .
 *(.bss SORT_BY_NAME(.bss.*) COMMON)
 .bss.__lock___malloc_recursive_mutex
                0x2000005c        0x1 c:/program files (x86)/arm gnu toolchain arm-none-eabi/12.2 rel1/bin/../lib/gcc/arm-none-eabi/12.2.1/thumb/v7e-m+fp/hard\libc_nano.a(libc_a-lock.o)
                0x2000005c                __lock___malloc_recursive_mutex
 .bss.__lock___sfp_recursive_mutex
                0x2000005d        0x1 c:/program files (x86)/arm gnu toolchain arm-none-eabi/12.2 rel1/bin/../lib/gcc/arm-none-eabi/12.2.1/thumb/v7e-m+fp/hard\libc_nano.a(libc_a-lock.o)
                0x2000005d                __lock___sfp_recursive_mutex
 *fill*         0x2000005e        0x2 
 .bss.__malloc_free_list
                0x20000060        0x4 c:/program files (x86)/arm gnu toolchain arm-none-eabi/12.2 rel1/bin/../lib/gcc/arm-none-eabi/12.2.1/thumb/v7e-m+fp/hard\libc_nano.a(libc_a-mallocr.o)
                0x20000060                __malloc_free_list
 .bss.__malloc_sbrk_start
                0x20000064        0x4 c:/program files (x86)/arm gnu toolchain arm-none-eabi/12.2 rel1/bin/../lib/gcc/arm-none-eabi/12.2.1/thumb/v7e-m+fp/hard\libc_nano.a(libc_a-mallocr.o)
                0x20000064                __malloc_sbrk_start
 .bss.__sf      0x20000068      0x138 c:/program files (x86)/arm gnu toolchain arm-none-eabi/12.2 rel1/bin/../lib/gcc/arm-none-eabi/12.2.1/thumb/v7e-m+fp/hard\libc_nano.a(libc_a-findfp.o)
                0x20000068                __sf
 .bss.__stdio_exit_handler
                0x200001a0        0x4 c:/program files (x86)/arm gnu toolchain arm-none-eabi/12.2 rel1/bin/../lib/gcc/arm-none-eabi/12.2.1/thumb/v7e-m+fp/hard\libc_nano.a(libc_a-findfp.o)
                0x200001a0                __stdio_exit_handler
 .bss.errno     0x200001a4        0x4 c:/program files (x86)/arm gnu toolchain arm-none-eabi/12.2 rel1/bin/../lib/gcc/arm-none-eabi/12.2.1/thumb/v7e-m+fp/hard\libc_nano.a(libc_a-reent.o)
                0x200001a4                errno
 .bss.heap.0    0x200001a8        0x4 C:\Users\Alex\AppData\Local\Temp\ccq0Mu7V.o
 .bss.on.0      0x200001ac        0x1 C:\Users\Alex\AppData\Local\Temp\ccqEp1Bl.o
 *fill*         0x200001ad        0x3 
 .bss.s_ticks   0x200001b0        0x4 C:\Users\Alex\AppData\Local\Temp\ccqEp1Bl.o
                0x200001b4                _ebss = .
                0x200001b8                . = ALIGN (0x8)
                0x200001b8                _end = .
OUTPUT(firmware.elf elf32-littlearm)
LOAD linker stubs

.debug_info     0x00000000     0x1246
 .debug_info    0x00000000      0x977 C:\Users\Alex\AppData\Local\Temp\ccqEp1Bl.o
 .debug_info    0x00000977      0x139 C:\Users\Alex\AppData\Local\Temp\ccAVy73z.o
 .debug_info    0x00000ab0      0x796 C:\Users\Alex\AppData\Local\Temp\ccq0Mu7V.o

.debug_abbrev   0x00000000      0x62a
 .debug_abbrev  0x00000000      0x2d3 C:\Users\Alex\AppData\Local\Temp\ccqEp1Bl.o
 .debug_abbrev  0x000002d3       0xe8 C:\Users\Alex\AppData\Local\Temp\ccAVy73z.o
 .debug_abbrev  0x000003bb      0x26f C:\Users\Alex\AppData\Local\Temp\ccq0Mu7V.o

.debug_loclists
                0x00000000      0x3be
 .debug_loclists
                0x00000000      0x1e9 C:\Users\Alex\AppData\Local\Temp\ccqEp1Bl.o
 .debug_loclists
                0x000001e9      0x1d5 C:\Users\Alex\AppData\Local\Temp\ccq0Mu7V.o

.debug_aranges  0x00000000       0xe8
 .debug_aranges
                0x00000000       0x38 C:\Users\Alex\AppData\Local\Temp\ccqEp1Bl.o
 .debug_aranges
                0x00000038       0x20 C:\Users\Alex\AppData\Local\Temp\ccAVy73z.o
 .debug_aranges
                0x00000058       0x90 C:\Users\Alex\AppData\Local\Temp\ccq0Mu7V.o

.debug_rnglists
                0x00000000      0x10e
 .debug_rnglists
                0x00000000       0x7c C:\Users\Alex\AppData\Local\Temp\ccqEp1Bl.o
 .debug_rnglists
                0x0000007c       0x13 C:\Users\Alex\AppData\Local\Temp\ccAVy73z.o
 .debug_rnglists
                0x0000008f       0x7f C:\Users\Alex\AppData\Local\Temp\ccq0Mu7V.o

.debug_macro    0x00000000     0x2c3a
 .debug_macro   0x00000000      0x256 C:\Users\Alex\AppData\Local\Temp\ccqEp1Bl.o
 .debug_macro   0x00000256      0xaa8 C:\Users\Alex\AppData\Local\Temp\ccqEp1Bl.o
 .debug_macro   0x00000cfe       0x22 C:\Users\Alex\AppData\Local\Temp\ccqEp1Bl.o
 .debug_macro   0x00000d20       0x5b C:\Users\Alex\AppData\Local\Temp\ccqEp1Bl.o
 .debug_macro   0x00000d7b       0x2a C:\Users\Alex\AppData\Local\Temp\ccqEp1Bl.o
 .debug_macro   0x00000da5       0x94 C:\Users\Alex\AppData\Local\Temp\ccqEp1Bl.o
 .debug_macro   0x00000e39       0x43 C:\Users\Alex\AppData\Local\Temp\ccqEp1Bl.o
 .debug_macro   0x00000e7c      0x103 C:\Users\Alex\AppData\Local\Temp\ccqEp1Bl.o
 .debug_macro   0x00000f7f       0x3a C:\Users\Alex\AppData\Local\Temp\ccqEp1Bl.o
 .debug_macro   0x00000fb9       0x57 C:\Users\Alex\AppData\Local\Temp\ccqEp1Bl.o
 .debug_macro   0x00001010       0x6a C:\Users\Alex\AppData\Local\Temp\ccqEp1Bl.o
 .debug_macro   0x0000107a      0x1df C:\Users\Alex\AppData\Local\Temp\ccqEp1Bl.o
 .debug_macro   0x00001259       0x89 C:\Users\Alex\AppData\Local\Temp\ccqEp1Bl.o
 .debug_macro   0x000012e2      0x460 C:\Users\Alex\AppData\Local\Temp\ccqEp1Bl.o
 .debug_macro   0x00001742       0x22 C:\Users\Alex\AppData\Local\Temp\ccqEp1Bl.o
 .debug_macro   0x00001764       0x1c C:\Users\Alex\AppData\Local\Temp\ccqEp1Bl.o
 .debug_macro   0x00001780       0x9e C:\Users\Alex\AppData\Local\Temp\ccqEp1Bl.o
 .debug_macro   0x0000181e      0x369 C:\Users\Alex\AppData\Local\Temp\ccqEp1Bl.o
 .debug_macro   0x00001b87       0x94 C:\Users\Alex\AppData\Local\Temp\ccqEp1Bl.o
 .debug_macro   0x00001c1b       0x10 C:\Users\Alex\AppData\Local\Temp\ccqEp1Bl.o
 .debug_macro   0x00001c2b       0x16 C:\Users\Alex\AppData\Local\Temp\ccqEp1Bl.o
 .debug_macro   0x00001c41       0x43 C:\Users\Alex\AppData\Local\Temp\ccqEp1Bl.o
 .debug_macro   0x00001c84       0x34 C:\Users\Alex\AppData\Local\Temp\ccqEp1Bl.o
 .debug_macro   0x00001cb8       0x10 C:\Users\Alex\AppData\Local\Temp\ccqEp1Bl.o
 .debug_macro   0x00001cc8       0x58 C:\Users\Alex\AppData\Local\Temp\ccqEp1Bl.o
 .debug_macro   0x00001d20       0x8e C:\Users\Alex\AppData\Local\Temp\ccqEp1Bl.o
 .debug_macro   0x00001dae       0x1c C:\Users\Alex\AppData\Local\Temp\ccqEp1Bl.o
 .debug_macro   0x00001dca      0x177 C:\Users\Alex\AppData\Local\Temp\ccqEp1Bl.o
 .debug_macro   0x00001f41       0x16 C:\Users\Alex\AppData\Local\Temp\ccqEp1Bl.o
 .debug_macro   0x00001f57       0x16 C:\Users\Alex\AppData\Local\Temp\ccqEp1Bl.o
 .debug_macro   0x00001f6d      0x146 C:\Users\Alex\AppData\Local\Temp\ccqEp1Bl.o
 .debug_macro   0x000020b3       0x16 C:\Users\Alex\AppData\Local\Temp\ccqEp1Bl.o
 .debug_macro   0x000020c9       0x35 C:\Users\Alex\AppData\Local\Temp\ccqEp1Bl.o
 .debug_macro   0x000020fe       0x16 C:\Users\Alex\AppData\Local\Temp\ccqEp1Bl.o
 .debug_macro   0x00002114       0x29 C:\Users\Alex\AppData\Local\Temp\ccqEp1Bl.o
 .debug_macro   0x0000213d       0x16 C:\Users\Alex\AppData\Local\Temp\ccqEp1Bl.o
 .debug_macro   0x00002153       0x10 C:\Users\Alex\AppData\Local\Temp\ccqEp1Bl.o
 .debug_macro   0x00002163       0x10 C:\Users\Alex\AppData\Local\Temp\ccqEp1Bl.o
 .debug_macro   0x00002173       0x10 C:\Users\Alex\AppData\Local\Temp\ccqEp1Bl.o
 .debug_macro   0x00002183       0x1c C:\Users\Alex\AppData\Local\Temp\ccqEp1Bl.o
 .debug_macro   0x0000219f       0x52 C:\Users\Alex\AppData\Local\Temp\ccqEp1Bl.o
 .debug_macro   0x000021f1       0x22 C:\Users\Alex\AppData\Local\Temp\ccqEp1Bl.o
 .debug_macro   0x00002213       0x10 C:\Users\Alex\AppData\Local\Temp\ccqEp1Bl.o
 .debug_macro   0x00002223       0x52 C:\Users\Alex\AppData\Local\Temp\ccqEp1Bl.o
 .debug_macro   0x00002275       0xc1 C:\Users\Alex\AppData\Local\Temp\ccqEp1Bl.o
 .debug_macro   0x00002336       0x1c C:\Users\Alex\AppData\Local\Temp\ccqEp1Bl.o
 .debug_macro   0x00002352       0x3d C:\Users\Alex\AppData\Local\Temp\ccqEp1Bl.o
 .debug_macro   0x0000238f       0x35 C:\Users\Alex\AppData\Local\Temp\ccqEp1Bl.o
 .debug_macro   0x000023c4      0x12c C:\Users\Alex\AppData\Local\Temp\ccqEp1Bl.o
 .debug_macro   0x000024f0       0x52 C:\Users\Alex\AppData\Local\Temp\ccqEp1Bl.o
 .debug_macro   0x00002542       0x11 C:\Users\Alex\AppData\Local\Temp\ccAVy73z.o
 .debug_macro   0x00002553      0x256 C:\Users\Alex\AppData\Local\Temp\ccq0Mu7V.o
 .debug_macro   0x000027a9       0x34 C:\Users\Alex\AppData\Local\Temp\ccq0Mu7V.o
 .debug_macro   0x000027dd      0x189 C:\Users\Alex\AppData\Local\Temp\ccq0Mu7V.o
 .debug_macro   0x00002966       0x10 C:\Users\Alex\AppData\Local\Temp\ccq0Mu7V.o
 .debug_macro   0x00002976       0xcf C:\Users\Alex\AppData\Local\Temp\ccq0Mu7V.o
 .debug_macro   0x00002a45      0x1e5 C:\Users\Alex\AppData\Local\Temp\ccq0Mu7V.o
 .debug_macro   0x00002c2a       0x10 C:\Users\Alex\AppData\Local\Temp\ccq0Mu7V.o

.debug_line     0x00000000      0xd24
 .debug_line    0x00000000      0x666 C:\Users\Alex\AppData\Local\Temp\ccqEp1Bl.o
 .debug_line    0x00000666       0x65 C:\Users\Alex\AppData\Local\Temp\ccAVy73z.o
 .debug_line    0x000006cb      0x659 C:\Users\Alex\AppData\Local\Temp\ccq0Mu7V.o

.debug_str      0x00000000     0x9c1c
 .debug_str     0x00000000     0x9a2f C:\Users\Alex\AppData\Local\Temp\ccqEp1Bl.o
                               0x9c53 (size before relaxing)
 .debug_str     0x00009a2f       0x5d C:\Users\Alex\AppData\Local\Temp\ccAVy73z.o
                               0x2e5a (size before relaxing)
 .debug_str     0x00009a8c      0x190 C:\Users\Alex\AppData\Local\Temp\ccq0Mu7V.o
                               0x9b64 (size before relaxing)

.comment        0x00000000       0x45
 .comment       0x00000000       0x45 C:\Users\Alex\AppData\Local\Temp\ccqEp1Bl.o
                                 0x46 (size before relaxing)
 .comment       0x00000045       0x46 C:\Users\Alex\AppData\Local\Temp\ccAVy73z.o
 .comment       0x00000045       0x46 C:\Users\Alex\AppData\Local\Temp\ccq0Mu7V.o

.ARM.attributes
                0x00000000       0x32
 .ARM.attributes
                0x00000000       0x34 C:\Users\Alex\AppData\Local\Temp\ccqEp1Bl.o
 .ARM.attributes
                0x00000034       0x34 C:\Users\Alex\AppData\Local\Temp\ccAVy73z.o
 .ARM.attributes
                0x00000068       0x34 C:\Users\Alex\AppData\Local\Temp\ccq0Mu7V.o
 .ARM.attributes
                0x0000009c       0x34 c:/program files (x86)/arm gnu toolchain arm-none-eabi/12.2 rel1/bin/../lib/gcc/arm-none-eabi/12.2.1/thumb/v7e-m+fp/hard\libc_nano.a(libc_a-printf.o)
 .ARM.attributes
                0x000000d0       0x34 c:/program files (x86)/arm gnu toolchain arm-none-eabi/12.2 rel1/bin/../lib/gcc/arm-none-eabi/12.2.1/thumb/v7e-m+fp/hard\libc_nano.a(libc_a-memset.o)
 .ARM.attributes
                0x00000104       0x34 c:/program files (x86)/arm gnu toolchain arm-none-eabi/12.2 rel1/bin/../lib/gcc/arm-none-eabi/12.2.1/thumb/v7e-m+fp/hard\libc_nano.a(libc_a-impure.o)
 .ARM.attributes
                0x00000138       0x34 c:/program files (x86)/arm gnu toolchain arm-none-eabi/12.2 rel1/bin/../lib/gcc/arm-none-eabi/12.2.1/thumb/v7e-m+fp/hard\libc_nano.a(libc_a-memcpy-stub.o)
 .ARM.attributes
                0x0000016c       0x34 c:/program files (x86)/arm gnu toolchain arm-none-eabi/12.2 rel1/bin/../lib/gcc/arm-none-eabi/12.2.1/thumb/v7e-m+fp/hard\libc_nano.a(libc_a-nano-vfprintf.o)
 .ARM.attributes
                0x000001a0       0x34 c:/program files (x86)/arm gnu toolchain arm-none-eabi/12.2 rel1/bin/../lib/gcc/arm-none-eabi/12.2.1/thumb/v7e-m+fp/hard\libc_nano.a(libc_a-nano-vfprintf_i.o)
 .ARM.attributes
                0x000001d4       0x34 c:/program files (x86)/arm gnu toolchain arm-none-eabi/12.2 rel1/bin/../lib/gcc/arm-none-eabi/12.2.1/thumb/v7e-m+fp/hard\libc_nano.a(libc_a-findfp.o)
 .ARM.attributes
                0x00000208       0x34 c:/program files (x86)/arm gnu toolchain arm-none-eabi/12.2 rel1/bin/../lib/gcc/arm-none-eabi/12.2.1/thumb/v7e-m+fp/hard\libc_nano.a(libc_a-fwalk.o)
 .ARM.attributes
                0x0000023c       0x34 c:/program files (x86)/arm gnu toolchain arm-none-eabi/12.2 rel1/bin/../lib/gcc/arm-none-eabi/12.2.1/thumb/v7e-m+fp/hard\libc_nano.a(libc_a-stdio.o)
 .ARM.attributes
                0x00000270       0x34 c:/program files (x86)/arm gnu toolchain arm-none-eabi/12.2 rel1/bin/../lib/gcc/arm-none-eabi/12.2.1/thumb/v7e-m+fp/hard\libc_nano.a(libc_a-wbuf.o)
 .ARM.attributes
                0x000002a4       0x34 c:/program files (x86)/arm gnu toolchain arm-none-eabi/12.2 rel1/bin/../lib/gcc/arm-none-eabi/12.2.1/thumb/v7e-m+fp/hard\libc_nano.a(libc_a-wsetup.o)
 .ARM.attributes
                0x000002d8       0x34 c:/program files (x86)/arm gnu toolchain arm-none-eabi/12.2 rel1/bin/../lib/gcc/arm-none-eabi/12.2.1/thumb/v7e-m+fp/hard\libc_nano.a(libc_a-closer.o)
 .ARM.attributes
                0x0000030c       0x34 c:/program files (x86)/arm gnu toolchain arm-none-eabi/12.2 rel1/bin/../lib/gcc/arm-none-eabi/12.2.1/thumb/v7e-m+fp/hard\libc_nano.a(libc_a-reent.o)
 .ARM.attributes
                0x00000340       0x34 c:/program files (x86)/arm gnu toolchain arm-none-eabi/12.2 rel1/bin/../lib/gcc/arm-none-eabi/12.2.1/thumb/v7e-m+fp/hard\libc_nano.a(libc_a-lseekr.o)
 .ARM.attributes
                0x00000374       0x34 c:/program files (x86)/arm gnu toolchain arm-none-eabi/12.2 rel1/bin/../lib/gcc/arm-none-eabi/12.2.1/thumb/v7e-m+fp/hard\libc_nano.a(libc_a-readr.o)
 .ARM.attributes
                0x000003a8       0x34 c:/program files (x86)/arm gnu toolchain arm-none-eabi/12.2 rel1/bin/../lib/gcc/arm-none-eabi/12.2.1/thumb/v7e-m+fp/hard\libc_nano.a(libc_a-writer.o)
 .ARM.attributes
                0x000003dc       0x34 c:/program files (x86)/arm gnu toolchain arm-none-eabi/12.2 rel1/bin/../lib/gcc/arm-none-eabi/12.2.1/thumb/v7e-m+fp/hard\libc_nano.a(libc_a-lock.o)
 .ARM.attributes
                0x00000410       0x1c c:/program files (x86)/arm gnu toolchain arm-none-eabi/12.2 rel1/bin/../lib/gcc/arm-none-eabi/12.2.1/thumb/v7e-m+fp/hard\libc_nano.a(libc_a-memchr.o)
 .ARM.attributes
                0x0000042c       0x34 c:/program files (x86)/arm gnu toolchain arm-none-eabi/12.2 rel1/bin/../lib/gcc/arm-none-eabi/12.2.1/thumb/v7e-m+fp/hard\libc_nano.a(libc_a-freer.o)
 .ARM.attributes
                0x00000460       0x34 c:/program files (x86)/arm gnu toolchain arm-none-eabi/12.2 rel1/bin/../lib/gcc/arm-none-eabi/12.2.1/thumb/v7e-m+fp/hard\libc_nano.a(libc_a-mallocr.o)
 .ARM.attributes
                0x00000494       0x34 c:/program files (x86)/arm gnu toolchain arm-none-eabi/12.2 rel1/bin/../lib/gcc/arm-none-eabi/12.2.1/thumb/v7e-m+fp/hard\libc_nano.a(libc_a-mlock.o)
 .ARM.attributes
                0x000004c8       0x34 c:/program files (x86)/arm gnu toolchain arm-none-eabi/12.2 rel1/bin/../lib/gcc/arm-none-eabi/12.2.1/thumb/v7e-m+fp/hard\libc_nano.a(libc_a-fflush.o)
 .ARM.attributes
                0x000004fc       0x34 c:/program files (x86)/arm gnu toolchain arm-none-eabi/12.2 rel1/bin/../lib/gcc/arm-none-eabi/12.2.1/thumb/v7e-m+fp/hard\libc_nano.a(libc_a-makebuf.o)
 .ARM.attributes
                0x00000530       0x34 c:/program files (x86)/arm gnu toolchain arm-none-eabi/12.2 rel1/bin/../lib/gcc/arm-none-eabi/12.2.1/thumb/v7e-m+fp/hard\libc_nano.a(libc_a-fstatr.o)
 .ARM.attributes
                0x00000564       0x34 c:/program files (x86)/arm gnu toolchain arm-none-eabi/12.2 rel1/bin/../lib/gcc/arm-none-eabi/12.2.1/thumb/v7e-m+fp/hard\libc_nano.a(libc_a-isattyr.o)
 .ARM.attributes
                0x00000598       0x34 c:/program files (x86)/arm gnu toolchain arm-none-eabi/12.2 rel1/bin/../lib/gcc/arm-none-eabi/12.2.1/thumb/v7e-m+fp/hard\libc_nano.a(libc_a-sbrkr.o)

.debug_frame    0x00000000      0x948
 .debug_frame   0x00000000       0x74 C:\Users\Alex\AppData\Local\Temp\ccqEp1Bl.o
 .debug_frame   0x00000074       0x20 C:\Users\Alex\AppData\Local\Temp\ccAVy73z.o
 .debug_frame   0x00000094      0x108 C:\Users\Alex\AppData\Local\Temp\ccq0Mu7V.o
 .debug_frame   0x0000019c       0x6c c:/program files (x86)/arm gnu toolchain arm-none-eabi/12.2 rel1/bin/../lib/gcc/arm-none-eabi/12.2.1/thumb/v7e-m+fp/hard\libc_nano.a(libc_a-printf.o)
 .debug_frame   0x00000208       0x20 c:/program files (x86)/arm gnu toolchain arm-none-eabi/12.2 rel1/bin/../lib/gcc/arm-none-eabi/12.2.1/thumb/v7e-m+fp/hard\libc_nano.a(libc_a-memset.o)
 .debug_frame   0x00000228       0x28 c:/program files (x86)/arm gnu toolchain arm-none-eabi/12.2 rel1/bin/../lib/gcc/arm-none-eabi/12.2.1/thumb/v7e-m+fp/hard\libc_nano.a(libc_a-memcpy-stub.o)
 .debug_frame   0x00000250       0xa8 c:/program files (x86)/arm gnu toolchain arm-none-eabi/12.2 rel1/bin/../lib/gcc/arm-none-eabi/12.2.1/thumb/v7e-m+fp/hard\libc_nano.a(libc_a-nano-vfprintf.o)
 .debug_frame   0x000002f8       0x60 c:/program files (x86)/arm gnu toolchain arm-none-eabi/12.2 rel1/bin/../lib/gcc/arm-none-eabi/12.2.1/thumb/v7e-m+fp/hard\libc_nano.a(libc_a-nano-vfprintf_i.o)
 .debug_frame   0x00000358      0x144 c:/program files (x86)/arm gnu toolchain arm-none-eabi/12.2 rel1/bin/../lib/gcc/arm-none-eabi/12.2.1/thumb/v7e-m+fp/hard\libc_nano.a(libc_a-findfp.o)
 .debug_frame   0x0000049c       0x34 c:/program files (x86)/arm gnu toolchain arm-none-eabi/12.2 rel1/bin/../lib/gcc/arm-none-eabi/12.2.1/thumb/v7e-m+fp/hard\libc_nano.a(libc_a-fwalk.o)
 .debug_frame   0x000004d0       0x88 c:/program files (x86)/arm gnu toolchain arm-none-eabi/12.2 rel1/bin/../lib/gcc/arm-none-eabi/12.2.1/thumb/v7e-m+fp/hard\libc_nano.a(libc_a-stdio.o)
 .debug_frame   0x00000558       0x40 c:/program files (x86)/arm gnu toolchain arm-none-eabi/12.2 rel1/bin/../lib/gcc/arm-none-eabi/12.2.1/thumb/v7e-m+fp/hard\libc_nano.a(libc_a-wbuf.o)
 .debug_frame   0x00000598       0x2c c:/program files (x86)/arm gnu toolchain arm-none-eabi/12.2 rel1/bin/../lib/gcc/arm-none-eabi/12.2.1/thumb/v7e-m+fp/hard\libc_nano.a(libc_a-wsetup.o)
 .debug_frame   0x000005c4       0x2c c:/program files (x86)/arm gnu toolchain arm-none-eabi/12.2 rel1/bin/../lib/gcc/arm-none-eabi/12.2.1/thumb/v7e-m+fp/hard\libc_nano.a(libc_a-closer.o)
 .debug_frame   0x000005f0       0x38 c:/program files (x86)/arm gnu toolchain arm-none-eabi/12.2 rel1/bin/../lib/gcc/arm-none-eabi/12.2.1/thumb/v7e-m+fp/hard\libc_nano.a(libc_a-reent.o)
 .debug_frame   0x00000628       0x2c c:/program files (x86)/arm gnu toolchain arm-none-eabi/12.2 rel1/bin/../lib/gcc/arm-none-eabi/12.2.1/thumb/v7e-m+fp/hard\libc_nano.a(libc_a-lseekr.o)
 .debug_frame   0x00000654       0x2c c:/program files (x86)/arm gnu toolchain arm-none-eabi/12.2 rel1/bin/../lib/gcc/arm-none-eabi/12.2.1/thumb/v7e-m+fp/hard\libc_nano.a(libc_a-readr.o)
 .debug_frame   0x00000680       0x2c c:/program files (x86)/arm gnu toolchain arm-none-eabi/12.2 rel1/bin/../lib/gcc/arm-none-eabi/12.2.1/thumb/v7e-m+fp/hard\libc_nano.a(libc_a-writer.o)
 .debug_frame   0x000006ac       0xb0 c:/program files (x86)/arm gnu toolchain arm-none-eabi/12.2 rel1/bin/../lib/gcc/arm-none-eabi/12.2.1/thumb/v7e-m+fp/hard\libc_nano.a(libc_a-lock.o)
 .debug_frame   0x0000075c       0x38 c:/program files (x86)/arm gnu toolchain arm-none-eabi/12.2 rel1/bin/../lib/gcc/arm-none-eabi/12.2.1/thumb/v7e-m+fp/hard\libc_nano.a(libc_a-freer.o)
 .debug_frame   0x00000794       0x4c c:/program files (x86)/arm gnu toolchain arm-none-eabi/12.2 rel1/bin/../lib/gcc/arm-none-eabi/12.2.1/thumb/v7e-m+fp/hard\libc_nano.a(libc_a-mallocr.o)
 .debug_frame   0x000007e0       0x30 c:/program files (x86)/arm gnu toolchain arm-none-eabi/12.2 rel1/bin/../lib/gcc/arm-none-eabi/12.2.1/thumb/v7e-m+fp/hard\libc_nano.a(libc_a-mlock.o)
 .debug_frame   0x00000810       0x5c c:/program files (x86)/arm gnu toolchain arm-none-eabi/12.2 rel1/bin/../lib/gcc/arm-none-eabi/12.2.1/thumb/v7e-m+fp/hard\libc_nano.a(libc_a-fflush.o)
 .debug_frame   0x0000086c       0x58 c:/program files (x86)/arm gnu toolchain arm-none-eabi/12.2 rel1/bin/../lib/gcc/arm-none-eabi/12.2.1/thumb/v7e-m+fp/hard\libc_nano.a(libc_a-makebuf.o)
 .debug_frame   0x000008c4       0x2c c:/program files (x86)/arm gnu toolchain arm-none-eabi/12.2 rel1/bin/../lib/gcc/arm-none-eabi/12.2.1/thumb/v7e-m+fp/hard\libc_nano.a(libc_a-fstatr.o)
 .debug_frame   0x000008f0       0x2c c:/program files (x86)/arm gnu toolchain arm-none-eabi/12.2 rel1/bin/../lib/gcc/arm-none-eabi/12.2.1/thumb/v7e-m+fp/hard\libc_nano.a(libc_a-isattyr.o)
 .debug_frame   0x0000091c       0x2c c:/program files (x86)/arm gnu toolchain arm-none-eabi/12.2 rel1/bin/../lib/gcc/arm-none-eabi/12.2.1/thumb/v7e-m+fp/hard\libc_nano.a(libc_a-sbrkr.o)

.debug_line_str
                0x00000000       0xe1
 .debug_line_str
                0x00000000       0xe1 c:/program files (x86)/arm gnu toolchain arm-none-eabi/12.2 rel1/bin/../lib/gcc/arm-none-eabi/12.2.1/thumb/v7e-m+fp/hard\libc_nano.a(libc_a-memchr.o)
