Archive member included to satisfy reference by file (symbol)

c:/program files (x86)/gnu tools arm embedded/bin/../lib/gcc/arm-none-eabi/12.2.0/thumb/v7e-m+fp/hard\libc_nano.a(libc_a-printf.o)
                              C:\Users\Alex\AppData\Local\Temp\ccsnlO14.o (printf)
c:/program files (x86)/gnu tools arm embedded/bin/../lib/gcc/arm-none-eabi/12.2.0/thumb/v7e-m+fp/hard\libc_nano.a(libc_a-memset.o)
                              C:\Users\Alex\AppData\Local\Temp\cceLlPjC.o (memset)
c:/program files (x86)/gnu tools arm embedded/bin/../lib/gcc/arm-none-eabi/12.2.0/thumb/v7e-m+fp/hard\libc_nano.a(libc_a-impure.o)
                              c:/program files (x86)/gnu tools arm embedded/bin/../lib/gcc/arm-none-eabi/12.2.0/thumb/v7e-m+fp/hard\libc_nano.a(libc_a-printf.o) (_impure_ptr)
c:/program files (x86)/gnu tools arm embedded/bin/../lib/gcc/arm-none-eabi/12.2.0/thumb/v7e-m+fp/hard\libc_nano.a(libc_a-memcpy-stub.o)
                              C:\Users\Alex\AppData\Local\Temp\cceLlPjC.o (memcpy)
c:/program files (x86)/gnu tools arm embedded/bin/../lib/gcc/arm-none-eabi/12.2.0/thumb/v7e-m+fp/hard\libc_nano.a(libc_a-nano-vfprintf.o)
                              c:/program files (x86)/gnu tools arm embedded/bin/../lib/gcc/arm-none-eabi/12.2.0/thumb/v7e-m+fp/hard\libc_nano.a(libc_a-printf.o) (_vfprintf_r)
c:/program files (x86)/gnu tools arm embedded/bin/../lib/gcc/arm-none-eabi/12.2.0/thumb/v7e-m+fp/hard\libc_nano.a(libc_a-nano-vfprintf_i.o)
                              c:/program files (x86)/gnu tools arm embedded/bin/../lib/gcc/arm-none-eabi/12.2.0/thumb/v7e-m+fp/hard\libc_nano.a(libc_a-nano-vfprintf.o) (_printf_i)
c:/program files (x86)/gnu tools arm embedded/bin/../lib/gcc/arm-none-eabi/12.2.0/thumb/v7e-m+fp/hard\libc_nano.a(libc_a-findfp.o)
                              c:/program files (x86)/gnu tools arm embedded/bin/../lib/gcc/arm-none-eabi/12.2.0/thumb/v7e-m+fp/hard\libc_nano.a(libc_a-nano-vfprintf.o) (__sinit)
c:/program files (x86)/gnu tools arm embedded/bin/../lib/gcc/arm-none-eabi/12.2.0/thumb/v7e-m+fp/hard\libc_nano.a(libc_a-fvwrite.o)
                              c:/program files (x86)/gnu tools arm embedded/bin/../lib/gcc/arm-none-eabi/12.2.0/thumb/v7e-m+fp/hard\libc_nano.a(libc_a-nano-vfprintf.o) (__sfvwrite_r)
c:/program files (x86)/gnu tools arm embedded/bin/../lib/gcc/arm-none-eabi/12.2.0/thumb/v7e-m+fp/hard\libc_nano.a(libc_a-fwalk.o)
                              c:/program files (x86)/gnu tools arm embedded/bin/../lib/gcc/arm-none-eabi/12.2.0/thumb/v7e-m+fp/hard\libc_nano.a(libc_a-findfp.o) (_fwalk_sglue)
c:/program files (x86)/gnu tools arm embedded/bin/../lib/gcc/arm-none-eabi/12.2.0/thumb/v7e-m+fp/hard\libc_nano.a(libc_a-stdio.o)
                              c:/program files (x86)/gnu tools arm embedded/bin/../lib/gcc/arm-none-eabi/12.2.0/thumb/v7e-m+fp/hard\libc_nano.a(libc_a-findfp.o) (__sread)
c:/program files (x86)/gnu tools arm embedded/bin/../lib/gcc/arm-none-eabi/12.2.0/thumb/v7e-m+fp/hard\libc_nano.a(libc_a-wbuf.o)
                              c:/program files (x86)/gnu tools arm embedded/bin/../lib/gcc/arm-none-eabi/12.2.0/thumb/v7e-m+fp/hard\libc_nano.a(libc_a-nano-vfprintf.o) (__swbuf_r)
c:/program files (x86)/gnu tools arm embedded/bin/../lib/gcc/arm-none-eabi/12.2.0/thumb/v7e-m+fp/hard\libc_nano.a(libc_a-wsetup.o)
                              c:/program files (x86)/gnu tools arm embedded/bin/../lib/gcc/arm-none-eabi/12.2.0/thumb/v7e-m+fp/hard\libc_nano.a(libc_a-nano-vfprintf.o) (__swsetup_r)
c:/program files (x86)/gnu tools arm embedded/bin/../lib/gcc/arm-none-eabi/12.2.0/thumb/v7e-m+fp/hard\libc_nano.a(libc_a-memmove.o)
                              c:/program files (x86)/gnu tools arm embedded/bin/../lib/gcc/arm-none-eabi/12.2.0/thumb/v7e-m+fp/hard\libc_nano.a(libc_a-fvwrite.o) (memmove)
c:/program files (x86)/gnu tools arm embedded/bin/../lib/gcc/arm-none-eabi/12.2.0/thumb/v7e-m+fp/hard\libc_nano.a(libc_a-closer.o)
                              c:/program files (x86)/gnu tools arm embedded/bin/../lib/gcc/arm-none-eabi/12.2.0/thumb/v7e-m+fp/hard\libc_nano.a(libc_a-stdio.o) (_close_r)
c:/program files (x86)/gnu tools arm embedded/bin/../lib/gcc/arm-none-eabi/12.2.0/thumb/v7e-m+fp/hard\libc_nano.a(libc_a-reent.o)
                              c:/program files (x86)/gnu tools arm embedded/bin/../lib/gcc/arm-none-eabi/12.2.0/thumb/v7e-m+fp/hard\libc_nano.a(libc_a-closer.o) (errno)
c:/program files (x86)/gnu tools arm embedded/bin/../lib/gcc/arm-none-eabi/12.2.0/thumb/v7e-m+fp/hard\libc_nano.a(libc_a-lseekr.o)
                              c:/program files (x86)/gnu tools arm embedded/bin/../lib/gcc/arm-none-eabi/12.2.0/thumb/v7e-m+fp/hard\libc_nano.a(libc_a-stdio.o) (_lseek_r)
c:/program files (x86)/gnu tools arm embedded/bin/../lib/gcc/arm-none-eabi/12.2.0/thumb/v7e-m+fp/hard\libc_nano.a(libc_a-readr.o)
[...]
Memory Configuration

Name             Origin             Length             Attributes
flash            0x08000000         0x00200000         xr
sram             0x20000000         0x00030000         xrw
*default*        0x00000000         0xffffffff

Linker script and memory map

LOAD C:\Users\Alex\AppData\Local\Temp\ccsnlO14.o
LOAD C:\Users\Alex\AppData\Local\Temp\cceLlPjC.o
LOAD C:\Users\Alex\AppData\Local\Temp\ccQl3veh.o
LOAD c:/program files (x86)/gnu tools arm embedded/bin/../lib/gcc/arm-none-eabi/12.2.0/thumb/v7e-m+fp/hard\libc_nano.a
LOAD c:/program files (x86)/gnu tools arm embedded/bin/../lib/gcc/arm-none-eabi/12.2.0/thumb/v7e-m+fp/hard\libgcc.a
                0x20030000                        _estack = (ORIGIN (sram) + LENGTH (sram))

.vectors        0x08000000      0x1bc
 *(.vectors)
 .vectors       0x08000000      0x1bc C:\Users\Alex\AppData\Local\Temp\cceLlPjC.o
                0x08000000                tab

.text           0x080001c0     0x10d0
 *(.text*)
 .text.gpio_set_mode
                0x080001c0       0x34 C:\Users\Alex\AppData\Local\Temp\ccsnlO14.o
 .text.gpio_set_af
                0x080001f4       0x2e C:\Users\Alex\AppData\Local\Temp\ccsnlO14.o
 *fill*         0x08000222        0x2 
 .text.SysTick_Handler
                0x08000224       0x10 C:\Users\Alex\AppData\Local\Temp\ccsnlO14.o
                0x08000224                SysTick_Handler
 .text.startup.main
                0x08000234       0xf0 C:\Users\Alex\AppData\Local\Temp\ccsnlO14.o
                0x08000234                main
 .text._reset   0x08000324       0x50 C:\Users\Alex\AppData\Local\Temp\cceLlPjC.o
                0x08000324                _reset
 .text._fstat   0x08000374       0x12 C:\Users\Alex\AppData\Local\Temp\ccQl3veh.o
                0x08000374                _fstat
 *fill*         0x08000386        0x2 
 .text._sbrk    0x08000388       0x1c C:\Users\Alex\AppData\Local\Temp\ccQl3veh.o
                0x08000388                _sbrk
 .text._close   0x080003a4        0x6 C:\Users\Alex\AppData\Local\Temp\ccQl3veh.o
                0x080003a4                _close
 .text._isatty  0x080003aa        0x4 C:\Users\Alex\AppData\Local\Temp\ccQl3veh.o
                0x080003aa                _isatty
 .text._lseek   0x080003ae        0x4 C:\Users\Alex\AppData\Local\Temp\ccQl3veh.o
                0x080003ae                _lseek
 *fill*         0x080003b2        0x2 
 .text._write   0x080003b4       0x34 C:\Users\Alex\AppData\Local\Temp\ccQl3veh.o
                0x080003b4                _write
 .text._read    0x080003e8        0x6 C:\Users\Alex\AppData\Local\Temp\ccQl3veh.o
                0x080003e8                _read
 *fill*         0x080003ee        0x2 
 .text.printf   0x080003f0       0x24 c:/program files (x86)/gnu tools arm embedded/bin/../lib/gcc/arm-none-eabi/12.2.0/thumb/v7e-m+fp/hard\libc_nano.a(libc_a-printf.o)
                0x080003f0                iprintf
                0x080003f0                printf
 .text.memset   0x08000414       0x10 c:/program files (x86)/gnu tools arm embedded/bin/../lib/gcc/arm-none-eabi/12.2.0/thumb/v7e-m+fp/hard\libc_nano.a(libc_a-memset.o)
                0x08000414                memset
 .text.memcpy   0x08000424       0x1c c:/program files (x86)/gnu tools arm embedded/bin/../lib/gcc/arm-none-eabi/12.2.0/thumb/v7e-m+fp/hard\libc_nano.a(libc_a-memcpy-stub.o)
                0x08000424                memcpy
 .text.__sfputc_r
                0x08000440       0x2e c:/program files (x86)/gnu tools arm embedded/bin/../lib/gcc/arm-none-eabi/12.2.0/thumb/v7e-m+fp/hard\libc_nano.a(libc_a-nano-vfprintf.o)
 .text.__sfputs_r
                0x0800046e       0x24 c:/program files (x86)/gnu tools arm embedded/bin/../lib/gcc/arm-none-eabi/12.2.0/thumb/v7e-m+fp/hard\libc_nano.a(libc_a-nano-vfprintf.o)
                0x0800046e                __sfputs_r
 *fill*         0x08000492        0x2 
 .text._vfprintf_r
                0x08000494      0x230 c:/program files (x86)/gnu tools arm embedded/bin/../lib/gcc/arm-none-eabi/12.2.0/thumb/v7e-m+fp/hard\libc_nano.a(libc_a-nano-vfprintf.o)
                0x08000494                _vfprintf_r
                0x08000494                _vfiprintf_r
 .text._printf_common
                0x080006c4       0xda c:/program files (x86)/gnu tools arm embedded/bin/../lib/gcc/arm-none-eabi/12.2.0/thumb/v7e-m+fp/hard\libc_nano.a(libc_a-nano-vfprintf_i.o)
                0x080006c4                _printf_common
 *fill*         0x0800079e        0x2 
 .text._printf_i
                0x080007a0      0x25c c:/program files (x86)/gnu tools arm embedded/bin/../lib/gcc/arm-none-eabi/12.2.0/thumb/v7e-m+fp/hard\libc_nano.a(libc_a-nano-vfprintf_i.o)
                0x080007a0                _printf_i
 .text.std      0x080009fc       0x48 c:/program files (x86)/gnu tools arm embedded/bin/../lib/gcc/arm-none-eabi/12.2.0/thumb/v7e-m+fp/hard\libc_nano.a(libc_a-findfp.o)
 .text.stdio_exit_handler
                0x08000a44       0x18 c:/program files (x86)/gnu tools arm embedded/bin/../lib/gcc/arm-none-eabi/12.2.0/thumb/v7e-m+fp/hard\libc_nano.a(libc_a-findfp.o)
 .text.cleanup_stdio
                0x08000a5c       0x40 c:/program files (x86)/gnu tools arm embedded/bin/../lib/gcc/arm-none-eabi/12.2.0/thumb/v7e-m+fp/hard\libc_nano.a(libc_a-findfp.o)
 .text.global_stdio_init.part.0
                0x08000a9c       0x3c c:/program files (x86)/gnu tools arm embedded/bin/../lib/gcc/arm-none-eabi/12.2.0/thumb/v7e-m+fp/hard\libc_nano.a(libc_a-findfp.o)
 .text.__sfp_lock_acquire
                0x08000ad8        0xc c:/program files (x86)/gnu tools arm embedded/bin/../lib/gcc/arm-none-eabi/12.2.0/thumb/v7e-m+fp/hard\libc_nano.a(libc_a-findfp.o)
                0x08000ad8                __sfp_lock_acquire
 .text.__sfp_lock_release
                0x08000ae4        0xc c:/program files (x86)/gnu tools arm embedded/bin/../lib/gcc/arm-none-eabi/12.2.0/thumb/v7e-m+fp/hard\libc_nano.a(libc_a-findfp.o)
                0x08000ae4                __sfp_lock_release
 .text.__sinit  0x08000af0       0x30 c:/program files (x86)/gnu tools arm embedded/bin/../lib/gcc/arm-none-eabi/12.2.0/thumb/v7e-m+fp/hard\libc_nano.a(libc_a-findfp.o)
                0x08000af0                __sinit
 .text._fwalk_sglue
                0x08000b20       0x3c c:/program files (x86)/gnu tools arm embedded/bin/../lib/gcc/arm-none-eabi/12.2.0/thumb/v7e-m+fp/hard\libc_nano.a(libc_a-fwalk.o)
                0x08000b20                _fwalk_sglue
 .text.__sread  0x08000b5c       0x22 c:/program files (x86)/gnu tools arm embedded/bin/../lib/gcc/arm-none-eabi/12.2.0/thumb/v7e-m+fp/hard\libc_nano.a(libc_a-stdio.o)
                0x08000b5c                __sread
 .text.__swrite
                0x08000b7e       0x38 c:/program files (x86)/gnu tools arm embedded/bin/../lib/gcc/arm-none-eabi/12.2.0/thumb/v7e-m+fp/hard\libc_nano.a(libc_a-stdio.o)
                0x08000b7e                __swrite
 .text.__sseek  0x08000bb6       0x24 c:/program files (x86)/gnu tools arm embedded/bin/../lib/gcc/arm-none-eabi/12.2.0/thumb/v7e-m+fp/hard\libc_nano.a(libc_a-stdio.o)
                0x08000bb6                __sseek
 .text.__sclose
                0x08000bda        0x8 c:/program files (x86)/gnu tools arm embedded/bin/../lib/gcc/arm-none-eabi/12.2.0/thumb/v7e-m+fp/hard\libc_nano.a(libc_a-stdio.o)
                0x08000bda                __sclose
 .text.__swbuf_r
                0x08000be2       0x7c c:/program files (x86)/gnu tools arm embedded/bin/../lib/gcc/arm-none-eabi/12.2.0/thumb/v7e-m+fp/hard\libc_nano.a(libc_a-wbuf.o)
                0x08000be2                __swbuf_r
 *fill*         0x08000c5e        0x2 
 .text.__swsetup_r
                0x08000c60       0xac c:/program files (x86)/gnu tools arm embedded/bin/../lib/gcc/arm-none-eabi/12.2.0/thumb/v7e-m+fp/hard\libc_nano.a(libc_a-wsetup.o)
                0x08000c60                __swsetup_r
 .text._close_r
                0x08000d0c       0x20 c:/program files (x86)/gnu tools arm embedded/bin/../lib/gcc/arm-none-eabi/12.2.0/thumb/v7e-m+fp/hard\libc_nano.a(libc_a-closer.o)
                0x08000d0c                _close_r
 .text._lseek_r
                0x08000d2c       0x24 c:/program files (x86)/gnu tools arm embedded/bin/../lib/gcc/arm-none-eabi/12.2.0/thumb/v7e-m+fp/hard\libc_nano.a(libc_a-lseekr.o)
                0x08000d2c                _lseek_r
 .text._read_r  0x08000d50       0x24 c:/program files (x86)/gnu tools arm embedded/bin/../lib/gcc/arm-none-eabi/12.2.0/thumb/v7e-m+fp/hard\libc_nano.a(libc_a-readr.o)
                0x08000d50                _read_r
 .text._write_r
                0x08000d74       0x24 c:/program files (x86)/gnu tools arm embedded/bin/../lib/gcc/arm-none-eabi/12.2.0/thumb/v7e-m+fp/hard\libc_nano.a(libc_a-writer.o)
                0x08000d74                _write_r
 .text.__retarget_lock_acquire_recursive
                0x08000d98        0x2 c:/program files (x86)/gnu tools arm embedded/bin/../lib/gcc/arm-none-eabi/12.2.0/thumb/v7e-m+fp/hard\libc_nano.a(libc_a-lock.o)
                0x08000d98                __retarget_lock_acquire_recursive
 .text.__retarget_lock_release_recursive
                0x08000d9a        0x2 c:/program files (x86)/gnu tools arm embedded/bin/../lib/gcc/arm-none-eabi/12.2.0/thumb/v7e-m+fp/hard\libc_nano.a(libc_a-lock.o)
                0x08000d9a                __retarget_lock_release_recursive
 *fill*         0x08000d9c        0x4 
 .text          0x08000da0       0xa0 c:/program files (x86)/gnu tools arm embedded/bin/../lib/gcc/arm-none-eabi/12.2.0/thumb/v7e-m+fp/hard\libc_nano.a(libc_a-memchr.o)
                0x08000da0                memchr
 .text._free_r  0x08000e40       0x94 c:/program files (x86)/gnu tools arm embedded/bin/../lib/gcc/arm-none-eabi/12.2.0/thumb/v7e-m+fp/hard\libc_nano.a(libc_a-freer.o)
                0x08000e40                _free_r
 .text.sbrk_aligned
                0x08000ed4       0x44 c:/program files (x86)/gnu tools arm embedded/bin/../lib/gcc/arm-none-eabi/12.2.0/thumb/v7e-m+fp/hard\libc_nano.a(libc_a-mallocr.o)
 .text._malloc_r
                0x08000f18       0xe0 c:/program files (x86)/gnu tools arm embedded/bin/../lib/gcc/arm-none-eabi/12.2.0/thumb/v7e-m+fp/hard\libc_nano.a(libc_a-mallocr.o)
                0x08000f18                _malloc_r
 .text.__malloc_lock
                0x08000ff8        0xc c:/program files (x86)/gnu tools arm embedded/bin/../lib/gcc/arm-none-eabi/12.2.0/thumb/v7e-m+fp/hard\libc_nano.a(libc_a-mlock.o)
                0x08000ff8                __malloc_lock
 .text.__malloc_unlock
                0x08001004        0xc c:/program files (x86)/gnu tools arm embedded/bin/../lib/gcc/arm-none-eabi/12.2.0/thumb/v7e-m+fp/hard\libc_nano.a(libc_a-mlock.o)
                0x08001004                __malloc_unlock
 .text.__sflush_r
                0x08001010      0x108 c:/program files (x86)/gnu tools arm embedded/bin/../lib/gcc/arm-none-eabi/12.2.0/thumb/v7e-m+fp/hard\libc_nano.a(libc_a-fflush.o)
                0x08001010                __sflush_r
 .text._fflush_r
                0x08001118       0x50 c:/program files (x86)/gnu tools arm embedded/bin/../lib/gcc/arm-none-eabi/12.2.0/thumb/v7e-m+fp/hard\libc_nano.a(libc_a-fflush.o)
                0x08001118                _fflush_r
 .text.__swhatbuf_r
                0x08001168       0x4c c:/program files (x86)/gnu tools arm embedded/bin/../lib/gcc/arm-none-eabi/12.2.0/thumb/v7e-m+fp/hard\libc_nano.a(libc_a-makebuf.o)
                0x08001168                __swhatbuf_r
 .text.__smakebuf_r
                0x080011b4       0x78 c:/program files (x86)/gnu tools arm embedded/bin/../lib/gcc/arm-none-eabi/12.2.0/thumb/v7e-m+fp/hard\libc_nano.a(libc_a-makebuf.o)
                0x080011b4                __smakebuf_r
 .text._fstat_r
                0x0800122c       0x24 c:/program files (x86)/gnu tools arm embedded/bin/../lib/gcc/arm-none-eabi/12.2.0/thumb/v7e-m+fp/hard\libc_nano.a(libc_a-fstatr.o)
                0x0800122c                _fstat_r
 .text._isatty_r
                0x08001250       0x20 c:/program files (x86)/gnu tools arm embedded/bin/../lib/gcc/arm-none-eabi/12.2.0/thumb/v7e-m+fp/hard\libc_nano.a(libc_a-isattyr.o)
                0x08001250                _isatty_r
 .text._sbrk_r  0x08001270       0x20 c:/program files (x86)/gnu tools arm embedded/bin/../lib/gcc/arm-none-eabi/12.2.0/thumb/v7e-m+fp/hard\libc_nano.a(libc_a-sbrkr.o)
                0x08001270                _sbrk_r

.glue_7         0x08001290        0x0
 .glue_7        0x08001290        0x0 linker stubs

.glue_7t        0x08001290        0x0
 .glue_7t       0x08001290        0x0 linker stubs

.vfp11_veneer   0x08001290        0x0
 .vfp11_veneer  0x08001290        0x0 linker stubs

.v4_bx          0x08001290        0x0
 .v4_bx         0x08001290        0x0 linker stubs

.iplt           0x08001290        0x0
 .iplt          0x08001290        0x0 C:\Users\Alex\AppData\Local\Temp\ccsnlO14.o

.rodata         0x08001290       0x48
 *(.rodata*)
 .rodata.main.str1.1
                0x08001290       0x15 C:\Users\Alex\AppData\Local\Temp\ccsnlO14.o
 .rodata._vfprintf_r.str1.1
                0x080012a5       0x11 c:/program files (x86)/gnu tools arm embedded/bin/../lib/gcc/arm-none-eabi/12.2.0/thumb/v7e-m+fp/hard\libc_nano.a(libc_a-nano-vfprintf.o)
 .rodata._printf_i.str1.1
                0x080012b6       0x22 c:/program files (x86)/gnu tools arm embedded/bin/../lib/gcc/arm-none-eabi/12.2.0/thumb/v7e-m+fp/hard\libc_nano.a(libc_a-nano-vfprintf_i.o)

.ARM.exidx      0x080012d8        0x8
 .ARM.exidx     0x080012d8        0x8 c:/program files (x86)/gnu tools arm embedded/bin/../lib/gcc/arm-none-eabi/12.2.0/thumb/v7e-m+fp/hard\libc_nano.a(libc_a-memchr.o)

.rel.dyn        0x080012e0        0x0
 .rel.iplt      0x080012e0        0x0 C:\Users\Alex\AppData\Local\Temp\ccsnlO14.o

.data           0x20000000       0x5c load address 0x080012e0
                0x20000000                        _sdata = .
 *(.first_data)
 *(.data SORT_BY_NAME(.data.*))
 .data.__sglue  0x20000000        0xc c:/program files (x86)/gnu tools arm embedded/bin/../lib/gcc/arm-none-eabi/12.2.0/thumb/v7e-m+fp/hard\libc_nano.a(libc_a-findfp.o)
                0x20000000                __sglue
 .data._impure_data
                0x2000000c       0x4c c:/program files (x86)/gnu tools arm embedded/bin/../lib/gcc/arm-none-eabi/12.2.0/thumb/v7e-m+fp/hard\libc_nano.a(libc_a-impure.o)
                0x2000000c                _impure_data
 .data._impure_ptr
                0x20000058        0x4 c:/program files (x86)/gnu tools arm embedded/bin/../lib/gcc/arm-none-eabi/12.2.0/thumb/v7e-m+fp/hard\libc_nano.a(libc_a-impure.o)
                0x20000058                _impure_ptr
                0x2000005c                        _edata = .
                0x080012e0                        _sidata = LOADADDR (.data)

.igot.plt       0x2000005c        0x0 load address 0x0800133c
 .igot.plt      0x2000005c        0x0 C:\Users\Alex\AppData\Local\Temp\ccsnlO14.o

.bss            0x2000005c      0x158 load address 0x0800133c
                0x2000005c                        _sbss = .
 *(.bss SORT_BY_NAME(.bss.*) COMMON)
 .bss.__lock___malloc_recursive_mutex
                0x2000005c        0x1 c:/program files (x86)/gnu tools arm embedded/bin/../lib/gcc/arm-none-eabi/12.2.0/thumb/v7e-m+fp/hard\libc_nano.a(libc_a-lock.o)
                0x2000005c                __lock___malloc_recursive_mutex
 .bss.__lock___sfp_recursive_mutex
                0x2000005d        0x1 c:/program files (x86)/gnu tools arm embedded/bin/../lib/gcc/arm-none-eabi/12.2.0/thumb/v7e-m+fp/hard\libc_nano.a(libc_a-lock.o)
                0x2000005d                __lock___sfp_recursive_mutex
 *fill*         0x2000005e        0x2 
 .bss.__malloc_free_list
                0x20000060        0x4 c:/program files (x86)/gnu tools arm embedded/bin/../lib/gcc/arm-none-eabi/12.2.0/thumb/v7e-m+fp/hard\libc_nano.a(libc_a-mallocr.o)
                0x20000060                __malloc_free_list
 .bss.__malloc_sbrk_start
                0x20000064        0x4 c:/program files (x86)/gnu tools arm embedded/bin/../lib/gcc/arm-none-eabi/12.2.0/thumb/v7e-m+fp/hard\libc_nano.a(libc_a-mallocr.o)
                0x20000064                __malloc_sbrk_start
 .bss.__sf      0x20000068      0x138 c:/program files (x86)/gnu tools arm embedded/bin/../lib/gcc/arm-none-eabi/12.2.0/thumb/v7e-m+fp/hard\libc_nano.a(libc_a-findfp.o)
                0x20000068                __sf
 .bss.__stdio_exit_handler
                0x200001a0        0x4 c:/program files (x86)/gnu tools arm embedded/bin/../lib/gcc/arm-none-eabi/12.2.0/thumb/v7e-m+fp/hard\libc_nano.a(libc_a-findfp.o)
                0x200001a0                __stdio_exit_handler
 .bss.errno     0x200001a4        0x4 c:/program files (x86)/gnu tools arm embedded/bin/../lib/gcc/arm-none-eabi/12.2.0/thumb/v7e-m+fp/hard\libc_nano.a(libc_a-reent.o)
                0x200001a4                errno
 .bss.heap.0    0x200001a8        0x4 C:\Users\Alex\AppData\Local\Temp\ccQl3veh.o
 .bss.on.0      0x200001ac        0x1 C:\Users\Alex\AppData\Local\Temp\ccsnlO14.o
 *fill*         0x200001ad        0x3 
 .bss.s_ticks   0x200001b0        0x4 C:\Users\Alex\AppData\Local\Temp\ccsnlO14.o
                0x200001b4                        _ebss = .
                0x200001b8                        . = ALIGN (0x8)
                0x200001b8                        _end = .
OUTPUT(firmware.elf elf32-littlearm)
LOAD linker stubs

.debug_info     0x00000000     0xe343
 .debug_info    0x00000000      0x977 C:\Users\Alex\AppData\Local\Temp\ccsnlO14.o
 .debug_info    0x00000977      0x139 C:\Users\Alex\AppData\Local\Temp\cceLlPjC.o
 .debug_info    0x00000ab0      0x796 C:\Users\Alex\AppData\Local\Temp\ccQl3veh.o
 .debug_info    0x00001246      0x83a c:/program files (x86)/gnu tools arm embedded/bin/../lib/gcc/arm-none-eabi/12.2.0/thumb/v7e-m+fp/hard\libc_nano.a(libc_a-printf.o)
 .debug_info    0x00001a80       0xe0 c:/program files (x86)/gnu tools arm embedded/bin/../lib/gcc/arm-none-eabi/12.2.0/thumb/v7e-m+fp/hard\libc_nano.a(libc_a-memset.o)
 .debug_info    0x00001b60      0x714 c:/program files (x86)/gnu tools arm embedded/bin/../lib/gcc/arm-none-eabi/12.2.0/thumb/v7e-m+fp/hard\libc_nano.a(libc_a-impure.o)
 .debug_info    0x00002274      0x121 c:/program files (x86)/gnu tools arm embedded/bin/../lib/gcc/arm-none-eabi/12.2.0/thumb/v7e-m+fp/hard\libc_nano.a(libc_a-memcpy-stub.o)
 .debug_info    0x00002395     0x1079 c:/program files (x86)/gnu tools arm embedded/bin/../lib/gcc/arm-none-eabi/12.2.0/thumb/v7e-m+fp/hard\libc_nano.a(libc_a-nano-vfprintf.o)
 .debug_info    0x0000340e      0xddf c:/program files (x86)/gnu tools arm embedded/bin/../lib/gcc/arm-none-eabi/12.2.0/thumb/v7e-m+fp/hard\libc_nano.a(libc_a-nano-vfprintf_i.o)
 .debug_info    0x000041ed      0xf8f c:/program files (x86)/gnu tools arm embedded/bin/../lib/gcc/arm-none-eabi/12.2.0/thumb/v7e-m+fp/hard\libc_nano.a(libc_a-findfp.o)
 .debug_info    0x0000517c      0x7d1 c:/program files (x86)/gnu tools arm embedded/bin/../lib/gcc/arm-none-eabi/12.2.0/thumb/v7e-m+fp/hard\libc_nano.a(libc_a-fwalk.o)
 .debug_info    0x0000594d      0xa53 c:/program files (x86)/gnu tools arm embedded/bin/../lib/gcc/arm-none-eabi/12.2.0/thumb/v7e-m+fp/hard\libc_nano.a(libc_a-stdio.o)
 .debug_info    0x000063a0      0x867 c:/program files (x86)/gnu tools arm embedded/bin/../lib/gcc/arm-none-eabi/12.2.0/thumb/v7e-m+fp/hard\libc_nano.a(libc_a-wbuf.o)
 .debug_info    0x00006c07      0x7ba c:/program files (x86)/gnu tools arm embedded/bin/../lib/gcc/arm-none-eabi/12.2.0/thumb/v7e-m+fp/hard\libc_nano.a(libc_a-wsetup.o)
 .debug_info    0x000073c1      0x755 c:/program files (x86)/gnu tools arm embedded/bin/../lib/gcc/arm-none-eabi/12.2.0/thumb/v7e-m+fp/hard\libc_nano.a(libc_a-closer.o)
 .debug_info    0x00007b16      0x854 c:/program files (x86)/gnu tools arm embedded/bin/../lib/gcc/arm-none-eabi/12.2.0/thumb/v7e-m+fp/hard\libc_nano.a(libc_a-reent.o)
 .debug_info    0x0000836a      0x795 c:/program files (x86)/gnu tools arm embedded/bin/../lib/gcc/arm-none-eabi/12.2.0/thumb/v7e-m+fp/hard\libc_nano.a(libc_a-lseekr.o)
 .debug_info    0x00008aff      0x7ac c:/program files (x86)/gnu tools arm embedded/bin/../lib/gcc/arm-none-eabi/12.2.0/thumb/v7e-m+fp/hard\libc_nano.a(libc_a-readr.o)
 .debug_info    0x000092ab      0x7b2 c:/program files (x86)/gnu tools arm embedded/bin/../lib/gcc/arm-none-eabi/12.2.0/thumb/v7e-m+fp/hard\libc_nano.a(libc_a-writer.o)
 .debug_info    0x00009a5d      0x20a c:/program files (x86)/gnu tools arm embedded/bin/../lib/gcc/arm-none-eabi/12.2.0/thumb/v7e-m+fp/hard\libc_nano.a(libc_a-lock.o)
 .debug_info    0x00009c67       0x25 c:/program files (x86)/gnu tools arm embedded/bin/../lib/gcc/arm-none-eabi/12.2.0/thumb/v7e-m+fp/hard\libc_nano.a(libc_a-memchr.o)
 .debug_info    0x00009c8c      0x84a c:/program files (x86)/gnu tools arm embedded/bin/../lib/gcc/arm-none-eabi/12.2.0/thumb/v7e-m+fp/hard\libc_nano.a(libc_a-freer.o)
 .debug_info    0x0000a4d6      0x9b5 c:/program files (x86)/gnu tools arm embedded/bin/../lib/gcc/arm-none-eabi/12.2.0/thumb/v7e-m+fp/hard\libc_nano.a(libc_a-mallocr.o)
 .debug_info    0x0000ae8b      0x76a c:/program files (x86)/gnu tools arm embedded/bin/../lib/gcc/arm-none-eabi/12.2.0/thumb/v7e-m+fp/hard\libc_nano.a(libc_a-mlock.o)
 .debug_info    0x0000b5f5      0x9f1 c:/program files (x86)/gnu tools arm embedded/bin/../lib/gcc/arm-none-eabi/12.2.0/thumb/v7e-m+fp/hard\libc_nano.a(libc_a-fflush.o)
 .debug_info    0x0000bfe6      0xb19 c:/program files (x86)/gnu tools arm embedded/bin/../lib/gcc/arm-none-eabi/12.2.0/thumb/v7e-m+fp/hard\libc_nano.a(libc_a-makebuf.o)
 .debug_info    0x0000caff      0x974 c:/program files (x86)/gnu tools arm embedded/bin/../lib/gcc/arm-none-eabi/12.2.0/thumb/v7e-m+fp/hard\libc_nano.a(libc_a-fstatr.o)
 .debug_info    0x0000d473      0x755 c:/program files (x86)/gnu tools arm embedded/bin/../lib/gcc/arm-none-eabi/12.2.0/thumb/v7e-m+fp/hard\libc_nano.a(libc_a-isattyr.o)
 .debug_info    0x0000dbc8      0x77b c:/program files (x86)/gnu tools arm embedded/bin/../lib/gcc/arm-none-eabi/12.2.0/thumb/v7e-m+fp/hard\libc_nano.a(libc_a-sbrkr.o)

.debug_abbrev   0x00000000     0x3724
 .debug_abbrev  0x00000000      0x2d3 C:\Users\Alex\AppData\Local\Temp\ccsnlO14.o
 .debug_abbrev  0x000002d3       0xe8 C:\Users\Alex\AppData\Local\Temp\cceLlPjC.o
 .debug_abbrev  0x000003bb      0x26f C:\Users\Alex\AppData\Local\Temp\ccQl3veh.o
 .debug_abbrev  0x0000062a      0x21a c:/program files (x86)/gnu tools arm embedded/bin/../lib/gcc/arm-none-eabi/12.2.0/thumb/v7e-m+fp/hard\libc_nano.a(libc_a-printf.o)
 .debug_abbrev  0x00000844       0x9e c:/program files (x86)/gnu tools arm embedded/bin/../lib/gcc/arm-none-eabi/12.2.0/thumb/v7e-m+fp/hard\libc_nano.a(libc_a-memset.o)
 .debug_abbrev  0x000008e2      0x149 c:/program files (x86)/gnu tools arm embedded/bin/../lib/gcc/arm-none-eabi/12.2.0/thumb/v7e-m+fp/hard\libc_nano.a(libc_a-impure.o)
 .debug_abbrev  0x00000a2b       0xc1 c:/program files (x86)/gnu tools arm embedded/bin/../lib/gcc/arm-none-eabi/12.2.0/thumb/v7e-m+fp/hard\libc_nano.a(libc_a-memcpy-stub.o)
 .debug_abbrev  0x00000aec      0x317 c:/program files (x86)/gnu tools arm embedded/bin/../lib/gcc/arm-none-eabi/12.2.0/thumb/v7e-m+fp/hard\libc_nano.a(libc_a-nano-vfprintf.o)
 .debug_abbrev  0x00000e03      0x28f c:/program files (x86)/gnu tools arm embedded/bin/../lib/gcc/arm-none-eabi/12.2.0/thumb/v7e-m+fp/hard\libc_nano.a(libc_a-nano-vfprintf_i.o)
 .debug_abbrev  0x00001092      0x40c c:/program files (x86)/gnu tools arm embedded/bin/../lib/gcc/arm-none-eabi/12.2.0/thumb/v7e-m+fp/hard\libc_nano.a(libc_a-findfp.o)
 .debug_abbrev  0x0000149e      0x19b c:/program files (x86)/gnu tools arm embedded/bin/../lib/gcc/arm-none-eabi/12.2.0/thumb/v7e-m+fp/hard\libc_nano.a(libc_a-fwalk.o)
 .debug_abbrev  0x00001639      0x221 c:/program files (x86)/gnu tools arm embedded/bin/../lib/gcc/arm-none-eabi/12.2.0/thumb/v7e-m+fp/hard\libc_nano.a(libc_a-stdio.o)
 .debug_abbrev  0x0000185a      0x22d c:/program files (x86)/gnu tools arm embedded/bin/../lib/gcc/arm-none-eabi/12.2.0/thumb/v7e-m+fp/hard\libc_nano.a(libc_a-wbuf.o)
 .debug_abbrev  0x00001a87      0x1e2 c:/program files (x86)/gnu tools arm embedded/bin/../lib/gcc/arm-none-eabi/12.2.0/thumb/v7e-m+fp/hard\libc_nano.a(libc_a-wsetup.o)
 .debug_abbrev  0x00001c69      0x1b0 c:/program files (x86)/gnu tools arm embedded/bin/../lib/gcc/arm-none-eabi/12.2.0/thumb/v7e-m+fp/hard\libc_nano.a(libc_a-closer.o)
 .debug_abbrev  0x00001e19      0x1ed c:/program files (x86)/gnu tools arm embedded/bin/../lib/gcc/arm-none-eabi/12.2.0/thumb/v7e-m+fp/hard\libc_nano.a(libc_a-reent.o)
 .debug_abbrev  0x00002006      0x1c4 c:/program files (x86)/gnu tools arm embedded/bin/../lib/gcc/arm-none-eabi/12.2.0/thumb/v7e-m+fp/hard\libc_nano.a(libc_a-lseekr.o)
 .debug_abbrev  0x000021ca      0x1b0 c:/program files (x86)/gnu tools arm embedded/bin/../lib/gcc/arm-none-eabi/12.2.0/thumb/v7e-m+fp/hard\libc_nano.a(libc_a-readr.o)
 .debug_abbrev  0x0000237a      0x1b5 c:/program files (x86)/gnu tools arm embedded/bin/../lib/gcc/arm-none-eabi/12.2.0/thumb/v7e-m+fp/hard\libc_nano.a(libc_a-writer.o)
 .debug_abbrev  0x0000252f      0x115 c:/program files (x86)/gnu tools arm embedded/bin/../lib/gcc/arm-none-eabi/12.2.0/thumb/v7e-m+fp/hard\libc_nano.a(libc_a-lock.o)
 .debug_abbrev  0x00002644       0x14 c:/program files (x86)/gnu tools arm embedded/bin/../lib/gcc/arm-none-eabi/12.2.0/thumb/v7e-m+fp/hard\libc_nano.a(libc_a-memchr.o)
 .debug_abbrev  0x00002658      0x236 c:/program files (x86)/gnu tools arm embedded/bin/../lib/gcc/arm-none-eabi/12.2.0/thumb/v7e-m+fp/hard\libc_nano.a(libc_a-freer.o)
 .debug_abbrev  0x0000288e      0x24a c:/program files (x86)/gnu tools arm embedded/bin/../lib/gcc/arm-none-eabi/12.2.0/thumb/v7e-m+fp/hard\libc_nano.a(libc_a-mallocr.o)
 .debug_abbrev  0x00002ad8      0x1bf c:/program files (x86)/gnu tools arm embedded/bin/../lib/gcc/arm-none-eabi/12.2.0/thumb/v7e-m+fp/hard\libc_nano.a(libc_a-mlock.o)
 .debug_abbrev  0x00002c97      0x2b2 c:/program files (x86)/gnu tools arm embedded/bin/../lib/gcc/arm-none-eabi/12.2.0/thumb/v7e-m+fp/hard\libc_nano.a(libc_a-fflush.o)
 .debug_abbrev  0x00002f49      0x28e c:/program files (x86)/gnu tools arm embedded/bin/../lib/gcc/arm-none-eabi/12.2.0/thumb/v7e-m+fp/hard\libc_nano.a(libc_a-makebuf.o)
 .debug_abbrev  0x000031d7      0x1c3 c:/program files (x86)/gnu tools arm embedded/bin/../lib/gcc/arm-none-eabi/12.2.0/thumb/v7e-m+fp/hard\libc_nano.a(libc_a-fstatr.o)
 .debug_abbrev  0x0000339a      0x1b0 c:/program files (x86)/gnu tools arm embedded/bin/../lib/gcc/arm-none-eabi/12.2.0/thumb/v7e-m+fp/hard\libc_nano.a(libc_a-isattyr.o)
 .debug_abbrev  0x0000354a      0x1da c:/program files (x86)/gnu tools arm embedded/bin/../lib/gcc/arm-none-eabi/12.2.0/thumb/v7e-m+fp/hard\libc_nano.a(libc_a-sbrkr.o)

.debug_loclists
                0x00000000     0x1cbb
 .debug_loclists
                0x00000000      0x1e9 C:\Users\Alex\AppData\Local\Temp\ccsnlO14.o
 .debug_loclists
                0x000001e9      0x1d5 C:\Users\Alex\AppData\Local\Temp\ccQl3veh.o
 .debug_loclists
                0x000003be       0x44 c:/program files (x86)/gnu tools arm embedded/bin/../lib/gcc/arm-none-eabi/12.2.0/thumb/v7e-m+fp/hard\libc_nano.a(libc_a-printf.o)
 .debug_loclists
                0x00000402       0x47 c:/program files (x86)/gnu tools arm embedded/bin/../lib/gcc/arm-none-eabi/12.2.0/thumb/v7e-m+fp/hard\libc_nano.a(libc_a-memset.o)
 .debug_loclists
                0x00000449       0x8f c:/program files (x86)/gnu tools arm embedded/bin/../lib/gcc/arm-none-eabi/12.2.0/thumb/v7e-m+fp/hard\libc_nano.a(libc_a-memcpy-stub.o)
 .debug_loclists
                0x000004d8      0x3ec c:/program files (x86)/gnu tools arm embedded/bin/../lib/gcc/arm-none-eabi/12.2.0/thumb/v7e-m+fp/hard\libc_nano.a(libc_a-nano-vfprintf.o)
 .debug_loclists
                0x000008c4      0x430 c:/program files (x86)/gnu tools arm embedded/bin/../lib/gcc/arm-none-eabi/12.2.0/thumb/v7e-m+fp/hard\libc_nano.a(libc_a-nano-vfprintf_i.o)
 .debug_loclists
                0x00000cf4      0x237 c:/program files (x86)/gnu tools arm embedded/bin/../lib/gcc/arm-none-eabi/12.2.0/thumb/v7e-m+fp/hard\libc_nano.a(libc_a-findfp.o)
 .debug_loclists
                0x00000f2b       0x85 c:/program files (x86)/gnu tools arm embedded/bin/../lib/gcc/arm-none-eabi/12.2.0/thumb/v7e-m+fp/hard\libc_nano.a(libc_a-fwalk.o)
 .debug_loclists
                0x00000fb0      0x203 c:/program files (x86)/gnu tools arm embedded/bin/../lib/gcc/arm-none-eabi/12.2.0/thumb/v7e-m+fp/hard\libc_nano.a(libc_a-stdio.o)
 .debug_loclists
                0x000011b3       0xe3 c:/program files (x86)/gnu tools arm embedded/bin/../lib/gcc/arm-none-eabi/12.2.0/thumb/v7e-m+fp/hard\libc_nano.a(libc_a-wbuf.o)
 .debug_loclists
                0x00001296       0x41 c:/program files (x86)/gnu tools arm embedded/bin/../lib/gcc/arm-none-eabi/12.2.0/thumb/v7e-m+fp/hard\libc_nano.a(libc_a-wsetup.o)
 .debug_loclists
                0x000012d7       0x4c c:/program files (x86)/gnu tools arm embedded/bin/../lib/gcc/arm-none-eabi/12.2.0/thumb/v7e-m+fp/hard\libc_nano.a(libc_a-closer.o)
 .debug_loclists
                0x00001323       0x72 c:/program files (x86)/gnu tools arm embedded/bin/../lib/gcc/arm-none-eabi/12.2.0/thumb/v7e-m+fp/hard\libc_nano.a(libc_a-reent.o)
 .debug_loclists
                0x00001395       0x88 c:/program files (x86)/gnu tools arm embedded/bin/../lib/gcc/arm-none-eabi/12.2.0/thumb/v7e-m+fp/hard\libc_nano.a(libc_a-lseekr.o)
 .debug_loclists
                0x0000141d       0x88 c:/program files (x86)/gnu tools arm embedded/bin/../lib/gcc/arm-none-eabi/12.2.0/thumb/v7e-m+fp/hard\libc_nano.a(libc_a-readr.o)
 .debug_loclists
                0x000014a5       0x88 c:/program files (x86)/gnu tools arm embedded/bin/../lib/gcc/arm-none-eabi/12.2.0/thumb/v7e-m+fp/hard\libc_nano.a(libc_a-writer.o)
 .debug_loclists
                0x0000152d       0x23 c:/program files (x86)/gnu tools arm embedded/bin/../lib/gcc/arm-none-eabi/12.2.0/thumb/v7e-m+fp/hard\libc_nano.a(libc_a-lock.o)
 .debug_loclists
                0x00001550       0xd4 c:/program files (x86)/gnu tools arm embedded/bin/../lib/gcc/arm-none-eabi/12.2.0/thumb/v7e-m+fp/hard\libc_nano.a(libc_a-freer.o)
 .debug_loclists
                0x00001624      0x262 c:/program files (x86)/gnu tools arm embedded/bin/../lib/gcc/arm-none-eabi/12.2.0/thumb/v7e-m+fp/hard\libc_nano.a(libc_a-mallocr.o)
 .debug_loclists
                0x00001886       0x3a c:/program files (x86)/gnu tools arm embedded/bin/../lib/gcc/arm-none-eabi/12.2.0/thumb/v7e-m+fp/hard\libc_nano.a(libc_a-mlock.o)
 .debug_loclists
                0x000018c0      0x1dc c:/program files (x86)/gnu tools arm embedded/bin/../lib/gcc/arm-none-eabi/12.2.0/thumb/v7e-m+fp/hard\libc_nano.a(libc_a-fflush.o)
 .debug_loclists
                0x00001a9c      0x11d c:/program files (x86)/gnu tools arm embedded/bin/../lib/gcc/arm-none-eabi/12.2.0/thumb/v7e-m+fp/hard\libc_nano.a(libc_a-makebuf.o)
 .debug_loclists
                0x00001bb9       0x6a c:/program files (x86)/gnu tools arm embedded/bin/../lib/gcc/arm-none-eabi/12.2.0/thumb/v7e-m+fp/hard\libc_nano.a(libc_a-fstatr.o)
 .debug_loclists
                0x00001c23       0x4c c:/program files (x86)/gnu tools arm embedded/bin/../lib/gcc/arm-none-eabi/12.2.0/thumb/v7e-m+fp/hard\libc_nano.a(libc_a-isattyr.o)
 .debug_loclists
                0x00001c6f       0x4c c:/program files (x86)/gnu tools arm embedded/bin/../lib/gcc/arm-none-eabi/12.2.0/thumb/v7e-m+fp/hard\libc_nano.a(libc_a-sbrkr.o)

.debug_aranges  0x00000000      0x540
 .debug_aranges
                0x00000000       0x38 C:\Users\Alex\AppData\Local\Temp\ccsnlO14.o
 .debug_aranges
                0x00000038       0x20 C:\Users\Alex\AppData\Local\Temp\cceLlPjC.o
 .debug_aranges
                0x00000058       0x90 C:\Users\Alex\AppData\Local\Temp\ccQl3veh.o
 .debug_aranges
                0x000000e8       0x28 c:/program files (x86)/gnu tools arm embedded/bin/../lib/gcc/arm-none-eabi/12.2.0/thumb/v7e-m+fp/hard\libc_nano.a(libc_a-printf.o)
 .debug_aranges
                0x00000110       0x20 c:/program files (x86)/gnu tools arm embedded/bin/../lib/gcc/arm-none-eabi/12.2.0/thumb/v7e-m+fp/hard\libc_nano.a(libc_a-memset.o)
 .debug_aranges
                0x00000130       0x18 c:/program files (x86)/gnu tools arm embedded/bin/../lib/gcc/arm-none-eabi/12.2.0/thumb/v7e-m+fp/hard\libc_nano.a(libc_a-impure.o)
 .debug_aranges
                0x00000148       0x20 c:/program files (x86)/gnu tools arm embedded/bin/../lib/gcc/arm-none-eabi/12.2.0/thumb/v7e-m+fp/hard\libc_nano.a(libc_a-memcpy-stub.o)
 .debug_aranges
                0x00000168       0x40 c:/program files (x86)/gnu tools arm embedded/bin/../lib/gcc/arm-none-eabi/12.2.0/thumb/v7e-m+fp/hard\libc_nano.a(libc_a-nano-vfprintf.o)
 .debug_aranges
                0x000001a8       0x28 c:/program files (x86)/gnu tools arm embedded/bin/../lib/gcc/arm-none-eabi/12.2.0/thumb/v7e-m+fp/hard\libc_nano.a(libc_a-nano-vfprintf_i.o)
 .debug_aranges
                0x000001d0       0x78 c:/program files (x86)/gnu tools arm embedded/bin/../lib/gcc/arm-none-eabi/12.2.0/thumb/v7e-m+fp/hard\libc_nano.a(libc_a-findfp.o)
 .debug_aranges
                0x00000248       0x20 c:/program files (x86)/gnu tools arm embedded/bin/../lib/gcc/arm-none-eabi/12.2.0/thumb/v7e-m+fp/hard\libc_nano.a(libc_a-fwalk.o)
 .debug_aranges
                0x00000268       0x40 c:/program files (x86)/gnu tools arm embedded/bin/../lib/gcc/arm-none-eabi/12.2.0/thumb/v7e-m+fp/hard\libc_nano.a(libc_a-stdio.o)
 .debug_aranges
                0x000002a8       0x28 c:/program files (x86)/gnu tools arm embedded/bin/../lib/gcc/arm-none-eabi/12.2.0/thumb/v7e-m+fp/hard\libc_nano.a(libc_a-wbuf.o)
 .debug_aranges
                0x000002d0       0x20 c:/program files (x86)/gnu tools arm embedded/bin/../lib/gcc/arm-none-eabi/12.2.0/thumb/v7e-m+fp/hard\libc_nano.a(libc_a-wsetup.o)
 .debug_aranges
                0x000002f0       0x20 c:/program files (x86)/gnu tools arm embedded/bin/../lib/gcc/arm-none-eabi/12.2.0/thumb/v7e-m+fp/hard\libc_nano.a(libc_a-closer.o)
 .debug_aranges
                0x00000310       0x20 c:/program files (x86)/gnu tools arm embedded/bin/../lib/gcc/arm-none-eabi/12.2.0/thumb/v7e-m+fp/hard\libc_nano.a(libc_a-reent.o)
 .debug_aranges
                0x00000330       0x20 c:/program files (x86)/gnu tools arm embedded/bin/../lib/gcc/arm-none-eabi/12.2.0/thumb/v7e-m+fp/hard\libc_nano.a(libc_a-lseekr.o)
 .debug_aranges
                0x00000350       0x20 c:/program files (x86)/gnu tools arm embedded/bin/../lib/gcc/arm-none-eabi/12.2.0/thumb/v7e-m+fp/hard\libc_nano.a(libc_a-readr.o)
 .debug_aranges
                0x00000370       0x20 c:/program files (x86)/gnu tools arm embedded/bin/../lib/gcc/arm-none-eabi/12.2.0/thumb/v7e-m+fp/hard\libc_nano.a(libc_a-writer.o)
 .debug_aranges
                0x00000390       0x68 c:/program files (x86)/gnu tools arm embedded/bin/../lib/gcc/arm-none-eabi/12.2.0/thumb/v7e-m+fp/hard\libc_nano.a(libc_a-lock.o)
 .debug_aranges
                0x000003f8       0x20 c:/program files (x86)/gnu tools arm embedded/bin/../lib/gcc/arm-none-eabi/12.2.0/thumb/v7e-m+fp/hard\libc_nano.a(libc_a-memchr.o)
 .debug_aranges
                0x00000418       0x20 c:/program files (x86)/gnu tools arm embedded/bin/../lib/gcc/arm-none-eabi/12.2.0/thumb/v7e-m+fp/hard\libc_nano.a(libc_a-freer.o)
 .debug_aranges
                0x00000438       0x28 c:/program files (x86)/gnu tools arm embedded/bin/../lib/gcc/arm-none-eabi/12.2.0/thumb/v7e-m+fp/hard\libc_nano.a(libc_a-mallocr.o)
 .debug_aranges
                0x00000460       0x28 c:/program files (x86)/gnu tools arm embedded/bin/../lib/gcc/arm-none-eabi/12.2.0/thumb/v7e-m+fp/hard\libc_nano.a(libc_a-mlock.o)
 .debug_aranges
                0x00000488       0x30 c:/program files (x86)/gnu tools arm embedded/bin/../lib/gcc/arm-none-eabi/12.2.0/thumb/v7e-m+fp/hard\libc_nano.a(libc_a-fflush.o)
 .debug_aranges
                0x000004b8       0x28 c:/program files (x86)/gnu tools arm embedded/bin/../lib/gcc/arm-none-eabi/12.2.0/thumb/v7e-m+fp/hard\libc_nano.a(libc_a-makebuf.o)
 .debug_aranges
                0x000004e0       0x20 c:/program files (x86)/gnu tools arm embedded/bin/../lib/gcc/arm-none-eabi/12.2.0/thumb/v7e-m+fp/hard\libc_nano.a(libc_a-fstatr.o)
 .debug_aranges
                0x00000500       0x20 c:/program files (x86)/gnu tools arm embedded/bin/../lib/gcc/arm-none-eabi/12.2.0/thumb/v7e-m+fp/hard\libc_nano.a(libc_a-isattyr.o)
 .debug_aranges
                0x00000520       0x20 c:/program files (x86)/gnu tools arm embedded/bin/../lib/gcc/arm-none-eabi/12.2.0/thumb/v7e-m+fp/hard\libc_nano.a(libc_a-sbrkr.o)

.debug_rnglists
                0x00000000      0x49c
 .debug_rnglists
                0x00000000       0x7c C:\Users\Alex\AppData\Local\Temp\ccsnlO14.o
 .debug_rnglists
                0x0000007c       0x13 C:\Users\Alex\AppData\Local\Temp\cceLlPjC.o
 .debug_rnglists
                0x0000008f       0x7f C:\Users\Alex\AppData\Local\Temp\ccQl3veh.o
 .debug_rnglists
                0x0000010e       0x19 c:/program files (x86)/gnu tools arm embedded/bin/../lib/gcc/arm-none-eabi/12.2.0/thumb/v7e-m+fp/hard\libc_nano.a(libc_a-printf.o)
 .debug_rnglists
                0x00000127       0x13 c:/program files (x86)/gnu tools arm embedded/bin/../lib/gcc/arm-none-eabi/12.2.0/thumb/v7e-m+fp/hard\libc_nano.a(libc_a-memset.o)
 .debug_rnglists
                0x0000013a       0x13 c:/program files (x86)/gnu tools arm embedded/bin/../lib/gcc/arm-none-eabi/12.2.0/thumb/v7e-m+fp/hard\libc_nano.a(libc_a-memcpy-stub.o)
 .debug_rnglists
                0x0000014d       0x38 c:/program files (x86)/gnu tools arm embedded/bin/../lib/gcc/arm-none-eabi/12.2.0/thumb/v7e-m+fp/hard\libc_nano.a(libc_a-nano-vfprintf.o)
 .debug_rnglists
                0x00000185       0x66 c:/program files (x86)/gnu tools arm embedded/bin/../lib/gcc/arm-none-eabi/12.2.0/thumb/v7e-m+fp/hard\libc_nano.a(libc_a-nano-vfprintf_i.o)
 .debug_rnglists
                0x000001eb       0x7a c:/program files (x86)/gnu tools arm embedded/bin/../lib/gcc/arm-none-eabi/12.2.0/thumb/v7e-m+fp/hard\libc_nano.a(libc_a-findfp.o)
 .debug_rnglists
                0x00000265       0x13 c:/program files (x86)/gnu tools arm embedded/bin/../lib/gcc/arm-none-eabi/12.2.0/thumb/v7e-m+fp/hard\libc_nano.a(libc_a-fwalk.o)
 .debug_rnglists
                0x00000278       0x2b c:/program files (x86)/gnu tools arm embedded/bin/../lib/gcc/arm-none-eabi/12.2.0/thumb/v7e-m+fp/hard\libc_nano.a(libc_a-stdio.o)
 .debug_rnglists
                0x000002a3       0x25 c:/program files (x86)/gnu tools arm embedded/bin/../lib/gcc/arm-none-eabi/12.2.0/thumb/v7e-m+fp/hard\libc_nano.a(libc_a-wbuf.o)
 .debug_rnglists
                0x000002c8       0x26 c:/program files (x86)/gnu tools arm embedded/bin/../lib/gcc/arm-none-eabi/12.2.0/thumb/v7e-m+fp/hard\libc_nano.a(libc_a-wsetup.o)
 .debug_rnglists
                0x000002ee       0x13 c:/program files (x86)/gnu tools arm embedded/bin/../lib/gcc/arm-none-eabi/12.2.0/thumb/v7e-m+fp/hard\libc_nano.a(libc_a-closer.o)
 .debug_rnglists
                0x00000301       0x30 c:/program files (x86)/gnu tools arm embedded/bin/../lib/gcc/arm-none-eabi/12.2.0/thumb/v7e-m+fp/hard\libc_nano.a(libc_a-reent.o)
 .debug_rnglists
                0x00000331       0x13 c:/program files (x86)/gnu tools arm embedded/bin/../lib/gcc/arm-none-eabi/12.2.0/thumb/v7e-m+fp/hard\libc_nano.a(libc_a-lseekr.o)
 .debug_rnglists
                0x00000344       0x13 c:/program files (x86)/gnu tools arm embedded/bin/../lib/gcc/arm-none-eabi/12.2.0/thumb/v7e-m+fp/hard\libc_nano.a(libc_a-readr.o)
 .debug_rnglists
                0x00000357       0x13 c:/program files (x86)/gnu tools arm embedded/bin/../lib/gcc/arm-none-eabi/12.2.0/thumb/v7e-m+fp/hard\libc_nano.a(libc_a-writer.o)
 .debug_rnglists
                0x0000036a       0x49 c:/program files (x86)/gnu tools arm embedded/bin/../lib/gcc/arm-none-eabi/12.2.0/thumb/v7e-m+fp/hard\libc_nano.a(libc_a-lock.o)
 .debug_rnglists
                0x000003b3       0x14 c:/program files (x86)/gnu tools arm embedded/bin/../lib/gcc/arm-none-eabi/12.2.0/thumb/v7e-m+fp/hard\libc_nano.a(libc_a-freer.o)
 .debug_rnglists
                0x000003c7       0x2c c:/program files (x86)/gnu tools arm embedded/bin/../lib/gcc/arm-none-eabi/12.2.0/thumb/v7e-m+fp/hard\libc_nano.a(libc_a-mallocr.o)
 .debug_rnglists
                0x000003f3       0x19 c:/program files (x86)/gnu tools arm embedded/bin/../lib/gcc/arm-none-eabi/12.2.0/thumb/v7e-m+fp/hard\libc_nano.a(libc_a-mlock.o)
 .debug_rnglists
                0x0000040c       0x3e c:/program files (x86)/gnu tools arm embedded/bin/../lib/gcc/arm-none-eabi/12.2.0/thumb/v7e-m+fp/hard\libc_nano.a(libc_a-fflush.o)
 .debug_rnglists
                0x0000044a       0x19 c:/program files (x86)/gnu tools arm embedded/bin/../lib/gcc/arm-none-eabi/12.2.0/thumb/v7e-m+fp/hard\libc_nano.a(libc_a-makebuf.o)
 .debug_rnglists
                0x00000463       0x13 c:/program files (x86)/gnu tools arm embedded/bin/../lib/gcc/arm-none-eabi/12.2.0/thumb/v7e-m+fp/hard\libc_nano.a(libc_a-fstatr.o)
 .debug_rnglists
                0x00000476       0x13 c:/program files (x86)/gnu tools arm embedded/bin/../lib/gcc/arm-none-eabi/12.2.0/thumb/v7e-m+fp/hard\libc_nano.a(libc_a-isattyr.o)
 .debug_rnglists
                0x00000489       0x13 c:/program files (x86)/gnu tools arm embedded/bin/../lib/gcc/arm-none-eabi/12.2.0/thumb/v7e-m+fp/hard\libc_nano.a(libc_a-sbrkr.o)

.debug_macro    0x00000000     0x2c52
 .debug_macro   0x00000000      0x256 C:\Users\Alex\AppData\Local\Temp\ccsnlO14.o
 .debug_macro   0x00000256      0xac0 C:\Users\Alex\AppData\Local\Temp\ccsnlO14.o
 .debug_macro   0x00000d16       0x22 C:\Users\Alex\AppData\Local\Temp\ccsnlO14.o
 .debug_macro   0x00000d38       0x5b C:\Users\Alex\AppData\Local\Temp\ccsnlO14.o
 .debug_macro   0x00000d93       0x2a C:\Users\Alex\AppData\Local\Temp\ccsnlO14.o
 .debug_macro   0x00000dbd       0x94 C:\Users\Alex\AppData\Local\Temp\ccsnlO14.o
 .debug_macro   0x00000e51       0x43 C:\Users\Alex\AppData\Local\Temp\ccsnlO14.o
 .debug_macro   0x00000e94      0x103 C:\Users\Alex\AppData\Local\Temp\ccsnlO14.o
 .debug_macro   0x00000f97       0x3a C:\Users\Alex\AppData\Local\Temp\ccsnlO14.o
 .debug_macro   0x00000fd1       0x57 C:\Users\Alex\AppData\Local\Temp\ccsnlO14.o
 .debug_macro   0x00001028       0x6a C:\Users\Alex\AppData\Local\Temp\ccsnlO14.o
 .debug_macro   0x00001092      0x1df C:\Users\Alex\AppData\Local\Temp\ccsnlO14.o
 .debug_macro   0x00001271       0x89 C:\Users\Alex\AppData\Local\Temp\ccsnlO14.o
 .debug_macro   0x000012fa      0x460 C:\Users\Alex\AppData\Local\Temp\ccsnlO14.o
 .debug_macro   0x0000175a       0x22 C:\Users\Alex\AppData\Local\Temp\ccsnlO14.o
 .debug_macro   0x0000177c       0x1c C:\Users\Alex\AppData\Local\Temp\ccsnlO14.o
 .debug_macro   0x00001798       0x9e C:\Users\Alex\AppData\Local\Temp\ccsnlO14.o
 .debug_macro   0x00001836      0x369 C:\Users\Alex\AppData\Local\Temp\ccsnlO14.o
 .debug_macro   0x00001b9f       0x94 C:\Users\Alex\AppData\Local\Temp\ccsnlO14.o
 .debug_macro   0x00001c33       0x10 C:\Users\Alex\AppData\Local\Temp\ccsnlO14.o
 .debug_macro   0x00001c43       0x16 C:\Users\Alex\AppData\Local\Temp\ccsnlO14.o
 .debug_macro   0x00001c59       0x43 C:\Users\Alex\AppData\Local\Temp\ccsnlO14.o
 .debug_macro   0x00001c9c       0x34 C:\Users\Alex\AppData\Local\Temp\ccsnlO14.o
 .debug_macro   0x00001cd0       0x10 C:\Users\Alex\AppData\Local\Temp\ccsnlO14.o
 .debug_macro   0x00001ce0       0x58 C:\Users\Alex\AppData\Local\Temp\ccsnlO14.o
 .debug_macro   0x00001d38       0x8e C:\Users\Alex\AppData\Local\Temp\ccsnlO14.o
 .debug_macro   0x00001dc6       0x1c C:\Users\Alex\AppData\Local\Temp\ccsnlO14.o
 .debug_macro   0x00001de2      0x177 C:\Users\Alex\AppData\Local\Temp\ccsnlO14.o
 .debug_macro   0x00001f59       0x16 C:\Users\Alex\AppData\Local\Temp\ccsnlO14.o
 .debug_macro   0x00001f6f       0x16 C:\Users\Alex\AppData\Local\Temp\ccsnlO14.o
 .debug_macro   0x00001f85      0x146 C:\Users\Alex\AppData\Local\Temp\ccsnlO14.o
 .debug_macro   0x000020cb       0x16 C:\Users\Alex\AppData\Local\Temp\ccsnlO14.o
 .debug_macro   0x000020e1       0x35 C:\Users\Alex\AppData\Local\Temp\ccsnlO14.o
 .debug_macro   0x00002116       0x16 C:\Users\Alex\AppData\Local\Temp\ccsnlO14.o
 .debug_macro   0x0000212c       0x29 C:\Users\Alex\AppData\Local\Temp\ccsnlO14.o
 .debug_macro   0x00002155       0x16 C:\Users\Alex\AppData\Local\Temp\ccsnlO14.o
 .debug_macro   0x0000216b       0x10 C:\Users\Alex\AppData\Local\Temp\ccsnlO14.o
 .debug_macro   0x0000217b       0x10 C:\Users\Alex\AppData\Local\Temp\ccsnlO14.o
 .debug_macro   0x0000218b       0x10 C:\Users\Alex\AppData\Local\Temp\ccsnlO14.o
 .debug_macro   0x0000219b       0x1c C:\Users\Alex\AppData\Local\Temp\ccsnlO14.o
 .debug_macro   0x000021b7       0x52 C:\Users\Alex\AppData\Local\Temp\ccsnlO14.o
 .debug_macro   0x00002209       0x22 C:\Users\Alex\AppData\Local\Temp\ccsnlO14.o
 .debug_macro   0x0000222b       0x10 C:\Users\Alex\AppData\Local\Temp\ccsnlO14.o
 .debug_macro   0x0000223b       0x52 C:\Users\Alex\AppData\Local\Temp\ccsnlO14.o
 .debug_macro   0x0000228d       0xc1 C:\Users\Alex\AppData\Local\Temp\ccsnlO14.o
 .debug_macro   0x0000234e       0x1c C:\Users\Alex\AppData\Local\Temp\ccsnlO14.o
 .debug_macro   0x0000236a       0x3d C:\Users\Alex\AppData\Local\Temp\ccsnlO14.o
 .debug_macro   0x000023a7       0x35 C:\Users\Alex\AppData\Local\Temp\ccsnlO14.o
 .debug_macro   0x000023dc      0x12c C:\Users\Alex\AppData\Local\Temp\ccsnlO14.o
 .debug_macro   0x00002508       0x52 C:\Users\Alex\AppData\Local\Temp\ccsnlO14.o
 .debug_macro   0x0000255a       0x11 C:\Users\Alex\AppData\Local\Temp\cceLlPjC.o
 .debug_macro   0x0000256b      0x256 C:\Users\Alex\AppData\Local\Temp\ccQl3veh.o
 .debug_macro   0x000027c1       0x34 C:\Users\Alex\AppData\Local\Temp\ccQl3veh.o
 .debug_macro   0x000027f5      0x189 C:\Users\Alex\AppData\Local\Temp\ccQl3veh.o
 .debug_macro   0x0000297e       0x10 C:\Users\Alex\AppData\Local\Temp\ccQl3veh.o
 .debug_macro   0x0000298e       0xcf C:\Users\Alex\AppData\Local\Temp\ccQl3veh.o
 .debug_macro   0x00002a5d      0x1e5 C:\Users\Alex\AppData\Local\Temp\ccQl3veh.o
 .debug_macro   0x00002c42       0x10 C:\Users\Alex\AppData\Local\Temp\ccQl3veh.o

.debug_line     0x00000000     0x5b3c
 .debug_line    0x00000000      0x607 C:\Users\Alex\AppData\Local\Temp\ccsnlO14.o
 .debug_line    0x00000607       0x65 C:\Users\Alex\AppData\Local\Temp\cceLlPjC.o
 .debug_line    0x0000066c      0x5fa C:\Users\Alex\AppData\Local\Temp\ccQl3veh.o
 .debug_line    0x00000c66      0x272 c:/program files (x86)/gnu tools arm embedded/bin/../lib/gcc/arm-none-eabi/12.2.0/thumb/v7e-m+fp/hard\libc_nano.a(libc_a-printf.o)
 .debug_line    0x00000ed8      0x18e c:/program files (x86)/gnu tools arm embedded/bin/../lib/gcc/arm-none-eabi/12.2.0/thumb/v7e-m+fp/hard\libc_nano.a(libc_a-memset.o)
 .debug_line    0x00001066      0x173 c:/program files (x86)/gnu tools arm embedded/bin/../lib/gcc/arm-none-eabi/12.2.0/thumb/v7e-m+fp/hard\libc_nano.a(libc_a-impure.o)
 .debug_line    0x000011d9      0x21b c:/program files (x86)/gnu tools arm embedded/bin/../lib/gcc/arm-none-eabi/12.2.0/thumb/v7e-m+fp/hard\libc_nano.a(libc_a-memcpy-stub.o)
 .debug_line    0x000013f4      0x707 c:/program files (x86)/gnu tools arm embedded/bin/../lib/gcc/arm-none-eabi/12.2.0/thumb/v7e-m+fp/hard\libc_nano.a(libc_a-nano-vfprintf.o)
 .debug_line    0x00001afb      0x787 c:/program files (x86)/gnu tools arm embedded/bin/../lib/gcc/arm-none-eabi/12.2.0/thumb/v7e-m+fp/hard\libc_nano.a(libc_a-nano-vfprintf_i.o)
 .debug_line    0x00002282      0x590 c:/program files (x86)/gnu tools arm embedded/bin/../lib/gcc/arm-none-eabi/12.2.0/thumb/v7e-m+fp/hard\libc_nano.a(libc_a-findfp.o)
 .debug_line    0x00002812      0x252 c:/program files (x86)/gnu tools arm embedded/bin/../lib/gcc/arm-none-eabi/12.2.0/thumb/v7e-m+fp/hard\libc_nano.a(libc_a-fwalk.o)
 .debug_line    0x00002a64      0x302 c:/program files (x86)/gnu tools arm embedded/bin/../lib/gcc/arm-none-eabi/12.2.0/thumb/v7e-m+fp/hard\libc_nano.a(libc_a-stdio.o)
 .debug_line    0x00002d66      0x2ed c:/program files (x86)/gnu tools arm embedded/bin/../lib/gcc/arm-none-eabi/12.2.0/thumb/v7e-m+fp/hard\libc_nano.a(libc_a-wbuf.o)
 .debug_line    0x00003053      0x31d c:/program files (x86)/gnu tools arm embedded/bin/../lib/gcc/arm-none-eabi/12.2.0/thumb/v7e-m+fp/hard\libc_nano.a(libc_a-wsetup.o)
 .debug_line    0x00003370      0x234 c:/program files (x86)/gnu tools arm embedded/bin/../lib/gcc/arm-none-eabi/12.2.0/thumb/v7e-m+fp/hard\libc_nano.a(libc_a-closer.o)
 .debug_line    0x000035a4      0x2f0 c:/program files (x86)/gnu tools arm embedded/bin/../lib/gcc/arm-none-eabi/12.2.0/thumb/v7e-m+fp/hard\libc_nano.a(libc_a-reent.o)
 .debug_line    0x00003894      0x233 c:/program files (x86)/gnu tools arm embedded/bin/../lib/gcc/arm-none-eabi/12.2.0/thumb/v7e-m+fp/hard\libc_nano.a(libc_a-lseekr.o)
 .debug_line    0x00003ac7      0x232 c:/program files (x86)/gnu tools arm embedded/bin/../lib/gcc/arm-none-eabi/12.2.0/thumb/v7e-m+fp/hard\libc_nano.a(libc_a-readr.o)
 .debug_line    0x00003cf9      0x233 c:/program files (x86)/gnu tools arm embedded/bin/../lib/gcc/arm-none-eabi/12.2.0/thumb/v7e-m+fp/hard\libc_nano.a(libc_a-writer.o)
 .debug_line    0x00003f2c      0x1ad c:/program files (x86)/gnu tools arm embedded/bin/../lib/gcc/arm-none-eabi/12.2.0/thumb/v7e-m+fp/hard\libc_nano.a(libc_a-lock.o)
 .debug_line    0x000040d9       0x81 c:/program files (x86)/gnu tools arm embedded/bin/../lib/gcc/arm-none-eabi/12.2.0/thumb/v7e-m+fp/hard\libc_nano.a(libc_a-memchr.o)
 .debug_line    0x0000415a      0x32e c:/program files (x86)/gnu tools arm embedded/bin/../lib/gcc/arm-none-eabi/12.2.0/thumb/v7e-m+fp/hard\libc_nano.a(libc_a-freer.o)
 .debug_line    0x00004488      0x4f3 c:/program files (x86)/gnu tools arm embedded/bin/../lib/gcc/arm-none-eabi/12.2.0/thumb/v7e-m+fp/hard\libc_nano.a(libc_a-mallocr.o)
 .debug_line    0x0000497b      0x206 c:/program files (x86)/gnu tools arm embedded/bin/../lib/gcc/arm-none-eabi/12.2.0/thumb/v7e-m+fp/hard\libc_nano.a(libc_a-mlock.o)
 .debug_line    0x00004b81      0x4ad c:/program files (x86)/gnu tools arm embedded/bin/../lib/gcc/arm-none-eabi/12.2.0/thumb/v7e-m+fp/hard\libc_nano.a(libc_a-fflush.o)
 .debug_line    0x0000502e      0x3d4 c:/program files (x86)/gnu tools arm embedded/bin/../lib/gcc/arm-none-eabi/12.2.0/thumb/v7e-m+fp/hard\libc_nano.a(libc_a-makebuf.o)
 .debug_line    0x00005402      0x2d1 c:/program files (x86)/gnu tools arm embedded/bin/../lib/gcc/arm-none-eabi/12.2.0/thumb/v7e-m+fp/hard\libc_nano.a(libc_a-fstatr.o)
 .debug_line    0x000056d3      0x235 c:/program files (x86)/gnu tools arm embedded/bin/../lib/gcc/arm-none-eabi/12.2.0/thumb/v7e-m+fp/hard\libc_nano.a(libc_a-isattyr.o)
 .debug_line    0x00005908      0x234 c:/program files (x86)/gnu tools arm embedded/bin/../lib/gcc/arm-none-eabi/12.2.0/thumb/v7e-m+fp/hard\libc_nano.a(libc_a-sbrkr.o)

.debug_str      0x00000000     0xb316
 .debug_str     0x00000000     0x9af6 C:\Users\Alex\AppData\Local\Temp\ccsnlO14.o
                               0x9d20 (size before relaxing)
 .debug_str     0x00009af6       0x5d C:\Users\Alex\AppData\Local\Temp\cceLlPjC.o
                               0x2ea2 (size before relaxing)
 .debug_str     0x00009b53      0x183 C:\Users\Alex\AppData\Local\Temp\ccQl3veh.o
                               0x9c31 (size before relaxing)
 .debug_str     0x00009cd6      0x435 c:/program files (x86)/gnu tools arm embedded/bin/../lib/gcc/arm-none-eabi/12.2.0/thumb/v7e-m+fp/hard\libc_nano.a(libc_a-printf.o)
                                0x56e (size before relaxing)
 .debug_str     0x0000a10b       0x63 c:/program files (x86)/gnu tools arm embedded/bin/../lib/gcc/arm-none-eabi/12.2.0/thumb/v7e-m+fp/hard\libc_nano.a(libc_a-memset.o)
                                0x213 (size before relaxing)
 .debug_str     0x0000a16e       0x6f c:/program files (x86)/gnu tools arm embedded/bin/../lib/gcc/arm-none-eabi/12.2.0/thumb/v7e-m+fp/hard\libc_nano.a(libc_a-impure.o)
                                0x533 (size before relaxing)
 .debug_str     0x0000a1dd       0x81 c:/program files (x86)/gnu tools arm embedded/bin/../lib/gcc/arm-none-eabi/12.2.0/thumb/v7e-m+fp/hard\libc_nano.a(libc_a-memcpy-stub.o)
                                0x231 (size before relaxing)
 .debug_str     0x0000a25e      0x31e c:/program files (x86)/gnu tools arm embedded/bin/../lib/gcc/arm-none-eabi/12.2.0/thumb/v7e-m+fp/hard\libc_nano.a(libc_a-nano-vfprintf.o)
                                0x8e4 (size before relaxing)
 .debug_str     0x0000a57c       0xc3 c:/program files (x86)/gnu tools arm embedded/bin/../lib/gcc/arm-none-eabi/12.2.0/thumb/v7e-m+fp/hard\libc_nano.a(libc_a-nano-vfprintf_i.o)
                                0x812 (size before relaxing)
 .debug_str     0x0000a63f      0x24f c:/program files (x86)/gnu tools arm embedded/bin/../lib/gcc/arm-none-eabi/12.2.0/thumb/v7e-m+fp/hard\libc_nano.a(libc_a-findfp.o)
                                0x7b6 (size before relaxing)
 .debug_str     0x0000a88e       0x61 c:/program files (x86)/gnu tools arm embedded/bin/../lib/gcc/arm-none-eabi/12.2.0/thumb/v7e-m+fp/hard\libc_nano.a(libc_a-fwalk.o)
                                0x543 (size before relaxing)
 .debug_str     0x0000a8ef       0x9f c:/program files (x86)/gnu tools arm embedded/bin/../lib/gcc/arm-none-eabi/12.2.0/thumb/v7e-m+fp/hard\libc_nano.a(libc_a-stdio.o)
                                0x5a0 (size before relaxing)
 .debug_str     0x0000a98e       0x68 c:/program files (x86)/gnu tools arm embedded/bin/../lib/gcc/arm-none-eabi/12.2.0/thumb/v7e-m+fp/hard\libc_nano.a(libc_a-wbuf.o)
                                0x569 (size before relaxing)
 .debug_str     0x0000a9f6       0x77 c:/program files (x86)/gnu tools arm embedded/bin/../lib/gcc/arm-none-eabi/12.2.0/thumb/v7e-m+fp/hard\libc_nano.a(libc_a-wsetup.o)
                                0x564 (size before relaxing)
 .debug_str     0x0000aa6d       0x62 c:/program files (x86)/gnu tools arm embedded/bin/../lib/gcc/arm-none-eabi/12.2.0/thumb/v7e-m+fp/hard\libc_nano.a(libc_a-closer.o)
                                0x529 (size before relaxing)
 .debug_str     0x0000aacf       0x80 c:/program files (x86)/gnu tools arm embedded/bin/../lib/gcc/arm-none-eabi/12.2.0/thumb/v7e-m+fp/hard\libc_nano.a(libc_a-reent.o)
                                0x552 (size before relaxing)
 .debug_str     0x0000ab4f       0x62 c:/program files (x86)/gnu tools arm embedded/bin/../lib/gcc/arm-none-eabi/12.2.0/thumb/v7e-m+fp/hard\libc_nano.a(libc_a-lseekr.o)
                                0x537 (size before relaxing)
 .debug_str     0x0000abb1       0x61 c:/program files (x86)/gnu tools arm embedded/bin/../lib/gcc/arm-none-eabi/12.2.0/thumb/v7e-m+fp/hard\libc_nano.a(libc_a-readr.o)
                                0x537 (size before relaxing)
 .debug_str     0x0000ac12       0x62 c:/program files (x86)/gnu tools arm embedded/bin/../lib/gcc/arm-none-eabi/12.2.0/thumb/v7e-m+fp/hard\libc_nano.a(libc_a-writer.o)
                                0x539 (size before relaxing)
 .debug_str     0x0000ac74      0x1e0 c:/program files (x86)/gnu tools arm embedded/bin/../lib/gcc/arm-none-eabi/12.2.0/thumb/v7e-m+fp/hard\libc_nano.a(libc_a-lock.o)
                                0x386 (size before relaxing)
 .debug_str     0x0000ae54       0x77 c:/program files (x86)/gnu tools arm embedded/bin/../lib/gcc/arm-none-eabi/12.2.0/thumb/v7e-m+fp/hard\libc_nano.a(libc_a-memchr.o)
                                0x100 (size before relaxing)
 .debug_str     0x0000aecb       0xdc c:/program files (x86)/gnu tools arm embedded/bin/../lib/gcc/arm-none-eabi/12.2.0/thumb/v7e-m+fp/hard\libc_nano.a(libc_a-freer.o)
                                0x5b3 (size before relaxing)
 .debug_str     0x0000afa7       0xc1 c:/program files (x86)/gnu tools arm embedded/bin/../lib/gcc/arm-none-eabi/12.2.0/thumb/v7e-m+fp/hard\libc_nano.a(libc_a-mallocr.o)
                                0x614 (size before relaxing)
 .debug_str     0x0000b068       0x62 c:/program files (x86)/gnu tools arm embedded/bin/../lib/gcc/arm-none-eabi/12.2.0/thumb/v7e-m+fp/hard\libc_nano.a(libc_a-mlock.o)
                                0x5b5 (size before relaxing)
 .debug_str     0x0000b0ca       0x85 c:/program files (x86)/gnu tools arm embedded/bin/../lib/gcc/arm-none-eabi/12.2.0/thumb/v7e-m+fp/hard\libc_nano.a(libc_a-fflush.o)
                                0x5fe (size before relaxing)
 .debug_str     0x0000b14f       0x9b c:/program files (x86)/gnu tools arm embedded/bin/../lib/gcc/arm-none-eabi/12.2.0/thumb/v7e-m+fp/hard\libc_nano.a(libc_a-makebuf.o)
                                0x6c6 (size before relaxing)
 .debug_str     0x0000b1ea       0x68 c:/program files (x86)/gnu tools arm embedded/bin/../lib/gcc/arm-none-eabi/12.2.0/thumb/v7e-m+fp/hard\libc_nano.a(libc_a-fstatr.o)
                                0x67b (size before relaxing)
 .debug_str     0x0000b252       0x63 c:/program files (x86)/gnu tools arm embedded/bin/../lib/gcc/arm-none-eabi/12.2.0/thumb/v7e-m+fp/hard\libc_nano.a(libc_a-isattyr.o)
                                0x533 (size before relaxing)
 .debug_str     0x0000b2b5       0x61 c:/program files (x86)/gnu tools arm embedded/bin/../lib/gcc/arm-none-eabi/12.2.0/thumb/v7e-m+fp/hard\libc_nano.a(libc_a-sbrkr.o)
                                0x53c (size before relaxing)

.comment        0x00000000       0x4c
 .comment       0x00000000       0x4c C:\Users\Alex\AppData\Local\Temp\ccsnlO14.o
                                 0x4d (size before relaxing)
 .comment       0x0000004c       0x4d C:\Users\Alex\AppData\Local\Temp\cceLlPjC.o
 .comment       0x0000004c       0x4d C:\Users\Alex\AppData\Local\Temp\ccQl3veh.o
 .comment       0x0000004c       0x4d c:/program files (x86)/gnu tools arm embedded/bin/../lib/gcc/arm-none-eabi/12.2.0/thumb/v7e-m+fp/hard\libc_nano.a(libc_a-printf.o)
 .comment       0x0000004c       0x4d c:/program files (x86)/gnu tools arm embedded/bin/../lib/gcc/arm-none-eabi/12.2.0/thumb/v7e-m+fp/hard\libc_nano.a(libc_a-memset.o)
 .comment       0x0000004c       0x4d c:/program files (x86)/gnu tools arm embedded/bin/../lib/gcc/arm-none-eabi/12.2.0/thumb/v7e-m+fp/hard\libc_nano.a(libc_a-impure.o)
 .comment       0x0000004c       0x4d c:/program files (x86)/gnu tools arm embedded/bin/../lib/gcc/arm-none-eabi/12.2.0/thumb/v7e-m+fp/hard\libc_nano.a(libc_a-memcpy-stub.o)
 .comment       0x0000004c       0x4d c:/program files (x86)/gnu tools arm embedded/bin/../lib/gcc/arm-none-eabi/12.2.0/thumb/v7e-m+fp/hard\libc_nano.a(libc_a-nano-vfprintf.o)
 .comment       0x0000004c       0x4d c:/program files (x86)/gnu tools arm embedded/bin/../lib/gcc/arm-none-eabi/12.2.0/thumb/v7e-m+fp/hard\libc_nano.a(libc_a-nano-vfprintf_i.o)
 .comment       0x0000004c       0x4d c:/program files (x86)/gnu tools arm embedded/bin/../lib/gcc/arm-none-eabi/12.2.0/thumb/v7e-m+fp/hard\libc_nano.a(libc_a-findfp.o)
 .comment       0x0000004c       0x4d c:/program files (x86)/gnu tools arm embedded/bin/../lib/gcc/arm-none-eabi/12.2.0/thumb/v7e-m+fp/hard\libc_nano.a(libc_a-fwalk.o)
 .comment       0x0000004c       0x4d c:/program files (x86)/gnu tools arm embedded/bin/../lib/gcc/arm-none-eabi/12.2.0/thumb/v7e-m+fp/hard\libc_nano.a(libc_a-stdio.o)
 .comment       0x0000004c       0x4d c:/program files (x86)/gnu tools arm embedded/bin/../lib/gcc/arm-none-eabi/12.2.0/thumb/v7e-m+fp/hard\libc_nano.a(libc_a-wbuf.o)
 .comment       0x0000004c       0x4d c:/program files (x86)/gnu tools arm embedded/bin/../lib/gcc/arm-none-eabi/12.2.0/thumb/v7e-m+fp/hard\libc_nano.a(libc_a-wsetup.o)
 .comment       0x0000004c       0x4d c:/program files (x86)/gnu tools arm embedded/bin/../lib/gcc/arm-none-eabi/12.2.0/thumb/v7e-m+fp/hard\libc_nano.a(libc_a-closer.o)
 .comment       0x0000004c       0x4d c:/program files (x86)/gnu tools arm embedded/bin/../lib/gcc/arm-none-eabi/12.2.0/thumb/v7e-m+fp/hard\libc_nano.a(libc_a-reent.o)
 .comment       0x0000004c       0x4d c:/program files (x86)/gnu tools arm embedded/bin/../lib/gcc/arm-none-eabi/12.2.0/thumb/v7e-m+fp/hard\libc_nano.a(libc_a-lseekr.o)
 .comment       0x0000004c       0x4d c:/program files (x86)/gnu tools arm embedded/bin/../lib/gcc/arm-none-eabi/12.2.0/thumb/v7e-m+fp/hard\libc_nano.a(libc_a-readr.o)
 .comment       0x0000004c       0x4d c:/program files (x86)/gnu tools arm embedded/bin/../lib/gcc/arm-none-eabi/12.2.0/thumb/v7e-m+fp/hard\libc_nano.a(libc_a-writer.o)
 .comment       0x0000004c       0x4d c:/program files (x86)/gnu tools arm embedded/bin/../lib/gcc/arm-none-eabi/12.2.0/thumb/v7e-m+fp/hard\libc_nano.a(libc_a-lock.o)
 .comment       0x0000004c       0x4d c:/program files (x86)/gnu tools arm embedded/bin/../lib/gcc/arm-none-eabi/12.2.0/thumb/v7e-m+fp/hard\libc_nano.a(libc_a-freer.o)
 .comment       0x0000004c       0x4d c:/program files (x86)/gnu tools arm embedded/bin/../lib/gcc/arm-none-eabi/12.2.0/thumb/v7e-m+fp/hard\libc_nano.a(libc_a-mallocr.o)
 .comment       0x0000004c       0x4d c:/program files (x86)/gnu tools arm embedded/bin/../lib/gcc/arm-none-eabi/12.2.0/thumb/v7e-m+fp/hard\libc_nano.a(libc_a-mlock.o)
 .comment       0x0000004c       0x4d c:/program files (x86)/gnu tools arm embedded/bin/../lib/gcc/arm-none-eabi/12.2.0/thumb/v7e-m+fp/hard\libc_nano.a(libc_a-fflush.o)
 .comment       0x0000004c       0x4d c:/program files (x86)/gnu tools arm embedded/bin/../lib/gcc/arm-none-eabi/12.2.0/thumb/v7e-m+fp/hard\libc_nano.a(libc_a-makebuf.o)
 .comment       0x0000004c       0x4d c:/program files (x86)/gnu tools arm embedded/bin/../lib/gcc/arm-none-eabi/12.2.0/thumb/v7e-m+fp/hard\libc_nano.a(libc_a-fstatr.o)
 .comment       0x0000004c       0x4d c:/program files (x86)/gnu tools arm embedded/bin/../lib/gcc/arm-none-eabi/12.2.0/thumb/v7e-m+fp/hard\libc_nano.a(libc_a-isattyr.o)
 .comment       0x0000004c       0x4d c:/program files (x86)/gnu tools arm embedded/bin/../lib/gcc/arm-none-eabi/12.2.0/thumb/v7e-m+fp/hard\libc_nano.a(libc_a-sbrkr.o)

.ARM.attributes
                0x00000000       0x32
 .ARM.attributes
                0x00000000       0x34 C:\Users\Alex\AppData\Local\Temp\ccsnlO14.o
 .ARM.attributes
                0x00000034       0x34 C:\Users\Alex\AppData\Local\Temp\cceLlPjC.o
 .ARM.attributes
                0x00000068       0x34 C:\Users\Alex\AppData\Local\Temp\ccQl3veh.o
 .ARM.attributes
                0x0000009c       0x34 c:/program files (x86)/gnu tools arm embedded/bin/../lib/gcc/arm-none-eabi/12.2.0/thumb/v7e-m+fp/hard\libc_nano.a(libc_a-printf.o)
 .ARM.attributes
                0x000000d0       0x34 c:/program files (x86)/gnu tools arm embedded/bin/../lib/gcc/arm-none-eabi/12.2.0/thumb/v7e-m+fp/hard\libc_nano.a(libc_a-memset.o)
 .ARM.attributes
                0x00000104       0x34 c:/program files (x86)/gnu tools arm embedded/bin/../lib/gcc/arm-none-eabi/12.2.0/thumb/v7e-m+fp/hard\libc_nano.a(libc_a-impure.o)
 .ARM.attributes
                0x00000138       0x34 c:/program files (x86)/gnu tools arm embedded/bin/../lib/gcc/arm-none-eabi/12.2.0/thumb/v7e-m+fp/hard\libc_nano.a(libc_a-memcpy-stub.o)
 .ARM.attributes
                0x0000016c       0x34 c:/program files (x86)/gnu tools arm embedded/bin/../lib/gcc/arm-none-eabi/12.2.0/thumb/v7e-m+fp/hard\libc_nano.a(libc_a-nano-vfprintf.o)
 .ARM.attributes
                0x000001a0       0x34 c:/program files (x86)/gnu tools arm embedded/bin/../lib/gcc/arm-none-eabi/12.2.0/thumb/v7e-m+fp/hard\libc_nano.a(libc_a-nano-vfprintf_i.o)
 .ARM.attributes
                0x000001d4       0x34 c:/program files (x86)/gnu tools arm embedded/bin/../lib/gcc/arm-none-eabi/12.2.0/thumb/v7e-m+fp/hard\libc_nano.a(libc_a-findfp.o)
 .ARM.attributes
                0x00000208       0x34 c:/program files (x86)/gnu tools arm embedded/bin/../lib/gcc/arm-none-eabi/12.2.0/thumb/v7e-m+fp/hard\libc_nano.a(libc_a-fwalk.o)
 .ARM.attributes
                0x0000023c       0x34 c:/program files (x86)/gnu tools arm embedded/bin/../lib/gcc/arm-none-eabi/12.2.0/thumb/v7e-m+fp/hard\libc_nano.a(libc_a-stdio.o)
 .ARM.attributes
                0x00000270       0x34 c:/program files (x86)/gnu tools arm embedded/bin/../lib/gcc/arm-none-eabi/12.2.0/thumb/v7e-m+fp/hard\libc_nano.a(libc_a-wbuf.o)
 .ARM.attributes
                0x000002a4       0x34 c:/program files (x86)/gnu tools arm embedded/bin/../lib/gcc/arm-none-eabi/12.2.0/thumb/v7e-m+fp/hard\libc_nano.a(libc_a-wsetup.o)
 .ARM.attributes
                0x000002d8       0x34 c:/program files (x86)/gnu tools arm embedded/bin/../lib/gcc/arm-none-eabi/12.2.0/thumb/v7e-m+fp/hard\libc_nano.a(libc_a-closer.o)
 .ARM.attributes
                0x0000030c       0x34 c:/program files (x86)/gnu tools arm embedded/bin/../lib/gcc/arm-none-eabi/12.2.0/thumb/v7e-m+fp/hard\libc_nano.a(libc_a-reent.o)
 .ARM.attributes
                0x00000340       0x34 c:/program files (x86)/gnu tools arm embedded/bin/../lib/gcc/arm-none-eabi/12.2.0/thumb/v7e-m+fp/hard\libc_nano.a(libc_a-lseekr.o)
 .ARM.attributes
                0x00000374       0x34 c:/program files (x86)/gnu tools arm embedded/bin/../lib/gcc/arm-none-eabi/12.2.0/thumb/v7e-m+fp/hard\libc_nano.a(libc_a-readr.o)
 .ARM.attributes
                0x000003a8       0x34 c:/program files (x86)/gnu tools arm embedded/bin/../lib/gcc/arm-none-eabi/12.2.0/thumb/v7e-m+fp/hard\libc_nano.a(libc_a-writer.o)
 .ARM.attributes
                0x000003dc       0x34 c:/program files (x86)/gnu tools arm embedded/bin/../lib/gcc/arm-none-eabi/12.2.0/thumb/v7e-m+fp/hard\libc_nano.a(libc_a-lock.o)
 .ARM.attributes
                0x00000410       0x1c c:/program files (x86)/gnu tools arm embedded/bin/../lib/gcc/arm-none-eabi/12.2.0/thumb/v7e-m+fp/hard\libc_nano.a(libc_a-memchr.o)
 .ARM.attributes
                0x0000042c       0x34 c:/program files (x86)/gnu tools arm embedded/bin/../lib/gcc/arm-none-eabi/12.2.0/thumb/v7e-m+fp/hard\libc_nano.a(libc_a-freer.o)
 .ARM.attributes
                0x00000460       0x34 c:/program files (x86)/gnu tools arm embedded/bin/../lib/gcc/arm-none-eabi/12.2.0/thumb/v7e-m+fp/hard\libc_nano.a(libc_a-mallocr.o)
 .ARM.attributes
                0x00000494       0x34 c:/program files (x86)/gnu tools arm embedded/bin/../lib/gcc/arm-none-eabi/12.2.0/thumb/v7e-m+fp/hard\libc_nano.a(libc_a-mlock.o)
 .ARM.attributes
                0x000004c8       0x34 c:/program files (x86)/gnu tools arm embedded/bin/../lib/gcc/arm-none-eabi/12.2.0/thumb/v7e-m+fp/hard\libc_nano.a(libc_a-fflush.o)
 .ARM.attributes
                0x000004fc       0x34 c:/program files (x86)/gnu tools arm embedded/bin/../lib/gcc/arm-none-eabi/12.2.0/thumb/v7e-m+fp/hard\libc_nano.a(libc_a-makebuf.o)
 .ARM.attributes
                0x00000530       0x34 c:/program files (x86)/gnu tools arm embedded/bin/../lib/gcc/arm-none-eabi/12.2.0/thumb/v7e-m+fp/hard\libc_nano.a(libc_a-fstatr.o)
 .ARM.attributes
                0x00000564       0x34 c:/program files (x86)/gnu tools arm embedded/bin/../lib/gcc/arm-none-eabi/12.2.0/thumb/v7e-m+fp/hard\libc_nano.a(libc_a-isattyr.o)
 .ARM.attributes
                0x00000598       0x34 c:/program files (x86)/gnu tools arm embedded/bin/../lib/gcc/arm-none-eabi/12.2.0/thumb/v7e-m+fp/hard\libc_nano.a(libc_a-sbrkr.o)

.debug_frame    0x00000000      0x940
 .debug_frame   0x00000000       0x74 C:\Users\Alex\AppData\Local\Temp\ccsnlO14.o
 .debug_frame   0x00000074       0x20 C:\Users\Alex\AppData\Local\Temp\cceLlPjC.o
 .debug_frame   0x00000094      0x108 C:\Users\Alex\AppData\Local\Temp\ccQl3veh.o
 .debug_frame   0x0000019c       0x6c c:/program files (x86)/gnu tools arm embedded/bin/../lib/gcc/arm-none-eabi/12.2.0/thumb/v7e-m+fp/hard\libc_nano.a(libc_a-printf.o)
 .debug_frame   0x00000208       0x20 c:/program files (x86)/gnu tools arm embedded/bin/../lib/gcc/arm-none-eabi/12.2.0/thumb/v7e-m+fp/hard\libc_nano.a(libc_a-memset.o)
 .debug_frame   0x00000228       0x28 c:/program files (x86)/gnu tools arm embedded/bin/../lib/gcc/arm-none-eabi/12.2.0/thumb/v7e-m+fp/hard\libc_nano.a(libc_a-memcpy-stub.o)
 .debug_frame   0x00000250       0xa8 c:/program files (x86)/gnu tools arm embedded/bin/../lib/gcc/arm-none-eabi/12.2.0/thumb/v7e-m+fp/hard\libc_nano.a(libc_a-nano-vfprintf.o)
 .debug_frame   0x000002f8       0x60 c:/program files (x86)/gnu tools arm embedded/bin/../lib/gcc/arm-none-eabi/12.2.0/thumb/v7e-m+fp/hard\libc_nano.a(libc_a-nano-vfprintf_i.o)
 .debug_frame   0x00000358      0x13c c:/program files (x86)/gnu tools arm embedded/bin/../lib/gcc/arm-none-eabi/12.2.0/thumb/v7e-m+fp/hard\libc_nano.a(libc_a-findfp.o)
 .debug_frame   0x00000494       0x34 c:/program files (x86)/gnu tools arm embedded/bin/../lib/gcc/arm-none-eabi/12.2.0/thumb/v7e-m+fp/hard\libc_nano.a(libc_a-fwalk.o)
 .debug_frame   0x000004c8       0x88 c:/program files (x86)/gnu tools arm embedded/bin/../lib/gcc/arm-none-eabi/12.2.0/thumb/v7e-m+fp/hard\libc_nano.a(libc_a-stdio.o)
 .debug_frame   0x00000550       0x40 c:/program files (x86)/gnu tools arm embedded/bin/../lib/gcc/arm-none-eabi/12.2.0/thumb/v7e-m+fp/hard\libc_nano.a(libc_a-wbuf.o)
 .debug_frame   0x00000590       0x2c c:/program files (x86)/gnu tools arm embedded/bin/../lib/gcc/arm-none-eabi/12.2.0/thumb/v7e-m+fp/hard\libc_nano.a(libc_a-wsetup.o)
 .debug_frame   0x000005bc       0x2c c:/program files (x86)/gnu tools arm embedded/bin/../lib/gcc/arm-none-eabi/12.2.0/thumb/v7e-m+fp/hard\libc_nano.a(libc_a-closer.o)
 .debug_frame   0x000005e8       0x38 c:/program files (x86)/gnu tools arm embedded/bin/../lib/gcc/arm-none-eabi/12.2.0/thumb/v7e-m+fp/hard\libc_nano.a(libc_a-reent.o)
 .debug_frame   0x00000620       0x2c c:/program files (x86)/gnu tools arm embedded/bin/../lib/gcc/arm-none-eabi/12.2.0/thumb/v7e-m+fp/hard\libc_nano.a(libc_a-lseekr.o)
 .debug_frame   0x0000064c       0x2c c:/program files (x86)/gnu tools arm embedded/bin/../lib/gcc/arm-none-eabi/12.2.0/thumb/v7e-m+fp/hard\libc_nano.a(libc_a-readr.o)
 .debug_frame   0x00000678       0x2c c:/program files (x86)/gnu tools arm embedded/bin/../lib/gcc/arm-none-eabi/12.2.0/thumb/v7e-m+fp/hard\libc_nano.a(libc_a-writer.o)
 .debug_frame   0x000006a4       0xb0 c:/program files (x86)/gnu tools arm embedded/bin/../lib/gcc/arm-none-eabi/12.2.0/thumb/v7e-m+fp/hard\libc_nano.a(libc_a-lock.o)
 .debug_frame   0x00000754       0x38 c:/program files (x86)/gnu tools arm embedded/bin/../lib/gcc/arm-none-eabi/12.2.0/thumb/v7e-m+fp/hard\libc_nano.a(libc_a-freer.o)
 .debug_frame   0x0000078c       0x4c c:/program files (x86)/gnu tools arm embedded/bin/../lib/gcc/arm-none-eabi/12.2.0/thumb/v7e-m+fp/hard\libc_nano.a(libc_a-mallocr.o)
 .debug_frame   0x000007d8       0x30 c:/program files (x86)/gnu tools arm embedded/bin/../lib/gcc/arm-none-eabi/12.2.0/thumb/v7e-m+fp/hard\libc_nano.a(libc_a-mlock.o)
 .debug_frame   0x00000808       0x5c c:/program files (x86)/gnu tools arm embedded/bin/../lib/gcc/arm-none-eabi/12.2.0/thumb/v7e-m+fp/hard\libc_nano.a(libc_a-fflush.o)
 .debug_frame   0x00000864       0x58 c:/program files (x86)/gnu tools arm embedded/bin/../lib/gcc/arm-none-eabi/12.2.0/thumb/v7e-m+fp/hard\libc_nano.a(libc_a-makebuf.o)
 .debug_frame   0x000008bc       0x2c c:/program files (x86)/gnu tools arm embedded/bin/../lib/gcc/arm-none-eabi/12.2.0/thumb/v7e-m+fp/hard\libc_nano.a(libc_a-fstatr.o)
 .debug_frame   0x000008e8       0x2c c:/program files (x86)/gnu tools arm embedded/bin/../lib/gcc/arm-none-eabi/12.2.0/thumb/v7e-m+fp/hard\libc_nano.a(libc_a-isattyr.o)
 .debug_frame   0x00000914       0x2c c:/program files (x86)/gnu tools arm embedded/bin/../lib/gcc/arm-none-eabi/12.2.0/thumb/v7e-m+fp/hard\libc_nano.a(libc_a-sbrkr.o)

.debug_line_str
                0x00000000       0xf1
 .debug_line_str
                0x00000000       0xf1 c:/program files (x86)/gnu tools arm embedded/bin/../lib/gcc/arm-none-eabi/12.2.0/thumb/v7e-m+fp/hard\libc_nano.a(libc_a-memchr.o)
