Archive member included to satisfy reference by file (symbol)

c:/program files (x86)/gnu tools arm embedded/bin/../lib/gcc/arm-none-eabi/12.2.0/thumb/v7e-m+fp/hard\libc_nano.a(libc_a-printf.o)
                              C:\Users\Alex\AppData\Local\Temp\ccy040LD.o (printf)
c:/program files (x86)/gnu tools arm embedded/bin/../lib/gcc/arm-none-eabi/12.2.0/thumb/v7e-m+fp/hard\libc_nano.a(libc_a-memset.o)
                              C:\Users\Alex\AppData\Local\Temp\ccorRRzA.o (memset)
c:/program files (x86)/gnu tools arm embedded/bin/../lib/gcc/arm-none-eabi/12.2.0/thumb/v7e-m+fp/hard\libc_nano.a(libc_a-impure.o)
                              c:/program files (x86)/gnu tools arm embedded/bin/../lib/gcc/arm-none-eabi/12.2.0/thumb/v7e-m+fp/hard\libc_nano.a(libc_a-printf.o) (_impure_ptr)
c:/program files (x86)/gnu tools arm embedded/bin/../lib/gcc/arm-none-eabi/12.2.0/thumb/v7e-m+fp/hard\libc_nano.a(libc_a-memcpy-stub.o)
                              C:\Users\Alex\AppData\Local\Temp\ccorRRzA.o (memcpy)
c:/program files (x86)/gnu tools arm embedded/bin/../lib/gcc/arm-none-eabi/12.2.0/thumb/v7e-m+fp/hard\libc_nano.a(libc_a-nano-vfprintf.o)
                              c:/program files (x86)/gnu tools arm embedded/bin/../lib/gcc/arm-none-eabi/12.2.0/thumb/v7e-m+fp/hard\libc_nano.a(libc_a-printf.o) (_vfprintf_r)
c:/program files (x86)/gnu tools arm embedded/bin/../lib/gcc/arm-none-eabi/12.2.0/thumb/v7e-m+fp/hard\libc_nano.a(libc_a-nano-vfprintf_i.o)
                              c:/program files (x86)/gnu tools arm embedded/bin/../lib/gcc/arm-none-eabi/12.2.0/thumb/v7e-m+fp/hard\libc_nano.a(libc_a-nano-vfprintf.o) (_printf_i)
c:/program files (x86)/gnu tools arm embedded/bin/../lib/gcc/arm-none-eabi/12.2.0/thumb/v7e-m+fp/hard\libc_nano.a(libc_a-findfp.o)
                              c:/program files (x86)/gnu tools arm embedded/bin/../lib/gcc/arm-none-eabi/12.2.0/thumb/v7e-m+fp/hard\libc_nano.a(libc_a-nano-vfprintf.o) (__sinit)
c:/program files (x86)/gnu tools arm embedded/bin/../lib/gcc/arm-none-eabi/12.2.0/thumb/v7e-m+fp/hard\libc_nano.a(libc_a-fvwrite.o)
                              c:/program files (x86)/gnu tools arm embedded/bin/../lib/gcc/arm-none-eabi/12.2.0/thumb/v7e-m+fp/hard\libc_nano.a(libc_a-nano-vfprintf.o) (__sfvwrite_r)
c:/program files (x86)/gnu tools arm embedded/bin/../lib/gcc/arm-none-eabi/12.2.0/thumb/v7e-m+fp/hard\libc_nano.a(libc_a-fwalk.o)
                              c:/program files (x86)/gnu tools arm embedded/bin/../lib/gcc/arm-none-eabi/12.2.0/thumb/v7e-m+fp/hard\libc_nano.a(libc_a-findfp.o) (_fwalk_sglue)
c:/program files (x86)/gnu tools arm embedded/bin/../lib/gcc/arm-none-eabi/12.2.0/thumb/v7e-m+fp/hard\libc_nano.a(libc_a-stdio.o)
                              c:/program files (x86)/gnu tools arm embedded/bin/../lib/gcc/arm-none-eabi/12.2.0/thumb/v7e-m+fp/hard\libc_nano.a(libc_a-findfp.o) (__sread)
c:/program files (x86)/gnu tools arm embedded/bin/../lib/gcc/arm-none-eabi/12.2.0/thumb/v7e-m+fp/hard\libc_nano.a(libc_a-wbuf.o)
                              c:/program files (x86)/gnu tools arm embedded/bin/../lib/gcc/arm-none-eabi/12.2.0/thumb/v7e-m+fp/hard\libc_nano.a(libc_a-nano-vfprintf.o) (__swbuf_r)
c:/program files (x86)/gnu tools arm embedded/bin/../lib/gcc/arm-none-eabi/12.2.0/thumb/v7e-m+fp/hard\libc_nano.a(libc_a-wsetup.o)
                              c:/program files (x86)/gnu tools arm embedded/bin/../lib/gcc/arm-none-eabi/12.2.0/thumb/v7e-m+fp/hard\libc_nano.a(libc_a-nano-vfprintf.o) (__swsetup_r)
c:/program files (x86)/gnu tools arm embedded/bin/../lib/gcc/arm-none-eabi/12.2.0/thumb/v7e-m+fp/hard\libc_nano.a(libc_a-memmove.o)
                              c:/program files (x86)/gnu tools arm embedded/bin/../lib/gcc/arm-none-eabi/12.2.0/thumb/v7e-m+fp/hard\libc_nano.a(libc_a-fvwrite.o) (memmove)
c:/program files (x86)/gnu tools arm embedded/bin/../lib/gcc/arm-none-eabi/12.2.0/thumb/v7e-m+fp/hard\libc_nano.a(libc_a-closer.o)
                              c:/program files (x86)/gnu tools arm embedded/bin/../lib/gcc/arm-none-eabi/12.2.0/thumb/v7e-m+fp/hard\libc_nano.a(libc_a-stdio.o) (_close_r)
c:/program files (x86)/gnu tools arm embedded/bin/../lib/gcc/arm-none-eabi/12.2.0/thumb/v7e-m+fp/hard\libc_nano.a(libc_a-reent.o)
                              c:/program files (x86)/gnu tools arm embedded/bin/../lib/gcc/arm-none-eabi/12.2.0/thumb/v7e-m+fp/hard\libc_nano.a(libc_a-closer.o) (errno)
c:/program files (x86)/gnu tools arm embedded/bin/../lib/gcc/arm-none-eabi/12.2.0/thumb/v7e-m+fp/hard\libc_nano.a(libc_a-lseekr.o)
                              c:/program files (x86)/gnu tools arm embedded/bin/../lib/gcc/arm-none-eabi/12.2.0/thumb/v7e-m+fp/hard\libc_nano.a(libc_a-stdio.o) (_lseek_r)
c:/program files (x86)/gnu tools arm embedded/bin/../lib/gcc/arm-none-eabi/12.2.0/thumb/v7e-m+fp/hard\libc_nano.a(libc_a-readr.o)
[...]
Memory Configuration

Name             Origin             Length             Attributes
flash            0x08000000         0x00200000         xr
sram             0x20000000         0x00030000         xrw
*default*        0x00000000         0xffffffff

Linker script and memory map

LOAD C:\Users\Alex\AppData\Local\Temp\ccy040LD.o
LOAD C:\Users\Alex\AppData\Local\Temp\ccorRRzA.o
LOAD C:\Users\Alex\AppData\Local\Temp\ccLssltB.o
LOAD c:/program files (x86)/gnu tools arm embedded/bin/../lib/gcc/arm-none-eabi/12.2.0/thumb/v7e-m+fp/hard\libc_nano.a
LOAD c:/program files (x86)/gnu tools arm embedded/bin/../lib/gcc/arm-none-eabi/12.2.0/thumb/v7e-m+fp/hard\libgcc.a
                0x20030000                        _estack = (ORIGIN (sram) + LENGTH (sram))

.vectors        0x08000000      0x1ac
 *(.vectors)
 .vectors       0x08000000      0x1ac C:\Users\Alex\AppData\Local\Temp\ccorRRzA.o
                0x08000000                tab

.text           0x080001b0     0x10b0
 *(.text*)
 .text.gpio_set_mode
                0x080001b0       0x34 C:\Users\Alex\AppData\Local\Temp\ccy040LD.o
 .text.gpio_set_af
                0x080001e4       0x2e C:\Users\Alex\AppData\Local\Temp\ccy040LD.o
 *fill*         0x08000212        0x2 
 .text.SysTick_Handler
                0x08000214       0x10 C:\Users\Alex\AppData\Local\Temp\ccy040LD.o
                0x08000214                SysTick_Handler
 .text.startup.main
                0x08000224       0xd4 C:\Users\Alex\AppData\Local\Temp\ccy040LD.o
                0x08000224                main
 .text._reset   0x080002f8       0x50 C:\Users\Alex\AppData\Local\Temp\ccorRRzA.o
                0x080002f8                _reset
 .text._fstat   0x08000348       0x12 C:\Users\Alex\AppData\Local\Temp\ccLssltB.o
                0x08000348                _fstat
 *fill*         0x0800035a        0x2 
 .text._sbrk    0x0800035c       0x1c C:\Users\Alex\AppData\Local\Temp\ccLssltB.o
                0x0800035c                _sbrk
 .text._close   0x08000378        0x6 C:\Users\Alex\AppData\Local\Temp\ccLssltB.o
                0x08000378                _close
 .text._isatty  0x0800037e        0x4 C:\Users\Alex\AppData\Local\Temp\ccLssltB.o
                0x0800037e                _isatty
 .text._lseek   0x08000382        0x4 C:\Users\Alex\AppData\Local\Temp\ccLssltB.o
                0x08000382                _lseek
 *fill*         0x08000386        0x2 
 .text._write   0x08000388       0x34 C:\Users\Alex\AppData\Local\Temp\ccLssltB.o
                0x08000388                _write
 .text._read    0x080003bc        0x6 C:\Users\Alex\AppData\Local\Temp\ccLssltB.o
                0x080003bc                _read
 *fill*         0x080003c2        0x2 
 .text.printf   0x080003c4       0x24 c:/program files (x86)/gnu tools arm embedded/bin/../lib/gcc/arm-none-eabi/12.2.0/thumb/v7e-m+fp/hard\libc_nano.a(libc_a-printf.o)
                0x080003c4                iprintf
                0x080003c4                printf
 .text.memset   0x080003e8       0x10 c:/program files (x86)/gnu tools arm embedded/bin/../lib/gcc/arm-none-eabi/12.2.0/thumb/v7e-m+fp/hard\libc_nano.a(libc_a-memset.o)
                0x080003e8                memset
 .text.memcpy   0x080003f8       0x1c c:/program files (x86)/gnu tools arm embedded/bin/../lib/gcc/arm-none-eabi/12.2.0/thumb/v7e-m+fp/hard\libc_nano.a(libc_a-memcpy-stub.o)
                0x080003f8                memcpy
 .text.__sfputc_r
                0x08000414       0x2e c:/program files (x86)/gnu tools arm embedded/bin/../lib/gcc/arm-none-eabi/12.2.0/thumb/v7e-m+fp/hard\libc_nano.a(libc_a-nano-vfprintf.o)
 .text.__sfputs_r
                0x08000442       0x24 c:/program files (x86)/gnu tools arm embedded/bin/../lib/gcc/arm-none-eabi/12.2.0/thumb/v7e-m+fp/hard\libc_nano.a(libc_a-nano-vfprintf.o)
                0x08000442                __sfputs_r
 *fill*         0x08000466        0x2 
 .text._vfprintf_r
                0x08000468      0x230 c:/program files (x86)/gnu tools arm embedded/bin/../lib/gcc/arm-none-eabi/12.2.0/thumb/v7e-m+fp/hard\libc_nano.a(libc_a-nano-vfprintf.o)
                0x08000468                _vfprintf_r
                0x08000468                _vfiprintf_r
 .text._printf_common
                0x08000698       0xda c:/program files (x86)/gnu tools arm embedded/bin/../lib/gcc/arm-none-eabi/12.2.0/thumb/v7e-m+fp/hard\libc_nano.a(libc_a-nano-vfprintf_i.o)
                0x08000698                _printf_common
 *fill*         0x08000772        0x2 
 .text._printf_i
                0x08000774      0x25c c:/program files (x86)/gnu tools arm embedded/bin/../lib/gcc/arm-none-eabi/12.2.0/thumb/v7e-m+fp/hard\libc_nano.a(libc_a-nano-vfprintf_i.o)
                0x08000774                _printf_i
 .text.std      0x080009d0       0x48 c:/program files (x86)/gnu tools arm embedded/bin/../lib/gcc/arm-none-eabi/12.2.0/thumb/v7e-m+fp/hard\libc_nano.a(libc_a-findfp.o)
 .text.stdio_exit_handler
                0x08000a18       0x18 c:/program files (x86)/gnu tools arm embedded/bin/../lib/gcc/arm-none-eabi/12.2.0/thumb/v7e-m+fp/hard\libc_nano.a(libc_a-findfp.o)
 .text.cleanup_stdio
                0x08000a30       0x40 c:/program files (x86)/gnu tools arm embedded/bin/../lib/gcc/arm-none-eabi/12.2.0/thumb/v7e-m+fp/hard\libc_nano.a(libc_a-findfp.o)
 .text.global_stdio_init.part.0
                0x08000a70       0x3c c:/program files (x86)/gnu tools arm embedded/bin/../lib/gcc/arm-none-eabi/12.2.0/thumb/v7e-m+fp/hard\libc_nano.a(libc_a-findfp.o)
 .text.__sfp_lock_acquire
                0x08000aac        0xc c:/program files (x86)/gnu tools arm embedded/bin/../lib/gcc/arm-none-eabi/12.2.0/thumb/v7e-m+fp/hard\libc_nano.a(libc_a-findfp.o)
                0x08000aac                __sfp_lock_acquire
 .text.__sfp_lock_release
                0x08000ab8        0xc c:/program files (x86)/gnu tools arm embedded/bin/../lib/gcc/arm-none-eabi/12.2.0/thumb/v7e-m+fp/hard\libc_nano.a(libc_a-findfp.o)
                0x08000ab8                __sfp_lock_release
 .text.__sinit  0x08000ac4       0x30 c:/program files (x86)/gnu tools arm embedded/bin/../lib/gcc/arm-none-eabi/12.2.0/thumb/v7e-m+fp/hard\libc_nano.a(libc_a-findfp.o)
                0x08000ac4                __sinit
 .text._fwalk_sglue
                0x08000af4       0x3c c:/program files (x86)/gnu tools arm embedded/bin/../lib/gcc/arm-none-eabi/12.2.0/thumb/v7e-m+fp/hard\libc_nano.a(libc_a-fwalk.o)
                0x08000af4                _fwalk_sglue
 .text.__sread  0x08000b30       0x22 c:/program files (x86)/gnu tools arm embedded/bin/../lib/gcc/arm-none-eabi/12.2.0/thumb/v7e-m+fp/hard\libc_nano.a(libc_a-stdio.o)
                0x08000b30                __sread
 .text.__swrite
                0x08000b52       0x38 c:/program files (x86)/gnu tools arm embedded/bin/../lib/gcc/arm-none-eabi/12.2.0/thumb/v7e-m+fp/hard\libc_nano.a(libc_a-stdio.o)
                0x08000b52                __swrite
 .text.__sseek  0x08000b8a       0x24 c:/program files (x86)/gnu tools arm embedded/bin/../lib/gcc/arm-none-eabi/12.2.0/thumb/v7e-m+fp/hard\libc_nano.a(libc_a-stdio.o)
                0x08000b8a                __sseek
 .text.__sclose
                0x08000bae        0x8 c:/program files (x86)/gnu tools arm embedded/bin/../lib/gcc/arm-none-eabi/12.2.0/thumb/v7e-m+fp/hard\libc_nano.a(libc_a-stdio.o)
                0x08000bae                __sclose
 .text.__swbuf_r
                0x08000bb6       0x7c c:/program files (x86)/gnu tools arm embedded/bin/../lib/gcc/arm-none-eabi/12.2.0/thumb/v7e-m+fp/hard\libc_nano.a(libc_a-wbuf.o)
                0x08000bb6                __swbuf_r
 *fill*         0x08000c32        0x2 
 .text.__swsetup_r
                0x08000c34       0xac c:/program files (x86)/gnu tools arm embedded/bin/../lib/gcc/arm-none-eabi/12.2.0/thumb/v7e-m+fp/hard\libc_nano.a(libc_a-wsetup.o)
                0x08000c34                __swsetup_r
 .text._close_r
                0x08000ce0       0x20 c:/program files (x86)/gnu tools arm embedded/bin/../lib/gcc/arm-none-eabi/12.2.0/thumb/v7e-m+fp/hard\libc_nano.a(libc_a-closer.o)
                0x08000ce0                _close_r
 .text._lseek_r
                0x08000d00       0x24 c:/program files (x86)/gnu tools arm embedded/bin/../lib/gcc/arm-none-eabi/12.2.0/thumb/v7e-m+fp/hard\libc_nano.a(libc_a-lseekr.o)
                0x08000d00                _lseek_r
 .text._read_r  0x08000d24       0x24 c:/program files (x86)/gnu tools arm embedded/bin/../lib/gcc/arm-none-eabi/12.2.0/thumb/v7e-m+fp/hard\libc_nano.a(libc_a-readr.o)
                0x08000d24                _read_r
 .text._write_r
                0x08000d48       0x24 c:/program files (x86)/gnu tools arm embedded/bin/../lib/gcc/arm-none-eabi/12.2.0/thumb/v7e-m+fp/hard\libc_nano.a(libc_a-writer.o)
                0x08000d48                _write_r
 .text.__retarget_lock_acquire_recursive
                0x08000d6c        0x2 c:/program files (x86)/gnu tools arm embedded/bin/../lib/gcc/arm-none-eabi/12.2.0/thumb/v7e-m+fp/hard\libc_nano.a(libc_a-lock.o)
                0x08000d6c                __retarget_lock_acquire_recursive
 .text.__retarget_lock_release_recursive
                0x08000d6e        0x2 c:/program files (x86)/gnu tools arm embedded/bin/../lib/gcc/arm-none-eabi/12.2.0/thumb/v7e-m+fp/hard\libc_nano.a(libc_a-lock.o)
                0x08000d6e                __retarget_lock_release_recursive
 .text          0x08000d70       0xa0 c:/program files (x86)/gnu tools arm embedded/bin/../lib/gcc/arm-none-eabi/12.2.0/thumb/v7e-m+fp/hard\libc_nano.a(libc_a-memchr.o)
                0x08000d70                memchr
 .text._free_r  0x08000e10       0x94 c:/program files (x86)/gnu tools arm embedded/bin/../lib/gcc/arm-none-eabi/12.2.0/thumb/v7e-m+fp/hard\libc_nano.a(libc_a-freer.o)
                0x08000e10                _free_r
 .text.sbrk_aligned
                0x08000ea4       0x44 c:/program files (x86)/gnu tools arm embedded/bin/../lib/gcc/arm-none-eabi/12.2.0/thumb/v7e-m+fp/hard\libc_nano.a(libc_a-mallocr.o)
 .text._malloc_r
                0x08000ee8       0xe0 c:/program files (x86)/gnu tools arm embedded/bin/../lib/gcc/arm-none-eabi/12.2.0/thumb/v7e-m+fp/hard\libc_nano.a(libc_a-mallocr.o)
                0x08000ee8                _malloc_r
 .text.__malloc_lock
                0x08000fc8        0xc c:/program files (x86)/gnu tools arm embedded/bin/../lib/gcc/arm-none-eabi/12.2.0/thumb/v7e-m+fp/hard\libc_nano.a(libc_a-mlock.o)
                0x08000fc8                __malloc_lock
 .text.__malloc_unlock
                0x08000fd4        0xc c:/program files (x86)/gnu tools arm embedded/bin/../lib/gcc/arm-none-eabi/12.2.0/thumb/v7e-m+fp/hard\libc_nano.a(libc_a-mlock.o)
                0x08000fd4                __malloc_unlock
 .text.__sflush_r
                0x08000fe0      0x108 c:/program files (x86)/gnu tools arm embedded/bin/../lib/gcc/arm-none-eabi/12.2.0/thumb/v7e-m+fp/hard\libc_nano.a(libc_a-fflush.o)
                0x08000fe0                __sflush_r
 .text._fflush_r
                0x080010e8       0x50 c:/program files (x86)/gnu tools arm embedded/bin/../lib/gcc/arm-none-eabi/12.2.0/thumb/v7e-m+fp/hard\libc_nano.a(libc_a-fflush.o)
                0x080010e8                _fflush_r
 .text.__swhatbuf_r
                0x08001138       0x4c c:/program files (x86)/gnu tools arm embedded/bin/../lib/gcc/arm-none-eabi/12.2.0/thumb/v7e-m+fp/hard\libc_nano.a(libc_a-makebuf.o)
                0x08001138                __swhatbuf_r
 .text.__smakebuf_r
                0x08001184       0x78 c:/program files (x86)/gnu tools arm embedded/bin/../lib/gcc/arm-none-eabi/12.2.0/thumb/v7e-m+fp/hard\libc_nano.a(libc_a-makebuf.o)
                0x08001184                __smakebuf_r
 .text._fstat_r
                0x080011fc       0x24 c:/program files (x86)/gnu tools arm embedded/bin/../lib/gcc/arm-none-eabi/12.2.0/thumb/v7e-m+fp/hard\libc_nano.a(libc_a-fstatr.o)
                0x080011fc                _fstat_r
 .text._isatty_r
                0x08001220       0x20 c:/program files (x86)/gnu tools arm embedded/bin/../lib/gcc/arm-none-eabi/12.2.0/thumb/v7e-m+fp/hard\libc_nano.a(libc_a-isattyr.o)
                0x08001220                _isatty_r
 .text._sbrk_r  0x08001240       0x20 c:/program files (x86)/gnu tools arm embedded/bin/../lib/gcc/arm-none-eabi/12.2.0/thumb/v7e-m+fp/hard\libc_nano.a(libc_a-sbrkr.o)
                0x08001240                _sbrk_r

.glue_7         0x08001260        0x0
 .glue_7        0x08001260        0x0 linker stubs

.glue_7t        0x08001260        0x0
 .glue_7t       0x08001260        0x0 linker stubs

.vfp11_veneer   0x08001260        0x0
 .vfp11_veneer  0x08001260        0x0 linker stubs

.v4_bx          0x08001260        0x0
 .v4_bx         0x08001260        0x0 linker stubs

.iplt           0x08001260        0x0
 .iplt          0x08001260        0x0 C:\Users\Alex\AppData\Local\Temp\ccy040LD.o

.rodata         0x08001260       0x48
 *(.rodata*)
 .rodata.main.str1.1
                0x08001260       0x15 C:\Users\Alex\AppData\Local\Temp\ccy040LD.o
 .rodata._vfprintf_r.str1.1
                0x08001275       0x11 c:/program files (x86)/gnu tools arm embedded/bin/../lib/gcc/arm-none-eabi/12.2.0/thumb/v7e-m+fp/hard\libc_nano.a(libc_a-nano-vfprintf.o)
 .rodata._printf_i.str1.1
                0x08001286       0x22 c:/program files (x86)/gnu tools arm embedded/bin/../lib/gcc/arm-none-eabi/12.2.0/thumb/v7e-m+fp/hard\libc_nano.a(libc_a-nano-vfprintf_i.o)

.ARM.exidx      0x080012a8        0x8
 .ARM.exidx     0x080012a8        0x8 c:/program files (x86)/gnu tools arm embedded/bin/../lib/gcc/arm-none-eabi/12.2.0/thumb/v7e-m+fp/hard\libc_nano.a(libc_a-memchr.o)

.rel.dyn        0x080012b0        0x0
 .rel.iplt      0x080012b0        0x0 C:\Users\Alex\AppData\Local\Temp\ccy040LD.o

.data           0x20000000       0x5c load address 0x080012b0
                0x20000000                        _sdata = .
 *(.first_data)
 *(.data SORT_BY_NAME(.data.*))
 .data.__sglue  0x20000000        0xc c:/program files (x86)/gnu tools arm embedded/bin/../lib/gcc/arm-none-eabi/12.2.0/thumb/v7e-m+fp/hard\libc_nano.a(libc_a-findfp.o)
                0x20000000                __sglue
 .data._impure_data
                0x2000000c       0x4c c:/program files (x86)/gnu tools arm embedded/bin/../lib/gcc/arm-none-eabi/12.2.0/thumb/v7e-m+fp/hard\libc_nano.a(libc_a-impure.o)
                0x2000000c                _impure_data
 .data._impure_ptr
                0x20000058        0x4 c:/program files (x86)/gnu tools arm embedded/bin/../lib/gcc/arm-none-eabi/12.2.0/thumb/v7e-m+fp/hard\libc_nano.a(libc_a-impure.o)
                0x20000058                _impure_ptr
                0x2000005c                        _edata = .
                0x080012b0                        _sidata = LOADADDR (.data)

.igot.plt       0x2000005c        0x0 load address 0x0800130c
 .igot.plt      0x2000005c        0x0 C:\Users\Alex\AppData\Local\Temp\ccy040LD.o

.bss            0x2000005c      0x158 load address 0x0800130c
                0x2000005c                        _sbss = .
 *(.bss SORT_BY_NAME(.bss.*) COMMON)
 .bss.__lock___malloc_recursive_mutex
                0x2000005c        0x1 c:/program files (x86)/gnu tools arm embedded/bin/../lib/gcc/arm-none-eabi/12.2.0/thumb/v7e-m+fp/hard\libc_nano.a(libc_a-lock.o)
                0x2000005c                __lock___malloc_recursive_mutex
 .bss.__lock___sfp_recursive_mutex
                0x2000005d        0x1 c:/program files (x86)/gnu tools arm embedded/bin/../lib/gcc/arm-none-eabi/12.2.0/thumb/v7e-m+fp/hard\libc_nano.a(libc_a-lock.o)
                0x2000005d                __lock___sfp_recursive_mutex
 *fill*         0x2000005e        0x2 
 .bss.__malloc_free_list
                0x20000060        0x4 c:/program files (x86)/gnu tools arm embedded/bin/../lib/gcc/arm-none-eabi/12.2.0/thumb/v7e-m+fp/hard\libc_nano.a(libc_a-mallocr.o)
                0x20000060                __malloc_free_list
 .bss.__malloc_sbrk_start
                0x20000064        0x4 c:/program files (x86)/gnu tools arm embedded/bin/../lib/gcc/arm-none-eabi/12.2.0/thumb/v7e-m+fp/hard\libc_nano.a(libc_a-mallocr.o)
                0x20000064                __malloc_sbrk_start
 .bss.__sf      0x20000068      0x138 c:/program files (x86)/gnu tools arm embedded/bin/../lib/gcc/arm-none-eabi/12.2.0/thumb/v7e-m+fp/hard\libc_nano.a(libc_a-findfp.o)
                0x20000068                __sf
 .bss.__stdio_exit_handler
                0x200001a0        0x4 c:/program files (x86)/gnu tools arm embedded/bin/../lib/gcc/arm-none-eabi/12.2.0/thumb/v7e-m+fp/hard\libc_nano.a(libc_a-findfp.o)
                0x200001a0                __stdio_exit_handler
 .bss.errno     0x200001a4        0x4 c:/program files (x86)/gnu tools arm embedded/bin/../lib/gcc/arm-none-eabi/12.2.0/thumb/v7e-m+fp/hard\libc_nano.a(libc_a-reent.o)
                0x200001a4                errno
 .bss.heap.0    0x200001a8        0x4 C:\Users\Alex\AppData\Local\Temp\ccLssltB.o
 .bss.on.0      0x200001ac        0x1 C:\Users\Alex\AppData\Local\Temp\ccy040LD.o
 *fill*         0x200001ad        0x3 
 .bss.s_ticks   0x200001b0        0x4 C:\Users\Alex\AppData\Local\Temp\ccy040LD.o
                0x200001b4                        _ebss = .
                0x200001b8                        . = ALIGN (0x8)
                0x200001b8                        _end = .
OUTPUT(firmware.elf elf32-littlearm)
LOAD linker stubs

.debug_info     0x00000000     0xe345
 .debug_info    0x00000000      0x914 C:\Users\Alex\AppData\Local\Temp\ccy040LD.o
 .debug_info    0x00000914      0x139 C:\Users\Alex\AppData\Local\Temp\ccorRRzA.o
 .debug_info    0x00000a4d      0x7fb C:\Users\Alex\AppData\Local\Temp\ccLssltB.o
 .debug_info    0x00001248      0x83a c:/program files (x86)/gnu tools arm embedded/bin/../lib/gcc/arm-none-eabi/12.2.0/thumb/v7e-m+fp/hard\libc_nano.a(libc_a-printf.o)
 .debug_info    0x00001a82       0xe0 c:/program files (x86)/gnu tools arm embedded/bin/../lib/gcc/arm-none-eabi/12.2.0/thumb/v7e-m+fp/hard\libc_nano.a(libc_a-memset.o)
 .debug_info    0x00001b62      0x714 c:/program files (x86)/gnu tools arm embedded/bin/../lib/gcc/arm-none-eabi/12.2.0/thumb/v7e-m+fp/hard\libc_nano.a(libc_a-impure.o)
 .debug_info    0x00002276      0x121 c:/program files (x86)/gnu tools arm embedded/bin/../lib/gcc/arm-none-eabi/12.2.0/thumb/v7e-m+fp/hard\libc_nano.a(libc_a-memcpy-stub.o)
 .debug_info    0x00002397     0x1079 c:/program files (x86)/gnu tools arm embedded/bin/../lib/gcc/arm-none-eabi/12.2.0/thumb/v7e-m+fp/hard\libc_nano.a(libc_a-nano-vfprintf.o)
 .debug_info    0x00003410      0xddf c:/program files (x86)/gnu tools arm embedded/bin/../lib/gcc/arm-none-eabi/12.2.0/thumb/v7e-m+fp/hard\libc_nano.a(libc_a-nano-vfprintf_i.o)
 .debug_info    0x000041ef      0xf8f c:/program files (x86)/gnu tools arm embedded/bin/../lib/gcc/arm-none-eabi/12.2.0/thumb/v7e-m+fp/hard\libc_nano.a(libc_a-findfp.o)
 .debug_info    0x0000517e      0x7d1 c:/program files (x86)/gnu tools arm embedded/bin/../lib/gcc/arm-none-eabi/12.2.0/thumb/v7e-m+fp/hard\libc_nano.a(libc_a-fwalk.o)
 .debug_info    0x0000594f      0xa53 c:/program files (x86)/gnu tools arm embedded/bin/../lib/gcc/arm-none-eabi/12.2.0/thumb/v7e-m+fp/hard\libc_nano.a(libc_a-stdio.o)
 .debug_info    0x000063a2      0x867 c:/program files (x86)/gnu tools arm embedded/bin/../lib/gcc/arm-none-eabi/12.2.0/thumb/v7e-m+fp/hard\libc_nano.a(libc_a-wbuf.o)
 .debug_info    0x00006c09      0x7ba c:/program files (x86)/gnu tools arm embedded/bin/../lib/gcc/arm-none-eabi/12.2.0/thumb/v7e-m+fp/hard\libc_nano.a(libc_a-wsetup.o)
 .debug_info    0x000073c3      0x755 c:/program files (x86)/gnu tools arm embedded/bin/../lib/gcc/arm-none-eabi/12.2.0/thumb/v7e-m+fp/hard\libc_nano.a(libc_a-closer.o)
 .debug_info    0x00007b18      0x854 c:/program files (x86)/gnu tools arm embedded/bin/../lib/gcc/arm-none-eabi/12.2.0/thumb/v7e-m+fp/hard\libc_nano.a(libc_a-reent.o)
 .debug_info    0x0000836c      0x795 c:/program files (x86)/gnu tools arm embedded/bin/../lib/gcc/arm-none-eabi/12.2.0/thumb/v7e-m+fp/hard\libc_nano.a(libc_a-lseekr.o)
 .debug_info    0x00008b01      0x7ac c:/program files (x86)/gnu tools arm embedded/bin/../lib/gcc/arm-none-eabi/12.2.0/thumb/v7e-m+fp/hard\libc_nano.a(libc_a-readr.o)
 .debug_info    0x000092ad      0x7b2 c:/program files (x86)/gnu tools arm embedded/bin/../lib/gcc/arm-none-eabi/12.2.0/thumb/v7e-m+fp/hard\libc_nano.a(libc_a-writer.o)
 .debug_info    0x00009a5f      0x20a c:/program files (x86)/gnu tools arm embedded/bin/../lib/gcc/arm-none-eabi/12.2.0/thumb/v7e-m+fp/hard\libc_nano.a(libc_a-lock.o)
 .debug_info    0x00009c69       0x25 c:/program files (x86)/gnu tools arm embedded/bin/../lib/gcc/arm-none-eabi/12.2.0/thumb/v7e-m+fp/hard\libc_nano.a(libc_a-memchr.o)
 .debug_info    0x00009c8e      0x84a c:/program files (x86)/gnu tools arm embedded/bin/../lib/gcc/arm-none-eabi/12.2.0/thumb/v7e-m+fp/hard\libc_nano.a(libc_a-freer.o)
 .debug_info    0x0000a4d8      0x9b5 c:/program files (x86)/gnu tools arm embedded/bin/../lib/gcc/arm-none-eabi/12.2.0/thumb/v7e-m+fp/hard\libc_nano.a(libc_a-mallocr.o)
 .debug_info    0x0000ae8d      0x76a c:/program files (x86)/gnu tools arm embedded/bin/../lib/gcc/arm-none-eabi/12.2.0/thumb/v7e-m+fp/hard\libc_nano.a(libc_a-mlock.o)
 .debug_info    0x0000b5f7      0x9f1 c:/program files (x86)/gnu tools arm embedded/bin/../lib/gcc/arm-none-eabi/12.2.0/thumb/v7e-m+fp/hard\libc_nano.a(libc_a-fflush.o)
 .debug_info    0x0000bfe8      0xb19 c:/program files (x86)/gnu tools arm embedded/bin/../lib/gcc/arm-none-eabi/12.2.0/thumb/v7e-m+fp/hard\libc_nano.a(libc_a-makebuf.o)
 .debug_info    0x0000cb01      0x974 c:/program files (x86)/gnu tools arm embedded/bin/../lib/gcc/arm-none-eabi/12.2.0/thumb/v7e-m+fp/hard\libc_nano.a(libc_a-fstatr.o)
 .debug_info    0x0000d475      0x755 c:/program files (x86)/gnu tools arm embedded/bin/../lib/gcc/arm-none-eabi/12.2.0/thumb/v7e-m+fp/hard\libc_nano.a(libc_a-isattyr.o)
 .debug_info    0x0000dbca      0x77b c:/program files (x86)/gnu tools arm embedded/bin/../lib/gcc/arm-none-eabi/12.2.0/thumb/v7e-m+fp/hard\libc_nano.a(libc_a-sbrkr.o)

.debug_abbrev   0x00000000     0x3726
 .debug_abbrev  0x00000000      0x2a6 C:\Users\Alex\AppData\Local\Temp\ccy040LD.o
 .debug_abbrev  0x000002a6       0xe8 C:\Users\Alex\AppData\Local\Temp\ccorRRzA.o
 .debug_abbrev  0x0000038e      0x29e C:\Users\Alex\AppData\Local\Temp\ccLssltB.o
 .debug_abbrev  0x0000062c      0x21a c:/program files (x86)/gnu tools arm embedded/bin/../lib/gcc/arm-none-eabi/12.2.0/thumb/v7e-m+fp/hard\libc_nano.a(libc_a-printf.o)
 .debug_abbrev  0x00000846       0x9e c:/program files (x86)/gnu tools arm embedded/bin/../lib/gcc/arm-none-eabi/12.2.0/thumb/v7e-m+fp/hard\libc_nano.a(libc_a-memset.o)
 .debug_abbrev  0x000008e4      0x149 c:/program files (x86)/gnu tools arm embedded/bin/../lib/gcc/arm-none-eabi/12.2.0/thumb/v7e-m+fp/hard\libc_nano.a(libc_a-impure.o)
 .debug_abbrev  0x00000a2d       0xc1 c:/program files (x86)/gnu tools arm embedded/bin/../lib/gcc/arm-none-eabi/12.2.0/thumb/v7e-m+fp/hard\libc_nano.a(libc_a-memcpy-stub.o)
 .debug_abbrev  0x00000aee      0x317 c:/program files (x86)/gnu tools arm embedded/bin/../lib/gcc/arm-none-eabi/12.2.0/thumb/v7e-m+fp/hard\libc_nano.a(libc_a-nano-vfprintf.o)
 .debug_abbrev  0x00000e05      0x28f c:/program files (x86)/gnu tools arm embedded/bin/../lib/gcc/arm-none-eabi/12.2.0/thumb/v7e-m+fp/hard\libc_nano.a(libc_a-nano-vfprintf_i.o)
 .debug_abbrev  0x00001094      0x40c c:/program files (x86)/gnu tools arm embedded/bin/../lib/gcc/arm-none-eabi/12.2.0/thumb/v7e-m+fp/hard\libc_nano.a(libc_a-findfp.o)
 .debug_abbrev  0x000014a0      0x19b c:/program files (x86)/gnu tools arm embedded/bin/../lib/gcc/arm-none-eabi/12.2.0/thumb/v7e-m+fp/hard\libc_nano.a(libc_a-fwalk.o)
 .debug_abbrev  0x0000163b      0x221 c:/program files (x86)/gnu tools arm embedded/bin/../lib/gcc/arm-none-eabi/12.2.0/thumb/v7e-m+fp/hard\libc_nano.a(libc_a-stdio.o)
 .debug_abbrev  0x0000185c      0x22d c:/program files (x86)/gnu tools arm embedded/bin/../lib/gcc/arm-none-eabi/12.2.0/thumb/v7e-m+fp/hard\libc_nano.a(libc_a-wbuf.o)
 .debug_abbrev  0x00001a89      0x1e2 c:/program files (x86)/gnu tools arm embedded/bin/../lib/gcc/arm-none-eabi/12.2.0/thumb/v7e-m+fp/hard\libc_nano.a(libc_a-wsetup.o)
 .debug_abbrev  0x00001c6b      0x1b0 c:/program files (x86)/gnu tools arm embedded/bin/../lib/gcc/arm-none-eabi/12.2.0/thumb/v7e-m+fp/hard\libc_nano.a(libc_a-closer.o)
 .debug_abbrev  0x00001e1b      0x1ed c:/program files (x86)/gnu tools arm embedded/bin/../lib/gcc/arm-none-eabi/12.2.0/thumb/v7e-m+fp/hard\libc_nano.a(libc_a-reent.o)
 .debug_abbrev  0x00002008      0x1c4 c:/program files (x86)/gnu tools arm embedded/bin/../lib/gcc/arm-none-eabi/12.2.0/thumb/v7e-m+fp/hard\libc_nano.a(libc_a-lseekr.o)
 .debug_abbrev  0x000021cc      0x1b0 c:/program files (x86)/gnu tools arm embedded/bin/../lib/gcc/arm-none-eabi/12.2.0/thumb/v7e-m+fp/hard\libc_nano.a(libc_a-readr.o)
 .debug_abbrev  0x0000237c      0x1b5 c:/program files (x86)/gnu tools arm embedded/bin/../lib/gcc/arm-none-eabi/12.2.0/thumb/v7e-m+fp/hard\libc_nano.a(libc_a-writer.o)
 .debug_abbrev  0x00002531      0x115 c:/program files (x86)/gnu tools arm embedded/bin/../lib/gcc/arm-none-eabi/12.2.0/thumb/v7e-m+fp/hard\libc_nano.a(libc_a-lock.o)
 .debug_abbrev  0x00002646       0x14 c:/program files (x86)/gnu tools arm embedded/bin/../lib/gcc/arm-none-eabi/12.2.0/thumb/v7e-m+fp/hard\libc_nano.a(libc_a-memchr.o)
 .debug_abbrev  0x0000265a      0x236 c:/program files (x86)/gnu tools arm embedded/bin/../lib/gcc/arm-none-eabi/12.2.0/thumb/v7e-m+fp/hard\libc_nano.a(libc_a-freer.o)
 .debug_abbrev  0x00002890      0x24a c:/program files (x86)/gnu tools arm embedded/bin/../lib/gcc/arm-none-eabi/12.2.0/thumb/v7e-m+fp/hard\libc_nano.a(libc_a-mallocr.o)
 .debug_abbrev  0x00002ada      0x1bf c:/program files (x86)/gnu tools arm embedded/bin/../lib/gcc/arm-none-eabi/12.2.0/thumb/v7e-m+fp/hard\libc_nano.a(libc_a-mlock.o)
 .debug_abbrev  0x00002c99      0x2b2 c:/program files (x86)/gnu tools arm embedded/bin/../lib/gcc/arm-none-eabi/12.2.0/thumb/v7e-m+fp/hard\libc_nano.a(libc_a-fflush.o)
 .debug_abbrev  0x00002f4b      0x28e c:/program files (x86)/gnu tools arm embedded/bin/../lib/gcc/arm-none-eabi/12.2.0/thumb/v7e-m+fp/hard\libc_nano.a(libc_a-makebuf.o)
 .debug_abbrev  0x000031d9      0x1c3 c:/program files (x86)/gnu tools arm embedded/bin/../lib/gcc/arm-none-eabi/12.2.0/thumb/v7e-m+fp/hard\libc_nano.a(libc_a-fstatr.o)
 .debug_abbrev  0x0000339c      0x1b0 c:/program files (x86)/gnu tools arm embedded/bin/../lib/gcc/arm-none-eabi/12.2.0/thumb/v7e-m+fp/hard\libc_nano.a(libc_a-isattyr.o)
 .debug_abbrev  0x0000354c      0x1da c:/program files (x86)/gnu tools arm embedded/bin/../lib/gcc/arm-none-eabi/12.2.0/thumb/v7e-m+fp/hard\libc_nano.a(libc_a-sbrkr.o)

.debug_loclists
                0x00000000     0x1cb9
 .debug_loclists
                0x00000000      0x1f1 C:\Users\Alex\AppData\Local\Temp\ccy040LD.o
 .debug_loclists
                0x000001f1      0x1cb C:\Users\Alex\AppData\Local\Temp\ccLssltB.o
 .debug_loclists
                0x000003bc       0x44 c:/program files (x86)/gnu tools arm embedded/bin/../lib/gcc/arm-none-eabi/12.2.0/thumb/v7e-m+fp/hard\libc_nano.a(libc_a-printf.o)
 .debug_loclists
                0x00000400       0x47 c:/program files (x86)/gnu tools arm embedded/bin/../lib/gcc/arm-none-eabi/12.2.0/thumb/v7e-m+fp/hard\libc_nano.a(libc_a-memset.o)
 .debug_loclists
                0x00000447       0x8f c:/program files (x86)/gnu tools arm embedded/bin/../lib/gcc/arm-none-eabi/12.2.0/thumb/v7e-m+fp/hard\libc_nano.a(libc_a-memcpy-stub.o)
 .debug_loclists
                0x000004d6      0x3ec c:/program files (x86)/gnu tools arm embedded/bin/../lib/gcc/arm-none-eabi/12.2.0/thumb/v7e-m+fp/hard\libc_nano.a(libc_a-nano-vfprintf.o)
 .debug_loclists
                0x000008c2      0x430 c:/program files (x86)/gnu tools arm embedded/bin/../lib/gcc/arm-none-eabi/12.2.0/thumb/v7e-m+fp/hard\libc_nano.a(libc_a-nano-vfprintf_i.o)
 .debug_loclists
                0x00000cf2      0x237 c:/program files (x86)/gnu tools arm embedded/bin/../lib/gcc/arm-none-eabi/12.2.0/thumb/v7e-m+fp/hard\libc_nano.a(libc_a-findfp.o)
 .debug_loclists
                0x00000f29       0x85 c:/program files (x86)/gnu tools arm embedded/bin/../lib/gcc/arm-none-eabi/12.2.0/thumb/v7e-m+fp/hard\libc_nano.a(libc_a-fwalk.o)
 .debug_loclists
                0x00000fae      0x203 c:/program files (x86)/gnu tools arm embedded/bin/../lib/gcc/arm-none-eabi/12.2.0/thumb/v7e-m+fp/hard\libc_nano.a(libc_a-stdio.o)
 .debug_loclists
                0x000011b1       0xe3 c:/program files (x86)/gnu tools arm embedded/bin/../lib/gcc/arm-none-eabi/12.2.0/thumb/v7e-m+fp/hard\libc_nano.a(libc_a-wbuf.o)
 .debug_loclists
                0x00001294       0x41 c:/program files (x86)/gnu tools arm embedded/bin/../lib/gcc/arm-none-eabi/12.2.0/thumb/v7e-m+fp/hard\libc_nano.a(libc_a-wsetup.o)
 .debug_loclists
                0x000012d5       0x4c c:/program files (x86)/gnu tools arm embedded/bin/../lib/gcc/arm-none-eabi/12.2.0/thumb/v7e-m+fp/hard\libc_nano.a(libc_a-closer.o)
 .debug_loclists
                0x00001321       0x72 c:/program files (x86)/gnu tools arm embedded/bin/../lib/gcc/arm-none-eabi/12.2.0/thumb/v7e-m+fp/hard\libc_nano.a(libc_a-reent.o)
 .debug_loclists
                0x00001393       0x88 c:/program files (x86)/gnu tools arm embedded/bin/../lib/gcc/arm-none-eabi/12.2.0/thumb/v7e-m+fp/hard\libc_nano.a(libc_a-lseekr.o)
 .debug_loclists
                0x0000141b       0x88 c:/program files (x86)/gnu tools arm embedded/bin/../lib/gcc/arm-none-eabi/12.2.0/thumb/v7e-m+fp/hard\libc_nano.a(libc_a-readr.o)
 .debug_loclists
                0x000014a3       0x88 c:/program files (x86)/gnu tools arm embedded/bin/../lib/gcc/arm-none-eabi/12.2.0/thumb/v7e-m+fp/hard\libc_nano.a(libc_a-writer.o)
 .debug_loclists
                0x0000152b       0x23 c:/program files (x86)/gnu tools arm embedded/bin/../lib/gcc/arm-none-eabi/12.2.0/thumb/v7e-m+fp/hard\libc_nano.a(libc_a-lock.o)
 .debug_loclists
                0x0000154e       0xd4 c:/program files (x86)/gnu tools arm embedded/bin/../lib/gcc/arm-none-eabi/12.2.0/thumb/v7e-m+fp/hard\libc_nano.a(libc_a-freer.o)
 .debug_loclists
                0x00001622      0x262 c:/program files (x86)/gnu tools arm embedded/bin/../lib/gcc/arm-none-eabi/12.2.0/thumb/v7e-m+fp/hard\libc_nano.a(libc_a-mallocr.o)
 .debug_loclists
                0x00001884       0x3a c:/program files (x86)/gnu tools arm embedded/bin/../lib/gcc/arm-none-eabi/12.2.0/thumb/v7e-m+fp/hard\libc_nano.a(libc_a-mlock.o)
 .debug_loclists
                0x000018be      0x1dc c:/program files (x86)/gnu tools arm embedded/bin/../lib/gcc/arm-none-eabi/12.2.0/thumb/v7e-m+fp/hard\libc_nano.a(libc_a-fflush.o)
 .debug_loclists
                0x00001a9a      0x11d c:/program files (x86)/gnu tools arm embedded/bin/../lib/gcc/arm-none-eabi/12.2.0/thumb/v7e-m+fp/hard\libc_nano.a(libc_a-makebuf.o)
 .debug_loclists
                0x00001bb7       0x6a c:/program files (x86)/gnu tools arm embedded/bin/../lib/gcc/arm-none-eabi/12.2.0/thumb/v7e-m+fp/hard\libc_nano.a(libc_a-fstatr.o)
 .debug_loclists
                0x00001c21       0x4c c:/program files (x86)/gnu tools arm embedded/bin/../lib/gcc/arm-none-eabi/12.2.0/thumb/v7e-m+fp/hard\libc_nano.a(libc_a-isattyr.o)
 .debug_loclists
                0x00001c6d       0x4c c:/program files (x86)/gnu tools arm embedded/bin/../lib/gcc/arm-none-eabi/12.2.0/thumb/v7e-m+fp/hard\libc_nano.a(libc_a-sbrkr.o)

.debug_aranges  0x00000000      0x540
 .debug_aranges
                0x00000000       0x38 C:\Users\Alex\AppData\Local\Temp\ccy040LD.o
 .debug_aranges
                0x00000038       0x20 C:\Users\Alex\AppData\Local\Temp\ccorRRzA.o
 .debug_aranges
                0x00000058       0x90 C:\Users\Alex\AppData\Local\Temp\ccLssltB.o
 .debug_aranges
                0x000000e8       0x28 c:/program files (x86)/gnu tools arm embedded/bin/../lib/gcc/arm-none-eabi/12.2.0/thumb/v7e-m+fp/hard\libc_nano.a(libc_a-printf.o)
 .debug_aranges
                0x00000110       0x20 c:/program files (x86)/gnu tools arm embedded/bin/../lib/gcc/arm-none-eabi/12.2.0/thumb/v7e-m+fp/hard\libc_nano.a(libc_a-memset.o)
 .debug_aranges
                0x00000130       0x18 c:/program files (x86)/gnu tools arm embedded/bin/../lib/gcc/arm-none-eabi/12.2.0/thumb/v7e-m+fp/hard\libc_nano.a(libc_a-impure.o)
 .debug_aranges
                0x00000148       0x20 c:/program files (x86)/gnu tools arm embedded/bin/../lib/gcc/arm-none-eabi/12.2.0/thumb/v7e-m+fp/hard\libc_nano.a(libc_a-memcpy-stub.o)
 .debug_aranges
                0x00000168       0x40 c:/program files (x86)/gnu tools arm embedded/bin/../lib/gcc/arm-none-eabi/12.2.0/thumb/v7e-m+fp/hard\libc_nano.a(libc_a-nano-vfprintf.o)
 .debug_aranges
                0x000001a8       0x28 c:/program files (x86)/gnu tools arm embedded/bin/../lib/gcc/arm-none-eabi/12.2.0/thumb/v7e-m+fp/hard\libc_nano.a(libc_a-nano-vfprintf_i.o)
 .debug_aranges
                0x000001d0       0x78 c:/program files (x86)/gnu tools arm embedded/bin/../lib/gcc/arm-none-eabi/12.2.0/thumb/v7e-m+fp/hard\libc_nano.a(libc_a-findfp.o)
 .debug_aranges
                0x00000248       0x20 c:/program files (x86)/gnu tools arm embedded/bin/../lib/gcc/arm-none-eabi/12.2.0/thumb/v7e-m+fp/hard\libc_nano.a(libc_a-fwalk.o)
 .debug_aranges
                0x00000268       0x40 c:/program files (x86)/gnu tools arm embedded/bin/../lib/gcc/arm-none-eabi/12.2.0/thumb/v7e-m+fp/hard\libc_nano.a(libc_a-stdio.o)
 .debug_aranges
                0x000002a8       0x28 c:/program files (x86)/gnu tools arm embedded/bin/../lib/gcc/arm-none-eabi/12.2.0/thumb/v7e-m+fp/hard\libc_nano.a(libc_a-wbuf.o)
 .debug_aranges
                0x000002d0       0x20 c:/program files (x86)/gnu tools arm embedded/bin/../lib/gcc/arm-none-eabi/12.2.0/thumb/v7e-m+fp/hard\libc_nano.a(libc_a-wsetup.o)
 .debug_aranges
                0x000002f0       0x20 c:/program files (x86)/gnu tools arm embedded/bin/../lib/gcc/arm-none-eabi/12.2.0/thumb/v7e-m+fp/hard\libc_nano.a(libc_a-closer.o)
 .debug_aranges
                0x00000310       0x20 c:/program files (x86)/gnu tools arm embedded/bin/../lib/gcc/arm-none-eabi/12.2.0/thumb/v7e-m+fp/hard\libc_nano.a(libc_a-reent.o)
 .debug_aranges
                0x00000330       0x20 c:/program files (x86)/gnu tools arm embedded/bin/../lib/gcc/arm-none-eabi/12.2.0/thumb/v7e-m+fp/hard\libc_nano.a(libc_a-lseekr.o)
 .debug_aranges
                0x00000350       0x20 c:/program files (x86)/gnu tools arm embedded/bin/../lib/gcc/arm-none-eabi/12.2.0/thumb/v7e-m+fp/hard\libc_nano.a(libc_a-readr.o)
 .debug_aranges
                0x00000370       0x20 c:/program files (x86)/gnu tools arm embedded/bin/../lib/gcc/arm-none-eabi/12.2.0/thumb/v7e-m+fp/hard\libc_nano.a(libc_a-writer.o)
 .debug_aranges
                0x00000390       0x68 c:/program files (x86)/gnu tools arm embedded/bin/../lib/gcc/arm-none-eabi/12.2.0/thumb/v7e-m+fp/hard\libc_nano.a(libc_a-lock.o)
 .debug_aranges
                0x000003f8       0x20 c:/program files (x86)/gnu tools arm embedded/bin/../lib/gcc/arm-none-eabi/12.2.0/thumb/v7e-m+fp/hard\libc_nano.a(libc_a-memchr.o)
 .debug_aranges
                0x00000418       0x20 c:/program files (x86)/gnu tools arm embedded/bin/../lib/gcc/arm-none-eabi/12.2.0/thumb/v7e-m+fp/hard\libc_nano.a(libc_a-freer.o)
 .debug_aranges
                0x00000438       0x28 c:/program files (x86)/gnu tools arm embedded/bin/../lib/gcc/arm-none-eabi/12.2.0/thumb/v7e-m+fp/hard\libc_nano.a(libc_a-mallocr.o)
 .debug_aranges
                0x00000460       0x28 c:/program files (x86)/gnu tools arm embedded/bin/../lib/gcc/arm-none-eabi/12.2.0/thumb/v7e-m+fp/hard\libc_nano.a(libc_a-mlock.o)
 .debug_aranges
                0x00000488       0x30 c:/program files (x86)/gnu tools arm embedded/bin/../lib/gcc/arm-none-eabi/12.2.0/thumb/v7e-m+fp/hard\libc_nano.a(libc_a-fflush.o)
 .debug_aranges
                0x000004b8       0x28 c:/program files (x86)/gnu tools arm embedded/bin/../lib/gcc/arm-none-eabi/12.2.0/thumb/v7e-m+fp/hard\libc_nano.a(libc_a-makebuf.o)
 .debug_aranges
                0x000004e0       0x20 c:/program files (x86)/gnu tools arm embedded/bin/../lib/gcc/arm-none-eabi/12.2.0/thumb/v7e-m+fp/hard\libc_nano.a(libc_a-fstatr.o)
 .debug_aranges
                0x00000500       0x20 c:/program files (x86)/gnu tools arm embedded/bin/../lib/gcc/arm-none-eabi/12.2.0/thumb/v7e-m+fp/hard\libc_nano.a(libc_a-isattyr.o)
 .debug_aranges
                0x00000520       0x20 c:/program files (x86)/gnu tools arm embedded/bin/../lib/gcc/arm-none-eabi/12.2.0/thumb/v7e-m+fp/hard\libc_nano.a(libc_a-sbrkr.o)

.debug_rnglists
                0x00000000      0x494
 .debug_rnglists
                0x00000000       0x74 C:\Users\Alex\AppData\Local\Temp\ccy040LD.o
 .debug_rnglists
                0x00000074       0x13 C:\Users\Alex\AppData\Local\Temp\ccorRRzA.o
 .debug_rnglists
                0x00000087       0x7f C:\Users\Alex\AppData\Local\Temp\ccLssltB.o
 .debug_rnglists
                0x00000106       0x19 c:/program files (x86)/gnu tools arm embedded/bin/../lib/gcc/arm-none-eabi/12.2.0/thumb/v7e-m+fp/hard\libc_nano.a(libc_a-printf.o)
 .debug_rnglists
                0x0000011f       0x13 c:/program files (x86)/gnu tools arm embedded/bin/../lib/gcc/arm-none-eabi/12.2.0/thumb/v7e-m+fp/hard\libc_nano.a(libc_a-memset.o)
 .debug_rnglists
                0x00000132       0x13 c:/program files (x86)/gnu tools arm embedded/bin/../lib/gcc/arm-none-eabi/12.2.0/thumb/v7e-m+fp/hard\libc_nano.a(libc_a-memcpy-stub.o)
 .debug_rnglists
                0x00000145       0x38 c:/program files (x86)/gnu tools arm embedded/bin/../lib/gcc/arm-none-eabi/12.2.0/thumb/v7e-m+fp/hard\libc_nano.a(libc_a-nano-vfprintf.o)
 .debug_rnglists
                0x0000017d       0x66 c:/program files (x86)/gnu tools arm embedded/bin/../lib/gcc/arm-none-eabi/12.2.0/thumb/v7e-m+fp/hard\libc_nano.a(libc_a-nano-vfprintf_i.o)
 .debug_rnglists
                0x000001e3       0x7a c:/program files (x86)/gnu tools arm embedded/bin/../lib/gcc/arm-none-eabi/12.2.0/thumb/v7e-m+fp/hard\libc_nano.a(libc_a-findfp.o)
 .debug_rnglists
                0x0000025d       0x13 c:/program files (x86)/gnu tools arm embedded/bin/../lib/gcc/arm-none-eabi/12.2.0/thumb/v7e-m+fp/hard\libc_nano.a(libc_a-fwalk.o)
 .debug_rnglists
                0x00000270       0x2b c:/program files (x86)/gnu tools arm embedded/bin/../lib/gcc/arm-none-eabi/12.2.0/thumb/v7e-m+fp/hard\libc_nano.a(libc_a-stdio.o)
 .debug_rnglists
                0x0000029b       0x25 c:/program files (x86)/gnu tools arm embedded/bin/../lib/gcc/arm-none-eabi/12.2.0/thumb/v7e-m+fp/hard\libc_nano.a(libc_a-wbuf.o)
 .debug_rnglists
                0x000002c0       0x26 c:/program files (x86)/gnu tools arm embedded/bin/../lib/gcc/arm-none-eabi/12.2.0/thumb/v7e-m+fp/hard\libc_nano.a(libc_a-wsetup.o)
 .debug_rnglists
                0x000002e6       0x13 c:/program files (x86)/gnu tools arm embedded/bin/../lib/gcc/arm-none-eabi/12.2.0/thumb/v7e-m+fp/hard\libc_nano.a(libc_a-closer.o)
 .debug_rnglists
                0x000002f9       0x30 c:/program files (x86)/gnu tools arm embedded/bin/../lib/gcc/arm-none-eabi/12.2.0/thumb/v7e-m+fp/hard\libc_nano.a(libc_a-reent.o)
 .debug_rnglists
                0x00000329       0x13 c:/program files (x86)/gnu tools arm embedded/bin/../lib/gcc/arm-none-eabi/12.2.0/thumb/v7e-m+fp/hard\libc_nano.a(libc_a-lseekr.o)
 .debug_rnglists
                0x0000033c       0x13 c:/program files (x86)/gnu tools arm embedded/bin/../lib/gcc/arm-none-eabi/12.2.0/thumb/v7e-m+fp/hard\libc_nano.a(libc_a-readr.o)
 .debug_rnglists
                0x0000034f       0x13 c:/program files (x86)/gnu tools arm embedded/bin/../lib/gcc/arm-none-eabi/12.2.0/thumb/v7e-m+fp/hard\libc_nano.a(libc_a-writer.o)
 .debug_rnglists
                0x00000362       0x49 c:/program files (x86)/gnu tools arm embedded/bin/../lib/gcc/arm-none-eabi/12.2.0/thumb/v7e-m+fp/hard\libc_nano.a(libc_a-lock.o)
 .debug_rnglists
                0x000003ab       0x14 c:/program files (x86)/gnu tools arm embedded/bin/../lib/gcc/arm-none-eabi/12.2.0/thumb/v7e-m+fp/hard\libc_nano.a(libc_a-freer.o)
 .debug_rnglists
                0x000003bf       0x2c c:/program files (x86)/gnu tools arm embedded/bin/../lib/gcc/arm-none-eabi/12.2.0/thumb/v7e-m+fp/hard\libc_nano.a(libc_a-mallocr.o)
 .debug_rnglists
                0x000003eb       0x19 c:/program files (x86)/gnu tools arm embedded/bin/../lib/gcc/arm-none-eabi/12.2.0/thumb/v7e-m+fp/hard\libc_nano.a(libc_a-mlock.o)
 .debug_rnglists
                0x00000404       0x3e c:/program files (x86)/gnu tools arm embedded/bin/../lib/gcc/arm-none-eabi/12.2.0/thumb/v7e-m+fp/hard\libc_nano.a(libc_a-fflush.o)
 .debug_rnglists
                0x00000442       0x19 c:/program files (x86)/gnu tools arm embedded/bin/../lib/gcc/arm-none-eabi/12.2.0/thumb/v7e-m+fp/hard\libc_nano.a(libc_a-makebuf.o)
 .debug_rnglists
                0x0000045b       0x13 c:/program files (x86)/gnu tools arm embedded/bin/../lib/gcc/arm-none-eabi/12.2.0/thumb/v7e-m+fp/hard\libc_nano.a(libc_a-fstatr.o)
 .debug_rnglists
                0x0000046e       0x13 c:/program files (x86)/gnu tools arm embedded/bin/../lib/gcc/arm-none-eabi/12.2.0/thumb/v7e-m+fp/hard\libc_nano.a(libc_a-isattyr.o)
 .debug_rnglists
                0x00000481       0x13 c:/program files (x86)/gnu tools arm embedded/bin/../lib/gcc/arm-none-eabi/12.2.0/thumb/v7e-m+fp/hard\libc_nano.a(libc_a-sbrkr.o)

.debug_macro    0x00000000    0x20aee
 .debug_macro   0x00000000      0x2b2 C:\Users\Alex\AppData\Local\Temp\ccy040LD.o
 .debug_macro   0x000002b2      0xac0 C:\Users\Alex\AppData\Local\Temp\ccy040LD.o
 .debug_macro   0x00000d72       0x22 C:\Users\Alex\AppData\Local\Temp\ccy040LD.o
 .debug_macro   0x00000d94       0x5b C:\Users\Alex\AppData\Local\Temp\ccy040LD.o
 .debug_macro   0x00000def       0x2a C:\Users\Alex\AppData\Local\Temp\ccy040LD.o
 .debug_macro   0x00000e19       0x94 C:\Users\Alex\AppData\Local\Temp\ccy040LD.o
 .debug_macro   0x00000ead       0x43 C:\Users\Alex\AppData\Local\Temp\ccy040LD.o
 .debug_macro   0x00000ef0      0x103 C:\Users\Alex\AppData\Local\Temp\ccy040LD.o
 .debug_macro   0x00000ff3       0x3a C:\Users\Alex\AppData\Local\Temp\ccy040LD.o
 .debug_macro   0x0000102d       0x57 C:\Users\Alex\AppData\Local\Temp\ccy040LD.o
 .debug_macro   0x00001084       0x6a C:\Users\Alex\AppData\Local\Temp\ccy040LD.o
 .debug_macro   0x000010ee      0x1df C:\Users\Alex\AppData\Local\Temp\ccy040LD.o
 .debug_macro   0x000012cd       0x89 C:\Users\Alex\AppData\Local\Temp\ccy040LD.o
 .debug_macro   0x00001356      0x460 C:\Users\Alex\AppData\Local\Temp\ccy040LD.o
 .debug_macro   0x000017b6       0x22 C:\Users\Alex\AppData\Local\Temp\ccy040LD.o
 .debug_macro   0x000017d8       0x1c C:\Users\Alex\AppData\Local\Temp\ccy040LD.o
 .debug_macro   0x000017f4       0x9e C:\Users\Alex\AppData\Local\Temp\ccy040LD.o
 .debug_macro   0x00001892      0x369 C:\Users\Alex\AppData\Local\Temp\ccy040LD.o
 .debug_macro   0x00001bfb       0x94 C:\Users\Alex\AppData\Local\Temp\ccy040LD.o
 .debug_macro   0x00001c8f       0x10 C:\Users\Alex\AppData\Local\Temp\ccy040LD.o
 .debug_macro   0x00001c9f       0x16 C:\Users\Alex\AppData\Local\Temp\ccy040LD.o
 .debug_macro   0x00001cb5       0x43 C:\Users\Alex\AppData\Local\Temp\ccy040LD.o
 .debug_macro   0x00001cf8       0x34 C:\Users\Alex\AppData\Local\Temp\ccy040LD.o
 .debug_macro   0x00001d2c       0x10 C:\Users\Alex\AppData\Local\Temp\ccy040LD.o
 .debug_macro   0x00001d3c       0x58 C:\Users\Alex\AppData\Local\Temp\ccy040LD.o
 .debug_macro   0x00001d94       0x8e C:\Users\Alex\AppData\Local\Temp\ccy040LD.o
 .debug_macro   0x00001e22       0x1c C:\Users\Alex\AppData\Local\Temp\ccy040LD.o
 .debug_macro   0x00001e3e      0x177 C:\Users\Alex\AppData\Local\Temp\ccy040LD.o
 .debug_macro   0x00001fb5       0x16 C:\Users\Alex\AppData\Local\Temp\ccy040LD.o
 .debug_macro   0x00001fcb       0x16 C:\Users\Alex\AppData\Local\Temp\ccy040LD.o
 .debug_macro   0x00001fe1      0x146 C:\Users\Alex\AppData\Local\Temp\ccy040LD.o
 .debug_macro   0x00002127       0x16 C:\Users\Alex\AppData\Local\Temp\ccy040LD.o
 .debug_macro   0x0000213d       0x35 C:\Users\Alex\AppData\Local\Temp\ccy040LD.o
 .debug_macro   0x00002172       0x16 C:\Users\Alex\AppData\Local\Temp\ccy040LD.o
 .debug_macro   0x00002188       0x29 C:\Users\Alex\AppData\Local\Temp\ccy040LD.o
 .debug_macro   0x000021b1       0x16 C:\Users\Alex\AppData\Local\Temp\ccy040LD.o
 .debug_macro   0x000021c7       0x10 C:\Users\Alex\AppData\Local\Temp\ccy040LD.o
 .debug_macro   0x000021d7       0x10 C:\Users\Alex\AppData\Local\Temp\ccy040LD.o
 .debug_macro   0x000021e7       0x10 C:\Users\Alex\AppData\Local\Temp\ccy040LD.o
 .debug_macro   0x000021f7       0x1c C:\Users\Alex\AppData\Local\Temp\ccy040LD.o
 .debug_macro   0x00002213       0x52 C:\Users\Alex\AppData\Local\Temp\ccy040LD.o
 .debug_macro   0x00002265       0x22 C:\Users\Alex\AppData\Local\Temp\ccy040LD.o
 .debug_macro   0x00002287       0x10 C:\Users\Alex\AppData\Local\Temp\ccy040LD.o
 .debug_macro   0x00002297       0x52 C:\Users\Alex\AppData\Local\Temp\ccy040LD.o
 .debug_macro   0x000022e9       0xc1 C:\Users\Alex\AppData\Local\Temp\ccy040LD.o
 .debug_macro   0x000023aa       0x1c C:\Users\Alex\AppData\Local\Temp\ccy040LD.o
 .debug_macro   0x000023c6       0x3d C:\Users\Alex\AppData\Local\Temp\ccy040LD.o
 .debug_macro   0x00002403       0x35 C:\Users\Alex\AppData\Local\Temp\ccy040LD.o
 .debug_macro   0x00002438      0x12c C:\Users\Alex\AppData\Local\Temp\ccy040LD.o
 .debug_macro   0x00002564       0x28 C:\Users\Alex\AppData\Local\Temp\ccy040LD.o
 .debug_macro   0x0000258c       0x1c C:\Users\Alex\AppData\Local\Temp\ccy040LD.o
 .debug_macro   0x000025a8       0x22 C:\Users\Alex\AppData\Local\Temp\ccy040LD.o
 .debug_macro   0x000025ca       0xd9 C:\Users\Alex\AppData\Local\Temp\ccy040LD.o
 .debug_macro   0x000026a3     0x102d C:\Users\Alex\AppData\Local\Temp\ccy040LD.o
 .debug_macro   0x000036d0      0x11f C:\Users\Alex\AppData\Local\Temp\ccy040LD.o
 .debug_macro   0x000037ef    0x1cb71 C:\Users\Alex\AppData\Local\Temp\ccy040LD.o
 .debug_macro   0x00020360       0x3a C:\Users\Alex\AppData\Local\Temp\ccy040LD.o
 .debug_macro   0x0002039a       0x11 C:\Users\Alex\AppData\Local\Temp\ccorRRzA.o
 .debug_macro   0x000203ab      0x2b2 C:\Users\Alex\AppData\Local\Temp\ccLssltB.o
 .debug_macro   0x0002065d       0x34 C:\Users\Alex\AppData\Local\Temp\ccLssltB.o
 .debug_macro   0x00020691      0x189 C:\Users\Alex\AppData\Local\Temp\ccLssltB.o
 .debug_macro   0x0002081a       0x10 C:\Users\Alex\AppData\Local\Temp\ccLssltB.o
 .debug_macro   0x0002082a       0xcf C:\Users\Alex\AppData\Local\Temp\ccLssltB.o
 .debug_macro   0x000208f9      0x1e5 C:\Users\Alex\AppData\Local\Temp\ccLssltB.o
 .debug_macro   0x00020ade       0x10 C:\Users\Alex\AppData\Local\Temp\ccLssltB.o

.debug_line     0x00000000     0x5c0a
 .debug_line    0x00000000      0x657 C:\Users\Alex\AppData\Local\Temp\ccy040LD.o
 .debug_line    0x00000657       0x65 C:\Users\Alex\AppData\Local\Temp\ccorRRzA.o
 .debug_line    0x000006bc      0x678 C:\Users\Alex\AppData\Local\Temp\ccLssltB.o
 .debug_line    0x00000d34      0x272 c:/program files (x86)/gnu tools arm embedded/bin/../lib/gcc/arm-none-eabi/12.2.0/thumb/v7e-m+fp/hard\libc_nano.a(libc_a-printf.o)
 .debug_line    0x00000fa6      0x18e c:/program files (x86)/gnu tools arm embedded/bin/../lib/gcc/arm-none-eabi/12.2.0/thumb/v7e-m+fp/hard\libc_nano.a(libc_a-memset.o)
 .debug_line    0x00001134      0x173 c:/program files (x86)/gnu tools arm embedded/bin/../lib/gcc/arm-none-eabi/12.2.0/thumb/v7e-m+fp/hard\libc_nano.a(libc_a-impure.o)
 .debug_line    0x000012a7      0x21b c:/program files (x86)/gnu tools arm embedded/bin/../lib/gcc/arm-none-eabi/12.2.0/thumb/v7e-m+fp/hard\libc_nano.a(libc_a-memcpy-stub.o)
 .debug_line    0x000014c2      0x707 c:/program files (x86)/gnu tools arm embedded/bin/../lib/gcc/arm-none-eabi/12.2.0/thumb/v7e-m+fp/hard\libc_nano.a(libc_a-nano-vfprintf.o)
 .debug_line    0x00001bc9      0x787 c:/program files (x86)/gnu tools arm embedded/bin/../lib/gcc/arm-none-eabi/12.2.0/thumb/v7e-m+fp/hard\libc_nano.a(libc_a-nano-vfprintf_i.o)
 .debug_line    0x00002350      0x590 c:/program files (x86)/gnu tools arm embedded/bin/../lib/gcc/arm-none-eabi/12.2.0/thumb/v7e-m+fp/hard\libc_nano.a(libc_a-findfp.o)
 .debug_line    0x000028e0      0x252 c:/program files (x86)/gnu tools arm embedded/bin/../lib/gcc/arm-none-eabi/12.2.0/thumb/v7e-m+fp/hard\libc_nano.a(libc_a-fwalk.o)
 .debug_line    0x00002b32      0x302 c:/program files (x86)/gnu tools arm embedded/bin/../lib/gcc/arm-none-eabi/12.2.0/thumb/v7e-m+fp/hard\libc_nano.a(libc_a-stdio.o)
 .debug_line    0x00002e34      0x2ed c:/program files (x86)/gnu tools arm embedded/bin/../lib/gcc/arm-none-eabi/12.2.0/thumb/v7e-m+fp/hard\libc_nano.a(libc_a-wbuf.o)
 .debug_line    0x00003121      0x31d c:/program files (x86)/gnu tools arm embedded/bin/../lib/gcc/arm-none-eabi/12.2.0/thumb/v7e-m+fp/hard\libc_nano.a(libc_a-wsetup.o)
 .debug_line    0x0000343e      0x234 c:/program files (x86)/gnu tools arm embedded/bin/../lib/gcc/arm-none-eabi/12.2.0/thumb/v7e-m+fp/hard\libc_nano.a(libc_a-closer.o)
 .debug_line    0x00003672      0x2f0 c:/program files (x86)/gnu tools arm embedded/bin/../lib/gcc/arm-none-eabi/12.2.0/thumb/v7e-m+fp/hard\libc_nano.a(libc_a-reent.o)
 .debug_line    0x00003962      0x233 c:/program files (x86)/gnu tools arm embedded/bin/../lib/gcc/arm-none-eabi/12.2.0/thumb/v7e-m+fp/hard\libc_nano.a(libc_a-lseekr.o)
 .debug_line    0x00003b95      0x232 c:/program files (x86)/gnu tools arm embedded/bin/../lib/gcc/arm-none-eabi/12.2.0/thumb/v7e-m+fp/hard\libc_nano.a(libc_a-readr.o)
 .debug_line    0x00003dc7      0x233 c:/program files (x86)/gnu tools arm embedded/bin/../lib/gcc/arm-none-eabi/12.2.0/thumb/v7e-m+fp/hard\libc_nano.a(libc_a-writer.o)
 .debug_line    0x00003ffa      0x1ad c:/program files (x86)/gnu tools arm embedded/bin/../lib/gcc/arm-none-eabi/12.2.0/thumb/v7e-m+fp/hard\libc_nano.a(libc_a-lock.o)
 .debug_line    0x000041a7       0x81 c:/program files (x86)/gnu tools arm embedded/bin/../lib/gcc/arm-none-eabi/12.2.0/thumb/v7e-m+fp/hard\libc_nano.a(libc_a-memchr.o)
 .debug_line    0x00004228      0x32e c:/program files (x86)/gnu tools arm embedded/bin/../lib/gcc/arm-none-eabi/12.2.0/thumb/v7e-m+fp/hard\libc_nano.a(libc_a-freer.o)
 .debug_line    0x00004556      0x4f3 c:/program files (x86)/gnu tools arm embedded/bin/../lib/gcc/arm-none-eabi/12.2.0/thumb/v7e-m+fp/hard\libc_nano.a(libc_a-mallocr.o)
 .debug_line    0x00004a49      0x206 c:/program files (x86)/gnu tools arm embedded/bin/../lib/gcc/arm-none-eabi/12.2.0/thumb/v7e-m+fp/hard\libc_nano.a(libc_a-mlock.o)
 .debug_line    0x00004c4f      0x4ad c:/program files (x86)/gnu tools arm embedded/bin/../lib/gcc/arm-none-eabi/12.2.0/thumb/v7e-m+fp/hard\libc_nano.a(libc_a-fflush.o)
 .debug_line    0x000050fc      0x3d4 c:/program files (x86)/gnu tools arm embedded/bin/../lib/gcc/arm-none-eabi/12.2.0/thumb/v7e-m+fp/hard\libc_nano.a(libc_a-makebuf.o)
 .debug_line    0x000054d0      0x2d1 c:/program files (x86)/gnu tools arm embedded/bin/../lib/gcc/arm-none-eabi/12.2.0/thumb/v7e-m+fp/hard\libc_nano.a(libc_a-fstatr.o)
 .debug_line    0x000057a1      0x235 c:/program files (x86)/gnu tools arm embedded/bin/../lib/gcc/arm-none-eabi/12.2.0/thumb/v7e-m+fp/hard\libc_nano.a(libc_a-isattyr.o)
 .debug_line    0x000059d6      0x234 c:/program files (x86)/gnu tools arm embedded/bin/../lib/gcc/arm-none-eabi/12.2.0/thumb/v7e-m+fp/hard\libc_nano.a(libc_a-sbrkr.o)

.debug_str      0x00000000    0xb3e00
 .debug_str     0x00000000    0xb25e0 C:\Users\Alex\AppData\Local\Temp\ccy040LD.o
                              0xb2834 (size before relaxing)
 .debug_str     0x000b25e0       0x5d C:\Users\Alex\AppData\Local\Temp\ccorRRzA.o
                               0x2eaa (size before relaxing)
 .debug_str     0x000b263d      0x183 C:\Users\Alex\AppData\Local\Temp\ccLssltB.o
                              0xb27d2 (size before relaxing)
 .debug_str     0x000b27c0      0x435 c:/program files (x86)/gnu tools arm embedded/bin/../lib/gcc/arm-none-eabi/12.2.0/thumb/v7e-m+fp/hard\libc_nano.a(libc_a-printf.o)
                                0x56e (size before relaxing)
 .debug_str     0x000b2bf5       0x63 c:/program files (x86)/gnu tools arm embedded/bin/../lib/gcc/arm-none-eabi/12.2.0/thumb/v7e-m+fp/hard\libc_nano.a(libc_a-memset.o)
                                0x213 (size before relaxing)
 .debug_str     0x000b2c58       0x6f c:/program files (x86)/gnu tools arm embedded/bin/../lib/gcc/arm-none-eabi/12.2.0/thumb/v7e-m+fp/hard\libc_nano.a(libc_a-impure.o)
                                0x533 (size before relaxing)
 .debug_str     0x000b2cc7       0x81 c:/program files (x86)/gnu tools arm embedded/bin/../lib/gcc/arm-none-eabi/12.2.0/thumb/v7e-m+fp/hard\libc_nano.a(libc_a-memcpy-stub.o)
                                0x231 (size before relaxing)
 .debug_str     0x000b2d48      0x31e c:/program files (x86)/gnu tools arm embedded/bin/../lib/gcc/arm-none-eabi/12.2.0/thumb/v7e-m+fp/hard\libc_nano.a(libc_a-nano-vfprintf.o)
                                0x8e4 (size before relaxing)
 .debug_str     0x000b3066       0xc3 c:/program files (x86)/gnu tools arm embedded/bin/../lib/gcc/arm-none-eabi/12.2.0/thumb/v7e-m+fp/hard\libc_nano.a(libc_a-nano-vfprintf_i.o)
                                0x812 (size before relaxing)
 .debug_str     0x000b3129      0x24f c:/program files (x86)/gnu tools arm embedded/bin/../lib/gcc/arm-none-eabi/12.2.0/thumb/v7e-m+fp/hard\libc_nano.a(libc_a-findfp.o)
                                0x7b6 (size before relaxing)
 .debug_str     0x000b3378       0x61 c:/program files (x86)/gnu tools arm embedded/bin/../lib/gcc/arm-none-eabi/12.2.0/thumb/v7e-m+fp/hard\libc_nano.a(libc_a-fwalk.o)
                                0x543 (size before relaxing)
 .debug_str     0x000b33d9       0x9f c:/program files (x86)/gnu tools arm embedded/bin/../lib/gcc/arm-none-eabi/12.2.0/thumb/v7e-m+fp/hard\libc_nano.a(libc_a-stdio.o)
                                0x5a0 (size before relaxing)
 .debug_str     0x000b3478       0x68 c:/program files (x86)/gnu tools arm embedded/bin/../lib/gcc/arm-none-eabi/12.2.0/thumb/v7e-m+fp/hard\libc_nano.a(libc_a-wbuf.o)
                                0x569 (size before relaxing)
 .debug_str     0x000b34e0       0x77 c:/program files (x86)/gnu tools arm embedded/bin/../lib/gcc/arm-none-eabi/12.2.0/thumb/v7e-m+fp/hard\libc_nano.a(libc_a-wsetup.o)
                                0x564 (size before relaxing)
 .debug_str     0x000b3557       0x62 c:/program files (x86)/gnu tools arm embedded/bin/../lib/gcc/arm-none-eabi/12.2.0/thumb/v7e-m+fp/hard\libc_nano.a(libc_a-closer.o)
                                0x529 (size before relaxing)
 .debug_str     0x000b35b9       0x80 c:/program files (x86)/gnu tools arm embedded/bin/../lib/gcc/arm-none-eabi/12.2.0/thumb/v7e-m+fp/hard\libc_nano.a(libc_a-reent.o)
                                0x552 (size before relaxing)
 .debug_str     0x000b3639       0x62 c:/program files (x86)/gnu tools arm embedded/bin/../lib/gcc/arm-none-eabi/12.2.0/thumb/v7e-m+fp/hard\libc_nano.a(libc_a-lseekr.o)
                                0x537 (size before relaxing)
 .debug_str     0x000b369b       0x61 c:/program files (x86)/gnu tools arm embedded/bin/../lib/gcc/arm-none-eabi/12.2.0/thumb/v7e-m+fp/hard\libc_nano.a(libc_a-readr.o)
                                0x537 (size before relaxing)
 .debug_str     0x000b36fc       0x62 c:/program files (x86)/gnu tools arm embedded/bin/../lib/gcc/arm-none-eabi/12.2.0/thumb/v7e-m+fp/hard\libc_nano.a(libc_a-writer.o)
                                0x539 (size before relaxing)
 .debug_str     0x000b375e      0x1e0 c:/program files (x86)/gnu tools arm embedded/bin/../lib/gcc/arm-none-eabi/12.2.0/thumb/v7e-m+fp/hard\libc_nano.a(libc_a-lock.o)
                                0x386 (size before relaxing)
 .debug_str     0x000b393e       0x77 c:/program files (x86)/gnu tools arm embedded/bin/../lib/gcc/arm-none-eabi/12.2.0/thumb/v7e-m+fp/hard\libc_nano.a(libc_a-memchr.o)
                                0x100 (size before relaxing)
 .debug_str     0x000b39b5       0xdc c:/program files (x86)/gnu tools arm embedded/bin/../lib/gcc/arm-none-eabi/12.2.0/thumb/v7e-m+fp/hard\libc_nano.a(libc_a-freer.o)
                                0x5b3 (size before relaxing)
 .debug_str     0x000b3a91       0xc1 c:/program files (x86)/gnu tools arm embedded/bin/../lib/gcc/arm-none-eabi/12.2.0/thumb/v7e-m+fp/hard\libc_nano.a(libc_a-mallocr.o)
                                0x614 (size before relaxing)
 .debug_str     0x000b3b52       0x62 c:/program files (x86)/gnu tools arm embedded/bin/../lib/gcc/arm-none-eabi/12.2.0/thumb/v7e-m+fp/hard\libc_nano.a(libc_a-mlock.o)
                                0x5b5 (size before relaxing)
 .debug_str     0x000b3bb4       0x85 c:/program files (x86)/gnu tools arm embedded/bin/../lib/gcc/arm-none-eabi/12.2.0/thumb/v7e-m+fp/hard\libc_nano.a(libc_a-fflush.o)
                                0x5fe (size before relaxing)
 .debug_str     0x000b3c39       0x9b c:/program files (x86)/gnu tools arm embedded/bin/../lib/gcc/arm-none-eabi/12.2.0/thumb/v7e-m+fp/hard\libc_nano.a(libc_a-makebuf.o)
                                0x6c6 (size before relaxing)
 .debug_str     0x000b3cd4       0x68 c:/program files (x86)/gnu tools arm embedded/bin/../lib/gcc/arm-none-eabi/12.2.0/thumb/v7e-m+fp/hard\libc_nano.a(libc_a-fstatr.o)
                                0x67b (size before relaxing)
 .debug_str     0x000b3d3c       0x63 c:/program files (x86)/gnu tools arm embedded/bin/../lib/gcc/arm-none-eabi/12.2.0/thumb/v7e-m+fp/hard\libc_nano.a(libc_a-isattyr.o)
                                0x533 (size before relaxing)
 .debug_str     0x000b3d9f       0x61 c:/program files (x86)/gnu tools arm embedded/bin/../lib/gcc/arm-none-eabi/12.2.0/thumb/v7e-m+fp/hard\libc_nano.a(libc_a-sbrkr.o)
                                0x53c (size before relaxing)

.comment        0x00000000       0x4c
 .comment       0x00000000       0x4c C:\Users\Alex\AppData\Local\Temp\ccy040LD.o
                                 0x4d (size before relaxing)
 .comment       0x0000004c       0x4d C:\Users\Alex\AppData\Local\Temp\ccorRRzA.o
 .comment       0x0000004c       0x4d C:\Users\Alex\AppData\Local\Temp\ccLssltB.o
 .comment       0x0000004c       0x4d c:/program files (x86)/gnu tools arm embedded/bin/../lib/gcc/arm-none-eabi/12.2.0/thumb/v7e-m+fp/hard\libc_nano.a(libc_a-printf.o)
 .comment       0x0000004c       0x4d c:/program files (x86)/gnu tools arm embedded/bin/../lib/gcc/arm-none-eabi/12.2.0/thumb/v7e-m+fp/hard\libc_nano.a(libc_a-memset.o)
 .comment       0x0000004c       0x4d c:/program files (x86)/gnu tools arm embedded/bin/../lib/gcc/arm-none-eabi/12.2.0/thumb/v7e-m+fp/hard\libc_nano.a(libc_a-impure.o)
 .comment       0x0000004c       0x4d c:/program files (x86)/gnu tools arm embedded/bin/../lib/gcc/arm-none-eabi/12.2.0/thumb/v7e-m+fp/hard\libc_nano.a(libc_a-memcpy-stub.o)
 .comment       0x0000004c       0x4d c:/program files (x86)/gnu tools arm embedded/bin/../lib/gcc/arm-none-eabi/12.2.0/thumb/v7e-m+fp/hard\libc_nano.a(libc_a-nano-vfprintf.o)
 .comment       0x0000004c       0x4d c:/program files (x86)/gnu tools arm embedded/bin/../lib/gcc/arm-none-eabi/12.2.0/thumb/v7e-m+fp/hard\libc_nano.a(libc_a-nano-vfprintf_i.o)
 .comment       0x0000004c       0x4d c:/program files (x86)/gnu tools arm embedded/bin/../lib/gcc/arm-none-eabi/12.2.0/thumb/v7e-m+fp/hard\libc_nano.a(libc_a-findfp.o)
 .comment       0x0000004c       0x4d c:/program files (x86)/gnu tools arm embedded/bin/../lib/gcc/arm-none-eabi/12.2.0/thumb/v7e-m+fp/hard\libc_nano.a(libc_a-fwalk.o)
 .comment       0x0000004c       0x4d c:/program files (x86)/gnu tools arm embedded/bin/../lib/gcc/arm-none-eabi/12.2.0/thumb/v7e-m+fp/hard\libc_nano.a(libc_a-stdio.o)
 .comment       0x0000004c       0x4d c:/program files (x86)/gnu tools arm embedded/bin/../lib/gcc/arm-none-eabi/12.2.0/thumb/v7e-m+fp/hard\libc_nano.a(libc_a-wbuf.o)
 .comment       0x0000004c       0x4d c:/program files (x86)/gnu tools arm embedded/bin/../lib/gcc/arm-none-eabi/12.2.0/thumb/v7e-m+fp/hard\libc_nano.a(libc_a-wsetup.o)
 .comment       0x0000004c       0x4d c:/program files (x86)/gnu tools arm embedded/bin/../lib/gcc/arm-none-eabi/12.2.0/thumb/v7e-m+fp/hard\libc_nano.a(libc_a-closer.o)
 .comment       0x0000004c       0x4d c:/program files (x86)/gnu tools arm embedded/bin/../lib/gcc/arm-none-eabi/12.2.0/thumb/v7e-m+fp/hard\libc_nano.a(libc_a-reent.o)
 .comment       0x0000004c       0x4d c:/program files (x86)/gnu tools arm embedded/bin/../lib/gcc/arm-none-eabi/12.2.0/thumb/v7e-m+fp/hard\libc_nano.a(libc_a-lseekr.o)
 .comment       0x0000004c       0x4d c:/program files (x86)/gnu tools arm embedded/bin/../lib/gcc/arm-none-eabi/12.2.0/thumb/v7e-m+fp/hard\libc_nano.a(libc_a-readr.o)
 .comment       0x0000004c       0x4d c:/program files (x86)/gnu tools arm embedded/bin/../lib/gcc/arm-none-eabi/12.2.0/thumb/v7e-m+fp/hard\libc_nano.a(libc_a-writer.o)
 .comment       0x0000004c       0x4d c:/program files (x86)/gnu tools arm embedded/bin/../lib/gcc/arm-none-eabi/12.2.0/thumb/v7e-m+fp/hard\libc_nano.a(libc_a-lock.o)
 .comment       0x0000004c       0x4d c:/program files (x86)/gnu tools arm embedded/bin/../lib/gcc/arm-none-eabi/12.2.0/thumb/v7e-m+fp/hard\libc_nano.a(libc_a-freer.o)
 .comment       0x0000004c       0x4d c:/program files (x86)/gnu tools arm embedded/bin/../lib/gcc/arm-none-eabi/12.2.0/thumb/v7e-m+fp/hard\libc_nano.a(libc_a-mallocr.o)
 .comment       0x0000004c       0x4d c:/program files (x86)/gnu tools arm embedded/bin/../lib/gcc/arm-none-eabi/12.2.0/thumb/v7e-m+fp/hard\libc_nano.a(libc_a-mlock.o)
 .comment       0x0000004c       0x4d c:/program files (x86)/gnu tools arm embedded/bin/../lib/gcc/arm-none-eabi/12.2.0/thumb/v7e-m+fp/hard\libc_nano.a(libc_a-fflush.o)
 .comment       0x0000004c       0x4d c:/program files (x86)/gnu tools arm embedded/bin/../lib/gcc/arm-none-eabi/12.2.0/thumb/v7e-m+fp/hard\libc_nano.a(libc_a-makebuf.o)
 .comment       0x0000004c       0x4d c:/program files (x86)/gnu tools arm embedded/bin/../lib/gcc/arm-none-eabi/12.2.0/thumb/v7e-m+fp/hard\libc_nano.a(libc_a-fstatr.o)
 .comment       0x0000004c       0x4d c:/program files (x86)/gnu tools arm embedded/bin/../lib/gcc/arm-none-eabi/12.2.0/thumb/v7e-m+fp/hard\libc_nano.a(libc_a-isattyr.o)
 .comment       0x0000004c       0x4d c:/program files (x86)/gnu tools arm embedded/bin/../lib/gcc/arm-none-eabi/12.2.0/thumb/v7e-m+fp/hard\libc_nano.a(libc_a-sbrkr.o)

.ARM.attributes
                0x00000000       0x32
 .ARM.attributes
                0x00000000       0x34 C:\Users\Alex\AppData\Local\Temp\ccy040LD.o
 .ARM.attributes
                0x00000034       0x34 C:\Users\Alex\AppData\Local\Temp\ccorRRzA.o
 .ARM.attributes
                0x00000068       0x34 C:\Users\Alex\AppData\Local\Temp\ccLssltB.o
 .ARM.attributes
                0x0000009c       0x34 c:/program files (x86)/gnu tools arm embedded/bin/../lib/gcc/arm-none-eabi/12.2.0/thumb/v7e-m+fp/hard\libc_nano.a(libc_a-printf.o)
 .ARM.attributes
                0x000000d0       0x34 c:/program files (x86)/gnu tools arm embedded/bin/../lib/gcc/arm-none-eabi/12.2.0/thumb/v7e-m+fp/hard\libc_nano.a(libc_a-memset.o)
 .ARM.attributes
                0x00000104       0x34 c:/program files (x86)/gnu tools arm embedded/bin/../lib/gcc/arm-none-eabi/12.2.0/thumb/v7e-m+fp/hard\libc_nano.a(libc_a-impure.o)
 .ARM.attributes
                0x00000138       0x34 c:/program files (x86)/gnu tools arm embedded/bin/../lib/gcc/arm-none-eabi/12.2.0/thumb/v7e-m+fp/hard\libc_nano.a(libc_a-memcpy-stub.o)
 .ARM.attributes
                0x0000016c       0x34 c:/program files (x86)/gnu tools arm embedded/bin/../lib/gcc/arm-none-eabi/12.2.0/thumb/v7e-m+fp/hard\libc_nano.a(libc_a-nano-vfprintf.o)
 .ARM.attributes
                0x000001a0       0x34 c:/program files (x86)/gnu tools arm embedded/bin/../lib/gcc/arm-none-eabi/12.2.0/thumb/v7e-m+fp/hard\libc_nano.a(libc_a-nano-vfprintf_i.o)
 .ARM.attributes
                0x000001d4       0x34 c:/program files (x86)/gnu tools arm embedded/bin/../lib/gcc/arm-none-eabi/12.2.0/thumb/v7e-m+fp/hard\libc_nano.a(libc_a-findfp.o)
 .ARM.attributes
                0x00000208       0x34 c:/program files (x86)/gnu tools arm embedded/bin/../lib/gcc/arm-none-eabi/12.2.0/thumb/v7e-m+fp/hard\libc_nano.a(libc_a-fwalk.o)
 .ARM.attributes
                0x0000023c       0x34 c:/program files (x86)/gnu tools arm embedded/bin/../lib/gcc/arm-none-eabi/12.2.0/thumb/v7e-m+fp/hard\libc_nano.a(libc_a-stdio.o)
 .ARM.attributes
                0x00000270       0x34 c:/program files (x86)/gnu tools arm embedded/bin/../lib/gcc/arm-none-eabi/12.2.0/thumb/v7e-m+fp/hard\libc_nano.a(libc_a-wbuf.o)
 .ARM.attributes
                0x000002a4       0x34 c:/program files (x86)/gnu tools arm embedded/bin/../lib/gcc/arm-none-eabi/12.2.0/thumb/v7e-m+fp/hard\libc_nano.a(libc_a-wsetup.o)
 .ARM.attributes
                0x000002d8       0x34 c:/program files (x86)/gnu tools arm embedded/bin/../lib/gcc/arm-none-eabi/12.2.0/thumb/v7e-m+fp/hard\libc_nano.a(libc_a-closer.o)
 .ARM.attributes
                0x0000030c       0x34 c:/program files (x86)/gnu tools arm embedded/bin/../lib/gcc/arm-none-eabi/12.2.0/thumb/v7e-m+fp/hard\libc_nano.a(libc_a-reent.o)
 .ARM.attributes
                0x00000340       0x34 c:/program files (x86)/gnu tools arm embedded/bin/../lib/gcc/arm-none-eabi/12.2.0/thumb/v7e-m+fp/hard\libc_nano.a(libc_a-lseekr.o)
 .ARM.attributes
                0x00000374       0x34 c:/program files (x86)/gnu tools arm embedded/bin/../lib/gcc/arm-none-eabi/12.2.0/thumb/v7e-m+fp/hard\libc_nano.a(libc_a-readr.o)
 .ARM.attributes
                0x000003a8       0x34 c:/program files (x86)/gnu tools arm embedded/bin/../lib/gcc/arm-none-eabi/12.2.0/thumb/v7e-m+fp/hard\libc_nano.a(libc_a-writer.o)
 .ARM.attributes
                0x000003dc       0x34 c:/program files (x86)/gnu tools arm embedded/bin/../lib/gcc/arm-none-eabi/12.2.0/thumb/v7e-m+fp/hard\libc_nano.a(libc_a-lock.o)
 .ARM.attributes
                0x00000410       0x1c c:/program files (x86)/gnu tools arm embedded/bin/../lib/gcc/arm-none-eabi/12.2.0/thumb/v7e-m+fp/hard\libc_nano.a(libc_a-memchr.o)
 .ARM.attributes
                0x0000042c       0x34 c:/program files (x86)/gnu tools arm embedded/bin/../lib/gcc/arm-none-eabi/12.2.0/thumb/v7e-m+fp/hard\libc_nano.a(libc_a-freer.o)
 .ARM.attributes
                0x00000460       0x34 c:/program files (x86)/gnu tools arm embedded/bin/../lib/gcc/arm-none-eabi/12.2.0/thumb/v7e-m+fp/hard\libc_nano.a(libc_a-mallocr.o)
 .ARM.attributes
                0x00000494       0x34 c:/program files (x86)/gnu tools arm embedded/bin/../lib/gcc/arm-none-eabi/12.2.0/thumb/v7e-m+fp/hard\libc_nano.a(libc_a-mlock.o)
 .ARM.attributes
                0x000004c8       0x34 c:/program files (x86)/gnu tools arm embedded/bin/../lib/gcc/arm-none-eabi/12.2.0/thumb/v7e-m+fp/hard\libc_nano.a(libc_a-fflush.o)
 .ARM.attributes
                0x000004fc       0x34 c:/program files (x86)/gnu tools arm embedded/bin/../lib/gcc/arm-none-eabi/12.2.0/thumb/v7e-m+fp/hard\libc_nano.a(libc_a-makebuf.o)
 .ARM.attributes
                0x00000530       0x34 c:/program files (x86)/gnu tools arm embedded/bin/../lib/gcc/arm-none-eabi/12.2.0/thumb/v7e-m+fp/hard\libc_nano.a(libc_a-fstatr.o)
 .ARM.attributes
                0x00000564       0x34 c:/program files (x86)/gnu tools arm embedded/bin/../lib/gcc/arm-none-eabi/12.2.0/thumb/v7e-m+fp/hard\libc_nano.a(libc_a-isattyr.o)
 .ARM.attributes
                0x00000598       0x34 c:/program files (x86)/gnu tools arm embedded/bin/../lib/gcc/arm-none-eabi/12.2.0/thumb/v7e-m+fp/hard\libc_nano.a(libc_a-sbrkr.o)

.debug_frame    0x00000000      0x940
 .debug_frame   0x00000000       0x74 C:\Users\Alex\AppData\Local\Temp\ccy040LD.o
 .debug_frame   0x00000074       0x20 C:\Users\Alex\AppData\Local\Temp\ccorRRzA.o
 .debug_frame   0x00000094      0x108 C:\Users\Alex\AppData\Local\Temp\ccLssltB.o
 .debug_frame   0x0000019c       0x6c c:/program files (x86)/gnu tools arm embedded/bin/../lib/gcc/arm-none-eabi/12.2.0/thumb/v7e-m+fp/hard\libc_nano.a(libc_a-printf.o)
 .debug_frame   0x00000208       0x20 c:/program files (x86)/gnu tools arm embedded/bin/../lib/gcc/arm-none-eabi/12.2.0/thumb/v7e-m+fp/hard\libc_nano.a(libc_a-memset.o)
 .debug_frame   0x00000228       0x28 c:/program files (x86)/gnu tools arm embedded/bin/../lib/gcc/arm-none-eabi/12.2.0/thumb/v7e-m+fp/hard\libc_nano.a(libc_a-memcpy-stub.o)
 .debug_frame   0x00000250       0xa8 c:/program files (x86)/gnu tools arm embedded/bin/../lib/gcc/arm-none-eabi/12.2.0/thumb/v7e-m+fp/hard\libc_nano.a(libc_a-nano-vfprintf.o)
 .debug_frame   0x000002f8       0x60 c:/program files (x86)/gnu tools arm embedded/bin/../lib/gcc/arm-none-eabi/12.2.0/thumb/v7e-m+fp/hard\libc_nano.a(libc_a-nano-vfprintf_i.o)
 .debug_frame   0x00000358      0x13c c:/program files (x86)/gnu tools arm embedded/bin/../lib/gcc/arm-none-eabi/12.2.0/thumb/v7e-m+fp/hard\libc_nano.a(libc_a-findfp.o)
 .debug_frame   0x00000494       0x34 c:/program files (x86)/gnu tools arm embedded/bin/../lib/gcc/arm-none-eabi/12.2.0/thumb/v7e-m+fp/hard\libc_nano.a(libc_a-fwalk.o)
 .debug_frame   0x000004c8       0x88 c:/program files (x86)/gnu tools arm embedded/bin/../lib/gcc/arm-none-eabi/12.2.0/thumb/v7e-m+fp/hard\libc_nano.a(libc_a-stdio.o)
 .debug_frame   0x00000550       0x40 c:/program files (x86)/gnu tools arm embedded/bin/../lib/gcc/arm-none-eabi/12.2.0/thumb/v7e-m+fp/hard\libc_nano.a(libc_a-wbuf.o)
 .debug_frame   0x00000590       0x2c c:/program files (x86)/gnu tools arm embedded/bin/../lib/gcc/arm-none-eabi/12.2.0/thumb/v7e-m+fp/hard\libc_nano.a(libc_a-wsetup.o)
 .debug_frame   0x000005bc       0x2c c:/program files (x86)/gnu tools arm embedded/bin/../lib/gcc/arm-none-eabi/12.2.0/thumb/v7e-m+fp/hard\libc_nano.a(libc_a-closer.o)
 .debug_frame   0x000005e8       0x38 c:/program files (x86)/gnu tools arm embedded/bin/../lib/gcc/arm-none-eabi/12.2.0/thumb/v7e-m+fp/hard\libc_nano.a(libc_a-reent.o)
 .debug_frame   0x00000620       0x2c c:/program files (x86)/gnu tools arm embedded/bin/../lib/gcc/arm-none-eabi/12.2.0/thumb/v7e-m+fp/hard\libc_nano.a(libc_a-lseekr.o)
 .debug_frame   0x0000064c       0x2c c:/program files (x86)/gnu tools arm embedded/bin/../lib/gcc/arm-none-eabi/12.2.0/thumb/v7e-m+fp/hard\libc_nano.a(libc_a-readr.o)
 .debug_frame   0x00000678       0x2c c:/program files (x86)/gnu tools arm embedded/bin/../lib/gcc/arm-none-eabi/12.2.0/thumb/v7e-m+fp/hard\libc_nano.a(libc_a-writer.o)
 .debug_frame   0x000006a4       0xb0 c:/program files (x86)/gnu tools arm embedded/bin/../lib/gcc/arm-none-eabi/12.2.0/thumb/v7e-m+fp/hard\libc_nano.a(libc_a-lock.o)
 .debug_frame   0x00000754       0x38 c:/program files (x86)/gnu tools arm embedded/bin/../lib/gcc/arm-none-eabi/12.2.0/thumb/v7e-m+fp/hard\libc_nano.a(libc_a-freer.o)
 .debug_frame   0x0000078c       0x4c c:/program files (x86)/gnu tools arm embedded/bin/../lib/gcc/arm-none-eabi/12.2.0/thumb/v7e-m+fp/hard\libc_nano.a(libc_a-mallocr.o)
 .debug_frame   0x000007d8       0x30 c:/program files (x86)/gnu tools arm embedded/bin/../lib/gcc/arm-none-eabi/12.2.0/thumb/v7e-m+fp/hard\libc_nano.a(libc_a-mlock.o)
 .debug_frame   0x00000808       0x5c c:/program files (x86)/gnu tools arm embedded/bin/../lib/gcc/arm-none-eabi/12.2.0/thumb/v7e-m+fp/hard\libc_nano.a(libc_a-fflush.o)
 .debug_frame   0x00000864       0x58 c:/program files (x86)/gnu tools arm embedded/bin/../lib/gcc/arm-none-eabi/12.2.0/thumb/v7e-m+fp/hard\libc_nano.a(libc_a-makebuf.o)
 .debug_frame   0x000008bc       0x2c c:/program files (x86)/gnu tools arm embedded/bin/../lib/gcc/arm-none-eabi/12.2.0/thumb/v7e-m+fp/hard\libc_nano.a(libc_a-fstatr.o)
 .debug_frame   0x000008e8       0x2c c:/program files (x86)/gnu tools arm embedded/bin/../lib/gcc/arm-none-eabi/12.2.0/thumb/v7e-m+fp/hard\libc_nano.a(libc_a-isattyr.o)
 .debug_frame   0x00000914       0x2c c:/program files (x86)/gnu tools arm embedded/bin/../lib/gcc/arm-none-eabi/12.2.0/thumb/v7e-m+fp/hard\libc_nano.a(libc_a-sbrkr.o)

.debug_line_str
                0x00000000       0xf1
 .debug_line_str
                0x00000000       0xf1 c:/program files (x86)/gnu tools arm embedded/bin/../lib/gcc/arm-none-eabi/12.2.0/thumb/v7e-m+fp/hard\libc_nano.a(libc_a-memchr.o)
