Archive member included to satisfy reference by file (symbol)

c:/program files (x86)/gnu tools arm embedded/bin/../lib/gcc/arm-none-eabi/12.2.0/thumb/v7e-m+fp/hard\libc_nano.a(libc_a-memset.o)
                              C:\Users\Alex\AppData\Local\Temp\ccA20Qx2.o (memset)
c:/program files (x86)/gnu tools arm embedded/bin/../lib/gcc/arm-none-eabi/12.2.0/thumb/v7e-m+fp/hard\libc_nano.a(libc_a-memcpy-stub.o)
                              C:\Users\Alex\AppData\Local\Temp\ccA20Qx2.o (memcpy)

Discarded input sections

 .text          0x00000000        0x0 C:\Users\Alex\AppData\Local\Temp\ccA20Qx2.o
 .data          0x00000000        0x0 C:\Users\Alex\AppData\Local\Temp\ccA20Qx2.o
 .bss           0x00000000        0x0 C:\Users\Alex\AppData\Local\Temp\ccA20Qx2.o
 .text          0x00000000        0x0 c:/program files (x86)/gnu tools arm embedded/bin/../lib/gcc/arm-none-eabi/12.2.0/thumb/v7e-m+fp/hard\libc_nano.a(libc_a-memset.o)
 .data          0x00000000        0x0 c:/program files (x86)/gnu tools arm embedded/bin/../lib/gcc/arm-none-eabi/12.2.0/thumb/v7e-m+fp/hard\libc_nano.a(libc_a-memset.o)
 .bss           0x00000000        0x0 c:/program files (x86)/gnu tools arm embedded/bin/../lib/gcc/arm-none-eabi/12.2.0/thumb/v7e-m+fp/hard\libc_nano.a(libc_a-memset.o)
 .text          0x00000000        0x0 c:/program files (x86)/gnu tools arm embedded/bin/../lib/gcc/arm-none-eabi/12.2.0/thumb/v7e-m+fp/hard\libc_nano.a(libc_a-memcpy-stub.o)
 .data          0x00000000        0x0 c:/program files (x86)/gnu tools arm embedded/bin/../lib/gcc/arm-none-eabi/12.2.0/thumb/v7e-m+fp/hard\libc_nano.a(libc_a-memcpy-stub.o)
 .bss           0x00000000        0x0 c:/program files (x86)/gnu tools arm embedded/bin/../lib/gcc/arm-none-eabi/12.2.0/thumb/v7e-m+fp/hard\libc_nano.a(libc_a-memcpy-stub.o)

Memory Configuration

Name             Origin             Length             Attributes
flash            0x08000000         0x00200000         xr
sram             0x20000000         0x00030000         xrw
*default*        0x00000000         0xffffffff

Linker script and memory map

LOAD C:\Users\Alex\AppData\Local\Temp\ccA20Qx2.o
LOAD c:/program files (x86)/gnu tools arm embedded/bin/../lib/gcc/arm-none-eabi/12.2.0/thumb/v7e-m+fp/hard\libc_nano.a
LOAD c:/program files (x86)/gnu tools arm embedded/bin/../lib/gcc/arm-none-eabi/12.2.0/thumb/v7e-m+fp/hard\libgcc.a
                0x20030000                        _estack = (ORIGIN (sram) + LENGTH (sram))

.vectors        0x08000000      0x1bc
 *(.vectors)
 .vectors       0x08000000      0x1bc C:\Users\Alex\AppData\Local\Temp\ccA20Qx2.o
                0x08000000                tab

.text           0x080001bc      0x1f8
 *(.text*)
 .text.gpio_set_mode
                0x080001bc       0x34 C:\Users\Alex\AppData\Local\Temp\ccA20Qx2.o
 .text.gpio_set_af
                0x080001f0       0x2e C:\Users\Alex\AppData\Local\Temp\ccA20Qx2.o
 *fill*         0x0800021e        0x2 
 .text.SysTick_Handler
                0x08000220       0x10 C:\Users\Alex\AppData\Local\Temp\ccA20Qx2.o
                0x08000220                SysTick_Handler
 .text.timer_expired
                0x08000230       0x26 C:\Users\Alex\AppData\Local\Temp\ccA20Qx2.o
                0x08000230                timer_expired
 *fill*         0x08000256        0x2 
 .text.startup.main
                0x08000258       0xe4 C:\Users\Alex\AppData\Local\Temp\ccA20Qx2.o
                0x08000258                main
 .text._reset   0x0800033c       0x4c C:\Users\Alex\AppData\Local\Temp\ccA20Qx2.o
                0x0800033c                _reset
 .text.memset   0x08000388       0x10 c:/program files (x86)/gnu tools arm embedded/bin/../lib/gcc/arm-none-eabi/12.2.0/thumb/v7e-m+fp/hard\libc_nano.a(libc_a-memset.o)
                0x08000388                memset
 .text.memcpy   0x08000398       0x1c c:/program files (x86)/gnu tools arm embedded/bin/../lib/gcc/arm-none-eabi/12.2.0/thumb/v7e-m+fp/hard\libc_nano.a(libc_a-memcpy-stub.o)
                0x08000398                memcpy

.glue_7         0x080003b4        0x0
 .glue_7        0x080003b4        0x0 linker stubs

.glue_7t        0x080003b4        0x0
 .glue_7t       0x080003b4        0x0 linker stubs

.vfp11_veneer   0x080003b4        0x0
 .vfp11_veneer  0x080003b4        0x0 linker stubs

.v4_bx          0x080003b4        0x0
 .v4_bx         0x080003b4        0x0 linker stubs

.iplt           0x080003b4        0x0
 .iplt          0x080003b4        0x0 C:\Users\Alex\AppData\Local\Temp\ccA20Qx2.o

.rodata         0x080003b4        0x5
 *(.rodata*)
 .rodata.main.str1.1
                0x080003b4        0x5 C:\Users\Alex\AppData\Local\Temp\ccA20Qx2.o

.rel.dyn        0x080003bc        0x0
 .rel.iplt      0x080003bc        0x0 C:\Users\Alex\AppData\Local\Temp\ccA20Qx2.o

.data           0x20000000        0x0 load address 0x080003b9
                0x20000000                        _sdata = .
 *(.first_data)
 *(.data SORT_BY_NAME(.data.*))
                0x20000000                        _edata = .
                0x080003b9                        _sidata = LOADADDR (.data)

.igot.plt       0x20000000        0x0 load address 0x080003b9
 .igot.plt      0x20000000        0x0 C:\Users\Alex\AppData\Local\Temp\ccA20Qx2.o

.bss            0x20000000        0x8 load address 0x080003b9
                0x20000000                        _sbss = .
 *(.bss SORT_BY_NAME(.bss.*) COMMON)
 .bss.on.0      0x20000000        0x1 C:\Users\Alex\AppData\Local\Temp\ccA20Qx2.o
 *fill*         0x20000001        0x3 
 .bss.s_ticks   0x20000004        0x4 C:\Users\Alex\AppData\Local\Temp\ccA20Qx2.o
                0x20000008                        _ebss = .
                0x20000008                        . = ALIGN (0x8)
                0x20000008                        _end = .
OUTPUT(firmware.elf elf32-littlearm)
LOAD linker stubs

.debug_info     0x00000000      0xd07
 .debug_info    0x00000000      0xb06 C:\Users\Alex\AppData\Local\Temp\ccA20Qx2.o
 .debug_info    0x00000b06       0xe0 c:/program files (x86)/gnu tools arm embedded/bin/../lib/gcc/arm-none-eabi/12.2.0/thumb/v7e-m+fp/hard\libc_nano.a(libc_a-memset.o)
 .debug_info    0x00000be6      0x121 c:/program files (x86)/gnu tools arm embedded/bin/../lib/gcc/arm-none-eabi/12.2.0/thumb/v7e-m+fp/hard\libc_nano.a(libc_a-memcpy-stub.o)

.debug_abbrev   0x00000000      0x49f
 .debug_abbrev  0x00000000      0x340 C:\Users\Alex\AppData\Local\Temp\ccA20Qx2.o
 .debug_abbrev  0x00000340       0x9e c:/program files (x86)/gnu tools arm embedded/bin/../lib/gcc/arm-none-eabi/12.2.0/thumb/v7e-m+fp/hard\libc_nano.a(libc_a-memset.o)
 .debug_abbrev  0x000003de       0xc1 c:/program files (x86)/gnu tools arm embedded/bin/../lib/gcc/arm-none-eabi/12.2.0/thumb/v7e-m+fp/hard\libc_nano.a(libc_a-memcpy-stub.o)

.debug_loclists
                0x00000000      0x349
 .debug_loclists
                0x00000000      0x273 C:\Users\Alex\AppData\Local\Temp\ccA20Qx2.o
 .debug_loclists
                0x00000273       0x47 c:/program files (x86)/gnu tools arm embedded/bin/../lib/gcc/arm-none-eabi/12.2.0/thumb/v7e-m+fp/hard\libc_nano.a(libc_a-memset.o)
 .debug_loclists
                0x000002ba       0x8f c:/program files (x86)/gnu tools arm embedded/bin/../lib/gcc/arm-none-eabi/12.2.0/thumb/v7e-m+fp/hard\libc_nano.a(libc_a-memcpy-stub.o)

.debug_aranges  0x00000000       0x88
 .debug_aranges
                0x00000000       0x48 C:\Users\Alex\AppData\Local\Temp\ccA20Qx2.o
 .debug_aranges
                0x00000048       0x20 c:/program files (x86)/gnu tools arm embedded/bin/../lib/gcc/arm-none-eabi/12.2.0/thumb/v7e-m+fp/hard\libc_nano.a(libc_a-memset.o)
 .debug_aranges
                0x00000068       0x20 c:/program files (x86)/gnu tools arm embedded/bin/../lib/gcc/arm-none-eabi/12.2.0/thumb/v7e-m+fp/hard\libc_nano.a(libc_a-memcpy-stub.o)

.debug_rnglists
                0x00000000       0x94
 .debug_rnglists
                0x00000000       0x6e C:\Users\Alex\AppData\Local\Temp\ccA20Qx2.o
 .debug_rnglists
                0x0000006e       0x13 c:/program files (x86)/gnu tools arm embedded/bin/../lib/gcc/arm-none-eabi/12.2.0/thumb/v7e-m+fp/hard\libc_nano.a(libc_a-memset.o)
 .debug_rnglists
                0x00000081       0x13 c:/program files (x86)/gnu tools arm embedded/bin/../lib/gcc/arm-none-eabi/12.2.0/thumb/v7e-m+fp/hard\libc_nano.a(libc_a-memcpy-stub.o)

.debug_line     0x00000000      0x79d
 .debug_line    0x00000000      0x3f4 C:\Users\Alex\AppData\Local\Temp\ccA20Qx2.o
 .debug_line    0x000003f4      0x18e c:/program files (x86)/gnu tools arm embedded/bin/../lib/gcc/arm-none-eabi/12.2.0/thumb/v7e-m+fp/hard\libc_nano.a(libc_a-memset.o)
 .debug_line    0x00000582      0x21b c:/program files (x86)/gnu tools arm embedded/bin/../lib/gcc/arm-none-eabi/12.2.0/thumb/v7e-m+fp/hard\libc_nano.a(libc_a-memcpy-stub.o)

.debug_str      0x00000000      0x6bd
 .debug_str     0x00000000      0x4cc C:\Users\Alex\AppData\Local\Temp\ccA20Qx2.o
                                0x547 (size before relaxing)
 .debug_str     0x000004cc      0x170 c:/program files (x86)/gnu tools arm embedded/bin/../lib/gcc/arm-none-eabi/12.2.0/thumb/v7e-m+fp/hard\libc_nano.a(libc_a-memset.o)
                                0x213 (size before relaxing)
 .debug_str     0x0000063c       0x81 c:/program files (x86)/gnu tools arm embedded/bin/../lib/gcc/arm-none-eabi/12.2.0/thumb/v7e-m+fp/hard\libc_nano.a(libc_a-memcpy-stub.o)
                                0x231 (size before relaxing)

.comment        0x00000000       0x4c
 .comment       0x00000000       0x4c C:\Users\Alex\AppData\Local\Temp\ccA20Qx2.o
                                 0x4d (size before relaxing)
 .comment       0x0000004c       0x4d c:/program files (x86)/gnu tools arm embedded/bin/../lib/gcc/arm-none-eabi/12.2.0/thumb/v7e-m+fp/hard\libc_nano.a(libc_a-memset.o)
 .comment       0x0000004c       0x4d c:/program files (x86)/gnu tools arm embedded/bin/../lib/gcc/arm-none-eabi/12.2.0/thumb/v7e-m+fp/hard\libc_nano.a(libc_a-memcpy-stub.o)

.ARM.attributes
                0x00000000       0x34
 .ARM.attributes
                0x00000000       0x34 C:\Users\Alex\AppData\Local\Temp\ccA20Qx2.o
 .ARM.attributes
                0x00000034       0x34 c:/program files (x86)/gnu tools arm embedded/bin/../lib/gcc/arm-none-eabi/12.2.0/thumb/v7e-m+fp/hard\libc_nano.a(libc_a-memset.o)
 .ARM.attributes
                0x00000068       0x34 c:/program files (x86)/gnu tools arm embedded/bin/../lib/gcc/arm-none-eabi/12.2.0/thumb/v7e-m+fp/hard\libc_nano.a(libc_a-memcpy-stub.o)

.debug_frame    0x00000000       0xe4
 .debug_frame   0x00000000       0x9c C:\Users\Alex\AppData\Local\Temp\ccA20Qx2.o
 .debug_frame   0x0000009c       0x20 c:/program files (x86)/gnu tools arm embedded/bin/../lib/gcc/arm-none-eabi/12.2.0/thumb/v7e-m+fp/hard\libc_nano.a(libc_a-memset.o)
 .debug_frame   0x000000bc       0x28 c:/program files (x86)/gnu tools arm embedded/bin/../lib/gcc/arm-none-eabi/12.2.0/thumb/v7e-m+fp/hard\libc_nano.a(libc_a-memcpy-stub.o)
